/Users/11164591/Library/Python/3.9/lib/python/site-packages/urllib3/__init__.py:35: NotOpenSSLWarning: urllib3 v2 only supports OpenSSL 1.1.1+, currently the 'ssl' module is compiled with 'LibreSSL 2.8.3'. See: https://github.com/urllib3/urllib3/issues/3020
  warnings.warn(
[77670:MainThread](2026-07-31 20:53:23,612) INFO - qlib.Initialization - [config.py:473] - default_conf: client.
[77670:MainThread](2026-07-31 20:53:24,975) INFO - qlib.Initialization - [__init__.py:82] - qlib successfully initialized based on client settings.
[77670:MainThread](2026-07-31 20:53:24,976) INFO - qlib.Initialization - [__init__.py:84] - data_path={'__DEFAULT_FREQ': PosixPath('/Users/11164591/.qlib/qlib_data/cn_data_fixed')}
[CHECK] 交易日历: 2014-01-02 ~ 2026-07-23 (3019天)
[WARN] 行情数据止于 2026-07-23, 距今 8 天 —— 数据陈旧!
       请先更新 qlib 数据并重跑 fix_qlib_seam.py, 否则信号基于过期价格。
[WARN] 信号日 2026-07-23 不是 2026-07 的最后交易日 (该月末≈2026-07-31) —— 策略口径是月末调仓, 非月末执行会偏离回测。
       确认这是补跑/试算再继续。
[CHECK] fcf_pit: (93640, 6), 5454只, 1996~2025 | profit_pit: (55675, 4), 5448只, 1998~2025

==========================================================================
[monthly_signal] 信号日 2026-07-23 | 池 303 只 | 资金 50,000 元
==========================================================================
[model] Linear W2026 冻结于 2026-07-31 20:45:23 | 1 种子 | config_hash=4a3e9640d387df49 | git=c50a7f1b
/Users/11164591/Library/Python/3.9/lib/python/site-packages/urllib3/__init__.py:35: NotOpenSSLWarning: urllib3 v2 only supports OpenSSL 1.1.1+, currently the 'ssl' module is compiled with 'LibreSSL 2.8.3'. See: https://github.com/urllib3/urllib3/issues/3020
  warnings.warn(
/Users/11164591/Library/Python/3.9/lib/python/site-packages/urllib3/__init__.py:35: NotOpenSSLWarning: urllib3 v2 only supports OpenSSL 1.1.1+, currently the 'ssl' module is compiled with 'LibreSSL 2.8.3'. See: https://github.com/urllib3/urllib3/issues/3020
  warnings.warn(
/Users/11164591/Library/Python/3.9/lib/python/site-packages/urllib3/__init__.py:35: NotOpenSSLWarning: urllib3 v2 only supports OpenSSL 1.1.1+, currently the 'ssl' module is compiled with 'LibreSSL 2.8.3'. See: https://github.com/urllib3/urllib3/issues/3020
  warnings.warn(
/Users/11164591/Library/Python/3.9/lib/python/site-packages/urllib3/__init__.py:35: NotOpenSSLWarning: urllib3 v2 only supports OpenSSL 1.1.1+, currently the 'ssl' module is compiled with 'LibreSSL 2.8.3'. See: https://github.com/urllib3/urllib3/issues/3020
  warnings.warn(
/Users/11164591/Library/Python/3.9/lib/python/site-packages/urllib3/__init__.py:35: NotOpenSSLWarning: urllib3 v2 only supports OpenSSL 1.1.1+, currently the 'ssl' module is compiled with 'LibreSSL 2.8.3'. See: https://github.com/urllib3/urllib3/issues/3020
  warnings.warn(
/Users/11164591/Library/Python/3.9/lib/python/site-packages/urllib3/__init__.py:35: NotOpenSSLWarning: urllib3 v2 only supports OpenSSL 1.1.1+, currently the 'ssl' module is compiled with 'LibreSSL 2.8.3'. See: https://github.com/urllib3/urllib3/issues/3020
  warnings.warn(
/Users/11164591/Library/Python/3.9/lib/python/site-packages/urllib3/__init__.py:35: NotOpenSSLWarning: urllib3 v2 only supports OpenSSL 1.1.1+, currently the 'ssl' module is compiled with 'LibreSSL 2.8.3'. See: https://github.com/urllib3/urllib3/issues/3020
  warnings.warn(
/Users/11164591/Library/Python/3.9/lib/python/site-packages/urllib3/__init__.py:35: NotOpenSSLWarning: urllib3 v2 only supports OpenSSL 1.1.1+, currently the 'ssl' module is compiled with 'LibreSSL 2.8.3'. See: https://github.com/urllib3/urllib3/issues/3020
  warnings.warn(
/Users/11164591/Library/Python/3.9/lib/python/site-packages/urllib3/__init__.py:35: NotOpenSSLWarning: urllib3 v2 only supports OpenSSL 1.1.1+, currently the 'ssl' module is compiled with 'LibreSSL 2.8.3'. See: https://github.com/urllib3/urllib3/issues/3020
  warnings.warn(
/Users/11164591/Library/Python/3.9/lib/python/site-packages/urllib3/__init__.py:35: NotOpenSSLWarning: urllib3 v2 only supports OpenSSL 1.1.1+, currently the 'ssl' module is compiled with 'LibreSSL 2.8.3'. See: https://github.com/urllib3/urllib3/issues/3020
  warnings.warn(
/Users/11164591/Library/Python/3.9/lib/python/site-packages/urllib3/__init__.py:35: NotOpenSSLWarning: urllib3 v2 only supports OpenSSL 1.1.1+, currently the 'ssl' module is compiled with 'LibreSSL 2.8.3'. See: https://github.com/urllib3/urllib3/issues/3020
  warnings.warn(
/Users/11164591/Library/Python/3.9/lib/python/site-packages/urllib3/__init__.py:35: NotOpenSSLWarning: urllib3 v2 only supports OpenSSL 1.1.1+, currently the 'ssl' module is compiled with 'LibreSSL 2.8.3'. See: https://github.com/urllib3/urllib3/issues/3020
  warnings.warn(
[77670:MainThread](2026-07-31 20:54:24,133) INFO - qlib.timer - [log.py:127] - Time cost: 49.635s | Loading data Done
[77670:MainThread](2026-07-31 20:54:29,761) INFO - qlib.timer - [log.py:127] - Time cost: 5.289s | RobustZScoreNorm Done
[77670:MainThread](2026-07-31 20:54:30,720) INFO - qlib.timer - [log.py:127] - Time cost: 0.940s | Fillna Done
[77670:MainThread](2026-07-31 20:54:31,279) INFO - qlib.timer - [log.py:127] - Time cost: 0.232s | DropnaLabel Done
[77670:MainThread](2026-07-31 20:54:33,859) INFO - qlib.timer - [log.py:127] - Time cost: 2.579s | CSZScoreNorm Done
[77670:MainThread](2026-07-31 20:54:33,867) INFO - qlib.timer - [log.py:127] - Time cost: 9.732s | fit & process data Done
[77670:MainThread](2026-07-31 20:54:33,869) INFO - qlib.timer - [log.py:127] - Time cost: 59.373s | Init data Done
/Users/11164591/Library/Python/3.9/lib/python/site-packages/urllib3/__init__.py:35: NotOpenSSLWarning: urllib3 v2 only supports OpenSSL 1.1.1+, currently the 'ssl' module is compiled with 'LibreSSL 2.8.3'. See: https://github.com/urllib3/urllib3/issues/3020
  warnings.warn(
/Users/11164591/Library/Python/3.9/lib/python/site-packages/urllib3/__init__.py:35: NotOpenSSLWarning: urllib3 v2 only supports OpenSSL 1.1.1+, currently the 'ssl' module is compiled with 'LibreSSL 2.8.3'. See: https://github.com/urllib3/urllib3/issues/3020
  warnings.warn(
/Users/11164591/Library/Python/3.9/lib/python/site-packages/urllib3/__init__.py:35: NotOpenSSLWarning: urllib3 v2 only supports OpenSSL 1.1.1+, currently the 'ssl' module is compiled with 'LibreSSL 2.8.3'. See: https://github.com/urllib3/urllib3/issues/3020
  warnings.warn(
/Users/11164591/Library/Python/3.9/lib/python/site-packages/urllib3/__init__.py:35: NotOpenSSLWarning: urllib3 v2 only supports OpenSSL 1.1.1+, currently the 'ssl' module is compiled with 'LibreSSL 2.8.3'. See: https://github.com/urllib3/urllib3/issues/3020
  warnings.warn(
/Users/11164591/Library/Python/3.9/lib/python/site-packages/urllib3/__init__.py:35: NotOpenSSLWarning: urllib3 v2 only supports OpenSSL 1.1.1+, currently the 'ssl' module is compiled with 'LibreSSL 2.8.3'. See: https://github.com/urllib3/urllib3/issues/3020
  warnings.warn(
/Users/11164591/Library/Python/3.9/lib/python/site-packages/urllib3/__init__.py:35: NotOpenSSLWarning: urllib3 v2 only supports OpenSSL 1.1.1+, currently the 'ssl' module is compiled with 'LibreSSL 2.8.3'. See: https://github.com/urllib3/urllib3/issues/3020
  warnings.warn(
    [流动性] 中位数20日均成交额=1.25亿, 一字涨停3条, 停牌14条
[cand] 可交易候选 300 只 (已过滤一字涨停/停牌/流动性<2000万)
[CHECK] 估值缓存: 2079日 × 472股, 2018-01-02~2026-07-29
/Users/11164591/Library/Python/3.9/lib/python/site-packages/urllib3/__init__.py:35: NotOpenSSLWarning: urllib3 v2 only supports OpenSSL 1.1.1+, currently the 'ssl' module is compiled with 'LibreSSL 2.8.3'. See: https://github.com/urllib3/urllib3/issues/3020
  warnings.warn(
/Users/11164591/Library/Python/3.9/lib/python/site-packages/urllib3/__init__.py:35: NotOpenSSLWarning: urllib3 v2 only supports OpenSSL 1.1.1+, currently the 'ssl' module is compiled with 'LibreSSL 2.8.3'. See: https://github.com/urllib3/urllib3/issues/3020
  warnings.warn(
/Users/11164591/Library/Python/3.9/lib/python/site-packages/urllib3/__init__.py:35: NotOpenSSLWarning: urllib3 v2 only supports OpenSSL 1.1.1+, currently the 'ssl' module is compiled with 'LibreSSL 2.8.3'. See: https://github.com/urllib3/urllib3/issues/3020
  warnings.warn(
/Users/11164591/Library/Python/3.9/lib/python/site-packages/urllib3/__init__.py:35: NotOpenSSLWarning: urllib3 v2 only supports OpenSSL 1.1.1+, currently the 'ssl' module is compiled with 'LibreSSL 2.8.3'. See: https://github.com/urllib3/urllib3/issues/3020
  warnings.warn(
/Users/11164591/Library/Python/3.9/lib/python/site-packages/urllib3/__init__.py:35: NotOpenSSLWarning: urllib3 v2 only supports OpenSSL 1.1.1+, currently the 'ssl' module is compiled with 'LibreSSL 2.8.3'. See: https://github.com/urllib3/urllib3/issues/3020
  warnings.warn(
/Users/11164591/Library/Python/3.9/lib/python/site-packages/urllib3/__init__.py:35: NotOpenSSLWarning: urllib3 v2 only supports OpenSSL 1.1.1+, currently the 'ssl' module is compiled with 'LibreSSL 2.8.3'. See: https://github.com/urllib3/urllib3/issues/3020
  warnings.warn(

【一、下单清单】信号日 2026-07-23 收盘价计价, 次一交易日收盘执行
      代码   名称   腿    价格  手数   股数       金额   占比
SZ000681 视觉中国  DE 16.26   3  300 4,878.00 9.8%
SZ300019 硅宝科技  DE 14.06   3  300 4,218.00 8.4%
SH600729 重百集团 V20 20.07   2  200 4,014.00 8.0%
SZ000910 大亚圣象  DE  4.97   8  800 3,976.00 8.0%
SH605089  味知香  DE 17.45   2  200 3,490.00 7.0%
SZ002017 东信和平  DE  6.73   5  500 3,363.06 6.7%
SH601601 中国太保 V20 32.81   1  100 3,281.00 6.6%
SH600269 赣粤高速 V20  6.53   5  500 3,266.71 6.5%
SH601156 东航物流 V20 16.23   2  200 3,246.00 6.5%
SH601717 中创智领 V20 15.71   2  200 3,142.00 6.3%
SH600035 楚天高速 V20  2.59  11 1100 2,850.85 5.7%
SH600717  天津港 V20  4.65   6  600 2,791.16 5.6%
SH600987 航民股份 V20  8.91   3  300 2,672.11 5.3%
SZ000719 中原传媒 V20 12.30   2  200 2,460.00 4.9%
SH600741 华域汽车 V20 20.91   1  100 2,091.31 4.2%

【二、资金使用】
  总资金 50,000 | 实投 49,740 (99.5%) | 现金余 260 (0.5%)
  DE 腿: 实投 19,925 / 目标 20,000 (99.6%)
  V20 腿: 实投 29,815 / 目标 30,000 (99.4%)
  持仓 15 只 (下单 15 笔, 重合已合并) | 等权最大偏离 33.8%
  跳过 1 项:
    - [V20] 中国平安: 一手5430元 > 目标3000×1.5
  [WARN] 5 笔金额 <3000 元, 佣金占比偏高 (务必用免5佣金券商)

【三、调仓指令】(vs 当前持仓)
Empty DataFrame
Columns: [代码, 名称, 操作, 现持, 目标, 增减]
Index: []
  换手率 0.0% | 成交额 0 | 预估摩擦 0 元

[archive] 已存档 → live/signals/2026-07-23/ (orders.csv / rebalance.csv / meta.json / positions_after.json)
[next] 下月运行时加: --held live/signals/2026-07-23/positions_after.json
