[50038:MainThread](2026-07-31 11:03:42,454) INFO - qlib.Initialization - [config.py:473] - default_conf: client.
[50038:MainThread](2026-07-31 11:03:42,787) INFO - qlib.Initialization - [__init__.py:82] - qlib successfully initialized based on client settings.
[50038:MainThread](2026-07-31 11:03:42,787) INFO - qlib.Initialization - [__init__.py:84] - data_path={'__DEFAULT_FREQ': PosixPath('/Users/11164591/.qlib/qlib_data/cn_data_fixed')}
[CHECK] fcf_pit: (93640, 6), 5454只, 1996~2025 | profit_pit: (55675, 4), 5448只, 1998~2025
[CHECK] 交易日历: 2014-01-02 ~ 2026-07-23 (3019天)
[CHECK] 估值缓存: 2079日 × 472股, 2018-01-02~2026-07-29

======================================================================
[Phase B W2020] 池137只 | train('2015-01-01', '2018-12-31') valid('2019-01-01', '2019-11-30')(embargo) 信号2019-12-01~2020-11-30
======================================================================
    [流动性] 中位数20日均成交额=6.50亿, 一字涨停36条, 停牌34条
[50038:MainThread](2026-07-31 11:04:06,617) INFO - qlib.timer - [log.py:127] - Time cost: 13.236s | Loading data Done
[50038:MainThread](2026-07-31 11:04:07,699) INFO - qlib.timer - [log.py:127] - Time cost: 0.997s | RobustZScoreNorm Done
[50038:MainThread](2026-07-31 11:04:07,844) INFO - qlib.timer - [log.py:127] - Time cost: 0.144s | Fillna Done
[50038:MainThread](2026-07-31 11:04:07,959) INFO - qlib.timer - [log.py:127] - Time cost: 0.036s | DropnaLabel Done
[50038:MainThread](2026-07-31 11:04:08,530) INFO - qlib.timer - [log.py:127] - Time cost: 0.570s | CSZScoreNorm Done
[50038:MainThread](2026-07-31 11:04:08,532) INFO - qlib.timer - [log.py:127] - Time cost: 1.915s | fit & process data Done
[50038:MainThread](2026-07-31 11:04:08,532) INFO - qlib.timer - [log.py:127] - Time cost: 15.152s | Init data Done
    [GATs] 注入特征维度 = 172
[50038:MainThread](2026-07-31 11:04:10,243) INFO - qlib.GATs - [pytorch_gats_ts.py:82] - GATs pytorch version...
[50038:MainThread](2026-07-31 11:04:10,244) INFO - qlib.GATs - [pytorch_gats_ts.py:101] - GATs parameters setting:
d_feat : 172
hidden_size : 64
num_layers : 2
dropout : 0.7
n_epochs : 200
lr : 0.0001
metric : loss
early_stop : 10
optimizer : adam
loss_type : mse
base_model : LSTM
model_path : None
visible_GPU : -1
use_GPU : False
seed : None
[50038:MainThread](2026-07-31 11:04:10,251) INFO - qlib.GATs - [pytorch_gats_ts.py:147] - model:
GATModel(
  (rnn): LSTM(172, 64, num_layers=2, batch_first=True, dropout=0.7)
  (transformation): Linear(in_features=64, out_features=64, bias=True)
  (fc): Linear(in_features=64, out_features=64, bias=True)
  (fc_out): Linear(in_features=64, out_features=1, bias=True)
  (leaky_relu): LeakyReLU(negative_slope=0.01)
  (softmax): Softmax(dim=1)
)
[50038:MainThread](2026-07-31 11:04:10,251) INFO - qlib.GATs - [pytorch_gats_ts.py:148] - model size: 0.0980 MB
[50038:MainThread](2026-07-31 11:04:11,536) INFO - qlib.GATs - [pytorch_gats_ts.py:280] - Loading pretrained model Done...
[50038:MainThread](2026-07-31 11:04:11,537) INFO - qlib.GATs - [pytorch_gats_ts.py:283] - training...
[50038:MainThread](2026-07-31 11:04:11,537) INFO - qlib.GATs - [pytorch_gats_ts.py:287] - Epoch0:
[50038:MainThread](2026-07-31 11:04:11,538) INFO - qlib.GATs - [pytorch_gats_ts.py:288] - training...
[50038:MainThread](2026-07-31 11:05:16,266) INFO - qlib.GATs - [pytorch_gats_ts.py:290] - evaluating...
[50038:MainThread](2026-07-31 11:06:33,831) INFO - qlib.GATs - [pytorch_gats_ts.py:293] - train -0.938798, valid -1.022144
[50038:MainThread](2026-07-31 11:06:33,835) INFO - qlib.GATs - [pytorch_gats_ts.py:287] - Epoch1:
[50038:MainThread](2026-07-31 11:06:33,836) INFO - qlib.GATs - [pytorch_gats_ts.py:288] - training...
[50038:MainThread](2026-07-31 11:07:39,244) INFO - qlib.GATs - [pytorch_gats_ts.py:290] - evaluating...
[50038:MainThread](2026-07-31 11:09:09,824) INFO - qlib.GATs - [pytorch_gats_ts.py:293] - train -0.913514, valid -1.025592
[50038:MainThread](2026-07-31 11:09:09,825) INFO - qlib.GATs - [pytorch_gats_ts.py:287] - Epoch2:
[50038:MainThread](2026-07-31 11:09:09,825) INFO - qlib.GATs - [pytorch_gats_ts.py:288] - training...
[50038:MainThread](2026-07-31 11:10:23,950) INFO - qlib.GATs - [pytorch_gats_ts.py:290] - evaluating...
[50038:MainThread](2026-07-31 11:11:53,270) INFO - qlib.GATs - [pytorch_gats_ts.py:293] - train -0.876201, valid -1.019605
[50038:MainThread](2026-07-31 11:11:53,278) INFO - qlib.GATs - [pytorch_gats_ts.py:287] - Epoch3:
[50038:MainThread](2026-07-31 11:11:53,281) INFO - qlib.GATs - [pytorch_gats_ts.py:288] - training...
[50038:MainThread](2026-07-31 11:12:49,810) INFO - qlib.GATs - [pytorch_gats_ts.py:290] - evaluating...
[50038:MainThread](2026-07-31 11:14:20,105) INFO - qlib.GATs - [pytorch_gats_ts.py:293] - train -0.845122, valid -1.016434
[50038:MainThread](2026-07-31 11:14:20,108) INFO - qlib.GATs - [pytorch_gats_ts.py:287] - Epoch4:
[50038:MainThread](2026-07-31 11:14:20,108) INFO - qlib.GATs - [pytorch_gats_ts.py:288] - training...
[50038:MainThread](2026-07-31 11:15:23,262) INFO - qlib.GATs - [pytorch_gats_ts.py:290] - evaluating...
[50038:MainThread](2026-07-31 11:16:38,635) INFO - qlib.GATs - [pytorch_gats_ts.py:293] - train -0.818497, valid -1.002252
[50038:MainThread](2026-07-31 11:16:38,638) INFO - qlib.GATs - [pytorch_gats_ts.py:287] - Epoch5:
[50038:MainThread](2026-07-31 11:16:38,638) INFO - qlib.GATs - [pytorch_gats_ts.py:288] - training...
[50038:MainThread](2026-07-31 11:17:36,878) INFO - qlib.GATs - [pytorch_gats_ts.py:290] - evaluating...
[50038:MainThread](2026-07-31 11:19:01,763) INFO - qlib.GATs - [pytorch_gats_ts.py:293] - train -0.791889, valid -0.998101
[50038:MainThread](2026-07-31 11:19:01,767) INFO - qlib.GATs - [pytorch_gats_ts.py:287] - Epoch6:
[50038:MainThread](2026-07-31 11:19:01,767) INFO - qlib.GATs - [pytorch_gats_ts.py:288] - training...
[50038:MainThread](2026-07-31 11:19:59,585) INFO - qlib.GATs - [pytorch_gats_ts.py:290] - evaluating...
[50038:MainThread](2026-07-31 11:21:19,863) INFO - qlib.GATs - [pytorch_gats_ts.py:293] - train -0.785431, valid -0.985156
[50038:MainThread](2026-07-31 11:21:19,869) INFO - qlib.GATs - [pytorch_gats_ts.py:287] - Epoch7:
[50038:MainThread](2026-07-31 11:21:19,871) INFO - qlib.GATs - [pytorch_gats_ts.py:288] - training...
[50038:MainThread](2026-07-31 11:22:39,801) INFO - qlib.GATs - [pytorch_gats_ts.py:290] - evaluating...
[50038:MainThread](2026-07-31 11:24:07,663) INFO - qlib.GATs - [pytorch_gats_ts.py:293] - train -0.771118, valid -0.986024
[50038:MainThread](2026-07-31 11:24:07,664) INFO - qlib.GATs - [pytorch_gats_ts.py:287] - Epoch8:
[50038:MainThread](2026-07-31 11:24:07,666) INFO - qlib.GATs - [pytorch_gats_ts.py:288] - training...
[50038:MainThread](2026-07-31 11:25:28,445) INFO - qlib.GATs - [pytorch_gats_ts.py:290] - evaluating...
[50038:MainThread](2026-07-31 11:27:04,382) INFO - qlib.GATs - [pytorch_gats_ts.py:293] - train -0.749483, valid -0.996280
[50038:MainThread](2026-07-31 11:27:04,384) INFO - qlib.GATs - [pytorch_gats_ts.py:287] - Epoch9:
[50038:MainThread](2026-07-31 11:27:04,385) INFO - qlib.GATs - [pytorch_gats_ts.py:288] - training...
[50038:MainThread](2026-07-31 11:28:28,710) INFO - qlib.GATs - [pytorch_gats_ts.py:290] - evaluating...
[50038:MainThread](2026-07-31 11:30:17,539) INFO - qlib.GATs - [pytorch_gats_ts.py:293] - train -0.761609, valid -1.005532
[50038:MainThread](2026-07-31 11:30:17,540) INFO - qlib.GATs - [pytorch_gats_ts.py:287] - Epoch10:
[50038:MainThread](2026-07-31 11:30:17,545) INFO - qlib.GATs - [pytorch_gats_ts.py:288] - training...
[50038:MainThread](2026-07-31 11:31:51,129) INFO - qlib.GATs - [pytorch_gats_ts.py:290] - evaluating...
[50038:MainThread](2026-07-31 11:33:52,089) INFO - qlib.GATs - [pytorch_gats_ts.py:293] - train -0.739576, valid -1.021972
[50038:MainThread](2026-07-31 11:33:52,090) INFO - qlib.GATs - [pytorch_gats_ts.py:287] - Epoch11:
[50038:MainThread](2026-07-31 11:33:52,091) INFO - qlib.GATs - [pytorch_gats_ts.py:288] - training...
[50038:MainThread](2026-07-31 11:35:06,946) INFO - qlib.GATs - [pytorch_gats_ts.py:290] - evaluating...
[50038:MainThread](2026-07-31 11:36:27,137) INFO - qlib.GATs - [pytorch_gats_ts.py:293] - train -0.721312, valid -1.017292
[50038:MainThread](2026-07-31 11:36:27,138) INFO - qlib.GATs - [pytorch_gats_ts.py:287] - Epoch12:
[50038:MainThread](2026-07-31 11:36:27,138) INFO - qlib.GATs - [pytorch_gats_ts.py:288] - training...
[50038:MainThread](2026-07-31 11:37:15,916) INFO - qlib.GATs - [pytorch_gats_ts.py:290] - evaluating...
[50038:MainThread](2026-07-31 11:38:28,171) INFO - qlib.GATs - [pytorch_gats_ts.py:293] - train -0.698465, valid -1.005191
[50038:MainThread](2026-07-31 11:38:28,173) INFO - qlib.GATs - [pytorch_gats_ts.py:287] - Epoch13:
[50038:MainThread](2026-07-31 11:38:28,174) INFO - qlib.GATs - [pytorch_gats_ts.py:288] - training...
[50038:MainThread](2026-07-31 11:39:22,159) INFO - qlib.GATs - [pytorch_gats_ts.py:290] - evaluating...
[50038:MainThread](2026-07-31 11:40:39,256) INFO - qlib.GATs - [pytorch_gats_ts.py:293] - train -0.693926, valid -1.027751
[50038:MainThread](2026-07-31 11:40:39,257) INFO - qlib.GATs - [pytorch_gats_ts.py:287] - Epoch14:
[50038:MainThread](2026-07-31 11:40:39,258) INFO - qlib.GATs - [pytorch_gats_ts.py:288] - training...
[50038:MainThread](2026-07-31 11:41:30,692) INFO - qlib.GATs - [pytorch_gats_ts.py:290] - evaluating...
[50038:MainThread](2026-07-31 11:42:40,500) INFO - qlib.GATs - [pytorch_gats_ts.py:293] - train -0.683542, valid -1.069374
[50038:MainThread](2026-07-31 11:42:40,501) INFO - qlib.GATs - [pytorch_gats_ts.py:287] - Epoch15:
[50038:MainThread](2026-07-31 11:42:40,501) INFO - qlib.GATs - [pytorch_gats_ts.py:288] - training...
[50038:MainThread](2026-07-31 11:43:48,276) INFO - qlib.GATs - [pytorch_gats_ts.py:290] - evaluating...
[50038:MainThread](2026-07-31 11:45:04,235) INFO - qlib.GATs - [pytorch_gats_ts.py:293] - train -0.694363, valid -1.073988
[50038:MainThread](2026-07-31 11:45:04,236) INFO - qlib.GATs - [pytorch_gats_ts.py:287] - Epoch16:
[50038:MainThread](2026-07-31 11:45:04,237) INFO - qlib.GATs - [pytorch_gats_ts.py:288] - training...
[50038:MainThread](2026-07-31 11:45:56,686) INFO - qlib.GATs - [pytorch_gats_ts.py:290] - evaluating...
[50038:MainThread](2026-07-31 11:47:11,057) INFO - qlib.GATs - [pytorch_gats_ts.py:293] - train -0.696784, valid -1.159110
[50038:MainThread](2026-07-31 11:47:11,058) INFO - qlib.GATs - [pytorch_gats_ts.py:305] - early stop
[50038:MainThread](2026-07-31 11:47:11,059) INFO - qlib.GATs - [pytorch_gats_ts.py:308] - best score: -0.985156 @ 6

======================================================================
[Phase B W2021] 池168只 | train('2016-01-01', '2019-12-31') valid('2020-01-01', '2020-11-30')(embargo) 信号2020-12-01~2021-11-30
======================================================================
    [流动性] 中位数20日均成交额=1.10亿, 一字涨停11条, 停牌13条
[50038:MainThread](2026-07-31 11:48:13,079) INFO - qlib.timer - [log.py:127] - Time cost: 15.239s | Loading data Done
[50038:MainThread](2026-07-31 11:48:14,417) INFO - qlib.timer - [log.py:127] - Time cost: 1.253s | RobustZScoreNorm Done
[50038:MainThread](2026-07-31 11:48:14,643) INFO - qlib.timer - [log.py:127] - Time cost: 0.226s | Fillna Done
[50038:MainThread](2026-07-31 11:48:14,782) INFO - qlib.timer - [log.py:127] - Time cost: 0.057s | DropnaLabel Done
[50038:MainThread](2026-07-31 11:48:15,776) INFO - qlib.timer - [log.py:127] - Time cost: 0.993s | CSZScoreNorm Done
[50038:MainThread](2026-07-31 11:48:15,780) INFO - qlib.timer - [log.py:127] - Time cost: 2.700s | fit & process data Done
[50038:MainThread](2026-07-31 11:48:15,781) INFO - qlib.timer - [log.py:127] - Time cost: 17.942s | Init data Done
    [GATs] 注入特征维度 = 172
[50038:MainThread](2026-07-31 11:48:15,789) INFO - qlib.GATs - [pytorch_gats_ts.py:82] - GATs pytorch version...
[50038:MainThread](2026-07-31 11:48:15,789) INFO - qlib.GATs - [pytorch_gats_ts.py:101] - GATs parameters setting:
d_feat : 172
hidden_size : 64
num_layers : 2
dropout : 0.7
n_epochs : 200
lr : 0.0001
metric : loss
early_stop : 10
optimizer : adam
loss_type : mse
base_model : LSTM
model_path : None
visible_GPU : -1
use_GPU : False
seed : None
[50038:MainThread](2026-07-31 11:48:15,795) INFO - qlib.GATs - [pytorch_gats_ts.py:147] - model:
GATModel(
  (rnn): LSTM(172, 64, num_layers=2, batch_first=True, dropout=0.7)
  (transformation): Linear(in_features=64, out_features=64, bias=True)
  (fc): Linear(in_features=64, out_features=64, bias=True)
  (fc_out): Linear(in_features=64, out_features=1, bias=True)
  (leaky_relu): LeakyReLU(negative_slope=0.01)
  (softmax): Softmax(dim=1)
)
[50038:MainThread](2026-07-31 11:48:15,796) INFO - qlib.GATs - [pytorch_gats_ts.py:148] - model size: 0.0980 MB
[50038:MainThread](2026-07-31 11:48:16,649) INFO - qlib.GATs - [pytorch_gats_ts.py:280] - Loading pretrained model Done...
[50038:MainThread](2026-07-31 11:48:16,650) INFO - qlib.GATs - [pytorch_gats_ts.py:283] - training...
[50038:MainThread](2026-07-31 11:48:16,650) INFO - qlib.GATs - [pytorch_gats_ts.py:287] - Epoch0:
[50038:MainThread](2026-07-31 11:48:16,651) INFO - qlib.GATs - [pytorch_gats_ts.py:288] - training...
[50038:MainThread](2026-07-31 11:49:13,834) INFO - qlib.GATs - [pytorch_gats_ts.py:290] - evaluating...
[50038:MainThread](2026-07-31 11:50:31,237) INFO - qlib.GATs - [pytorch_gats_ts.py:293] - train -0.917965, valid -1.081142
[50038:MainThread](2026-07-31 11:50:31,242) INFO - qlib.GATs - [pytorch_gats_ts.py:287] - Epoch1:
[50038:MainThread](2026-07-31 11:50:31,243) INFO - qlib.GATs - [pytorch_gats_ts.py:288] - training...
[50038:MainThread](2026-07-31 11:51:22,203) INFO - qlib.GATs - [pytorch_gats_ts.py:290] - evaluating...
[50038:MainThread](2026-07-31 11:52:36,695) INFO - qlib.GATs - [pytorch_gats_ts.py:293] - train -0.894755, valid -1.117287
[50038:MainThread](2026-07-31 11:52:36,696) INFO - qlib.GATs - [pytorch_gats_ts.py:287] - Epoch2:
[50038:MainThread](2026-07-31 11:52:36,696) INFO - qlib.GATs - [pytorch_gats_ts.py:288] - training...
[50038:MainThread](2026-07-31 11:53:30,947) INFO - qlib.GATs - [pytorch_gats_ts.py:290] - evaluating...
[50038:MainThread](2026-07-31 11:54:40,406) INFO - qlib.GATs - [pytorch_gats_ts.py:293] - train -0.870075, valid -1.169758
[50038:MainThread](2026-07-31 11:54:40,409) INFO - qlib.GATs - [pytorch_gats_ts.py:287] - Epoch3:
[50038:MainThread](2026-07-31 11:54:40,409) INFO - qlib.GATs - [pytorch_gats_ts.py:288] - training...
[50038:MainThread](2026-07-31 11:55:33,180) INFO - qlib.GATs - [pytorch_gats_ts.py:290] - evaluating...
[50038:MainThread](2026-07-31 11:57:18,515) INFO - qlib.GATs - [pytorch_gats_ts.py:293] - train -0.837428, valid -1.121269
[50038:MainThread](2026-07-31 11:57:18,517) INFO - qlib.GATs - [pytorch_gats_ts.py:287] - Epoch4:
[50038:MainThread](2026-07-31 11:57:18,519) INFO - qlib.GATs - [pytorch_gats_ts.py:288] - training...
[50038:MainThread](2026-07-31 11:58:42,512) INFO - qlib.GATs - [pytorch_gats_ts.py:290] - evaluating...
[50038:MainThread](2026-07-31 12:00:11,675) INFO - qlib.GATs - [pytorch_gats_ts.py:293] - train -0.822180, valid -1.154770
[50038:MainThread](2026-07-31 12:00:11,676) INFO - qlib.GATs - [pytorch_gats_ts.py:287] - Epoch5:
[50038:MainThread](2026-07-31 12:00:11,677) INFO - qlib.GATs - [pytorch_gats_ts.py:288] - training...
[50038:MainThread](2026-07-31 12:01:23,709) INFO - qlib.GATs - [pytorch_gats_ts.py:290] - evaluating...
[50038:MainThread](2026-07-31 12:02:47,342) INFO - qlib.GATs - [pytorch_gats_ts.py:293] - train -0.795588, valid -1.092565
[50038:MainThread](2026-07-31 12:02:47,344) INFO - qlib.GATs - [pytorch_gats_ts.py:287] - Epoch6:
[50038:MainThread](2026-07-31 12:02:47,344) INFO - qlib.GATs - [pytorch_gats_ts.py:288] - training...
[50038:MainThread](2026-07-31 12:03:56,990) INFO - qlib.GATs - [pytorch_gats_ts.py:290] - evaluating...
[50038:MainThread](2026-07-31 12:05:15,487) INFO - qlib.GATs - [pytorch_gats_ts.py:293] - train -0.776872, valid -1.118429
[50038:MainThread](2026-07-31 12:05:15,487) INFO - qlib.GATs - [pytorch_gats_ts.py:287] - Epoch7:
[50038:MainThread](2026-07-31 12:05:15,488) INFO - qlib.GATs - [pytorch_gats_ts.py:288] - training...
[50038:MainThread](2026-07-31 12:06:15,062) INFO - qlib.GATs - [pytorch_gats_ts.py:290] - evaluating...
Python(80256) MallocStackLogging: can't turn off malloc stack logging because it was not enabled.
Python(80275) MallocStackLogging: can't turn off malloc stack logging because it was not enabled.
Python(80321) MallocStackLogging: can't turn off malloc stack logging because it was not enabled.
Python(80337) MallocStackLogging: can't turn off malloc stack logging because it was not enabled.
[50038:MainThread](2026-07-31 12:07:30,872) INFO - qlib.GATs - [pytorch_gats_ts.py:293] - train -0.766152, valid -1.084838
[50038:MainThread](2026-07-31 12:07:30,873) INFO - qlib.GATs - [pytorch_gats_ts.py:287] - Epoch8:
[50038:MainThread](2026-07-31 12:07:30,873) INFO - qlib.GATs - [pytorch_gats_ts.py:288] - training...
Python(80526) MallocStackLogging: can't turn off malloc stack logging because it was not enabled.
Python(80528) MallocStackLogging: can't turn off malloc stack logging because it was not enabled.
Python(80539) MallocStackLogging: can't turn off malloc stack logging because it was not enabled.
Python(80555) MallocStackLogging: can't turn off malloc stack logging because it was not enabled.
Python(80570) MallocStackLogging: can't turn off malloc stack logging because it was not enabled.
Python(80581) MallocStackLogging: can't turn off malloc stack logging because it was not enabled.
Python(80583) MallocStackLogging: can't turn off malloc stack logging because it was not enabled.
[50038:MainThread](2026-07-31 12:08:26,389) INFO - qlib.GATs - [pytorch_gats_ts.py:290] - evaluating...
Python(80941) MallocStackLogging: can't turn off malloc stack logging because it was not enabled.
Python(80959) MallocStackLogging: can't turn off malloc stack logging because it was not enabled.
Python(80971) MallocStackLogging: can't turn off malloc stack logging because it was not enabled.
Python(80984) MallocStackLogging: can't turn off malloc stack logging because it was not enabled.
Python(81220) MallocStackLogging: can't turn off malloc stack logging because it was not enabled.
Python(81258) MallocStackLogging: can't turn off malloc stack logging because it was not enabled.
Python(81273) MallocStackLogging: can't turn off malloc stack logging because it was not enabled.
Python(81276) MallocStackLogging: can't turn off malloc stack logging because it was not enabled.
[50038:MainThread](2026-07-31 12:09:36,682) INFO - qlib.GATs - [pytorch_gats_ts.py:293] - train -0.754820, valid -1.147633
[50038:MainThread](2026-07-31 12:09:36,683) INFO - qlib.GATs - [pytorch_gats_ts.py:287] - Epoch9:
[50038:MainThread](2026-07-31 12:09:36,683) INFO - qlib.GATs - [pytorch_gats_ts.py:288] - training...
Python(81455) MallocStackLogging: can't turn off malloc stack logging because it was not enabled.
Python(81474) MallocStackLogging: can't turn off malloc stack logging because it was not enabled.
Python(81490) MallocStackLogging: can't turn off malloc stack logging because it was not enabled.
Python(81513) MallocStackLogging: can't turn off malloc stack logging because it was not enabled.
[50038:MainThread](2026-07-31 12:10:33,797) INFO - qlib.GATs - [pytorch_gats_ts.py:290] - evaluating...
Python(82006) MallocStackLogging: can't turn off malloc stack logging because it was not enabled.
Python(82031) MallocStackLogging: can't turn off malloc stack logging because it was not enabled.
Python(82044) MallocStackLogging: can't turn off malloc stack logging because it was not enabled.
Python(82058) MallocStackLogging: can't turn off malloc stack logging because it was not enabled.
Python(82337) MallocStackLogging: can't turn off malloc stack logging because it was not enabled.
Python(82358) MallocStackLogging: can't turn off malloc stack logging because it was not enabled.
Python(82365) MallocStackLogging: can't turn off malloc stack logging because it was not enabled.
Python(82378) MallocStackLogging: can't turn off malloc stack logging because it was not enabled.
[50038:MainThread](2026-07-31 12:11:53,000) INFO - qlib.GATs - [pytorch_gats_ts.py:293] - train -0.736067, valid -1.114098
[50038:MainThread](2026-07-31 12:11:53,002) INFO - qlib.GATs - [pytorch_gats_ts.py:287] - Epoch10:
[50038:MainThread](2026-07-31 12:11:53,002) INFO - qlib.GATs - [pytorch_gats_ts.py:288] - training...
Python(82564) MallocStackLogging: can't turn off malloc stack logging because it was not enabled.
Python(82595) MallocStackLogging: can't turn off malloc stack logging because it was not enabled.
Python(82600) MallocStackLogging: can't turn off malloc stack logging because it was not enabled.
Python(82616) MallocStackLogging: can't turn off malloc stack logging because it was not enabled.
[50038:MainThread](2026-07-31 12:12:58,889) INFO - qlib.GATs - [pytorch_gats_ts.py:290] - evaluating...
Python(83125) MallocStackLogging: can't turn off malloc stack logging because it was not enabled.
Python(83157) MallocStackLogging: can't turn off malloc stack logging because it was not enabled.
Python(83182) MallocStackLogging: can't turn off malloc stack logging because it was not enabled.
Python(83198) MallocStackLogging: can't turn off malloc stack logging because it was not enabled.
[2096:MainThread](2026-07-31 17:27:10,211) INFO - qlib.Initialization - [config.py:473] - default_conf: client.
[2096:MainThread](2026-07-31 17:27:10,603) INFO - qlib.Initialization - [__init__.py:82] - qlib successfully initialized based on client settings.
[2096:MainThread](2026-07-31 17:27:10,604) INFO - qlib.Initialization - [__init__.py:84] - data_path={'__DEFAULT_FREQ': PosixPath('/Users/11164591/.qlib/qlib_data/cn_data_fixed')}
[CHECK] fcf_pit: (93640, 6), 5454只, 1996~2025 | profit_pit: (55675, 4), 5448只, 1998~2025
[CHECK] 交易日历: 2014-01-02 ~ 2026-07-23 (3019天)
[CHECK] 估值缓存: 2079日 × 472股, 2018-01-02~2026-07-29
[resume] 发现 checkpoint, 已完成至 W2020, 跳过之前窗口

======================================================================
[Phase B W2021] 池168只 | train('2016-01-01', '2019-12-31') valid('2020-01-01', '2020-11-30')(embargo) 信号2020-12-01~2021-11-30
======================================================================
    [流动性] 中位数20日均成交额=1.10亿, 一字涨停11条, 停牌13条
[2096:MainThread](2026-07-31 17:27:26,821) INFO - qlib.timer - [log.py:127] - Time cost: 8.991s | Loading data Done
[2096:MainThread](2026-07-31 17:27:27,667) INFO - qlib.timer - [log.py:127] - Time cost: 0.771s | RobustZScoreNorm Done
[2096:MainThread](2026-07-31 17:27:27,795) INFO - qlib.timer - [log.py:127] - Time cost: 0.128s | Fillna Done
[2096:MainThread](2026-07-31 17:27:27,905) INFO - qlib.timer - [log.py:127] - Time cost: 0.037s | DropnaLabel Done
[2096:MainThread](2026-07-31 17:27:28,421) INFO - qlib.timer - [log.py:127] - Time cost: 0.515s | CSZScoreNorm Done
[2096:MainThread](2026-07-31 17:27:28,424) INFO - qlib.timer - [log.py:127] - Time cost: 1.602s | fit & process data Done
[2096:MainThread](2026-07-31 17:27:28,424) INFO - qlib.timer - [log.py:127] - Time cost: 10.595s | Init data Done
    [GATs] 注入特征维度 = 172
[2096:MainThread](2026-07-31 17:27:30,209) INFO - qlib.GATs - [pytorch_gats_ts.py:82] - GATs pytorch version...
[2096:MainThread](2026-07-31 17:27:30,210) INFO - qlib.GATs - [pytorch_gats_ts.py:101] - GATs parameters setting:
d_feat : 172
hidden_size : 64
num_layers : 2
dropout : 0.7
n_epochs : 200
lr : 0.0001
metric : loss
early_stop : 10
optimizer : adam
loss_type : mse
base_model : LSTM
model_path : None
visible_GPU : -1
use_GPU : False
seed : None
[2096:MainThread](2026-07-31 17:27:30,216) INFO - qlib.GATs - [pytorch_gats_ts.py:147] - model:
GATModel(
  (rnn): LSTM(172, 64, num_layers=2, batch_first=True, dropout=0.7)
  (transformation): Linear(in_features=64, out_features=64, bias=True)
  (fc): Linear(in_features=64, out_features=64, bias=True)
  (fc_out): Linear(in_features=64, out_features=1, bias=True)
  (leaky_relu): LeakyReLU(negative_slope=0.01)
  (softmax): Softmax(dim=1)
)
[2096:MainThread](2026-07-31 17:27:30,216) INFO - qlib.GATs - [pytorch_gats_ts.py:148] - model size: 0.0980 MB
[2096:MainThread](2026-07-31 17:27:31,329) INFO - qlib.GATs - [pytorch_gats_ts.py:280] - Loading pretrained model Done...
[2096:MainThread](2026-07-31 17:27:31,329) INFO - qlib.GATs - [pytorch_gats_ts.py:283] - training...
[2096:MainThread](2026-07-31 17:27:31,330) INFO - qlib.GATs - [pytorch_gats_ts.py:287] - Epoch0:
[2096:MainThread](2026-07-31 17:27:31,330) INFO - qlib.GATs - [pytorch_gats_ts.py:288] - training...
[2096:MainThread](2026-07-31 17:28:24,022) INFO - qlib.GATs - [pytorch_gats_ts.py:290] - evaluating...
[2096:MainThread](2026-07-31 17:29:35,721) INFO - qlib.GATs - [pytorch_gats_ts.py:293] - train -0.932868, valid -1.115248
[2096:MainThread](2026-07-31 17:29:35,725) INFO - qlib.GATs - [pytorch_gats_ts.py:287] - Epoch1:
[2096:MainThread](2026-07-31 17:29:35,726) INFO - qlib.GATs - [pytorch_gats_ts.py:288] - training...
[2096:MainThread](2026-07-31 17:30:34,208) INFO - qlib.GATs - [pytorch_gats_ts.py:290] - evaluating...
[2096:MainThread](2026-07-31 17:31:51,420) INFO - qlib.GATs - [pytorch_gats_ts.py:293] - train -0.905772, valid -1.128845
[2096:MainThread](2026-07-31 17:31:51,422) INFO - qlib.GATs - [pytorch_gats_ts.py:287] - Epoch2:
[2096:MainThread](2026-07-31 17:31:51,423) INFO - qlib.GATs - [pytorch_gats_ts.py:288] - training...
[2096:MainThread](2026-07-31 17:32:48,915) INFO - qlib.GATs - [pytorch_gats_ts.py:290] - evaluating...
[2096:MainThread](2026-07-31 17:34:03,376) INFO - qlib.GATs - [pytorch_gats_ts.py:293] - train -0.883043, valid -1.168656
[2096:MainThread](2026-07-31 17:34:03,378) INFO - qlib.GATs - [pytorch_gats_ts.py:287] - Epoch3:
[2096:MainThread](2026-07-31 17:34:03,379) INFO - qlib.GATs - [pytorch_gats_ts.py:288] - training...
[2096:MainThread](2026-07-31 17:34:58,891) INFO - qlib.GATs - [pytorch_gats_ts.py:290] - evaluating...
[2096:MainThread](2026-07-31 17:36:11,670) INFO - qlib.GATs - [pytorch_gats_ts.py:293] - train -0.885688, valid -1.279002
[2096:MainThread](2026-07-31 17:36:11,673) INFO - qlib.GATs - [pytorch_gats_ts.py:287] - Epoch4:
[2096:MainThread](2026-07-31 17:36:11,674) INFO - qlib.GATs - [pytorch_gats_ts.py:288] - training...
[2096:MainThread](2026-07-31 17:37:04,690) INFO - qlib.GATs - [pytorch_gats_ts.py:290] - evaluating...
[2096:MainThread](2026-07-31 17:38:17,691) INFO - qlib.GATs - [pytorch_gats_ts.py:293] - train -0.826317, valid -1.142700
[2096:MainThread](2026-07-31 17:38:17,693) INFO - qlib.GATs - [pytorch_gats_ts.py:287] - Epoch5:
[2096:MainThread](2026-07-31 17:38:17,694) INFO - qlib.GATs - [pytorch_gats_ts.py:288] - training...
[2096:MainThread](2026-07-31 17:39:10,009) INFO - qlib.GATs - [pytorch_gats_ts.py:290] - evaluating...
[2096:MainThread](2026-07-31 17:40:20,642) INFO - qlib.GATs - [pytorch_gats_ts.py:293] - train -0.804390, valid -1.126401
[2096:MainThread](2026-07-31 17:40:20,644) INFO - qlib.GATs - [pytorch_gats_ts.py:287] - Epoch6:
[2096:MainThread](2026-07-31 17:40:20,645) INFO - qlib.GATs - [pytorch_gats_ts.py:288] - training...
[2096:MainThread](2026-07-31 17:41:12,743) INFO - qlib.GATs - [pytorch_gats_ts.py:290] - evaluating...
[2096:MainThread](2026-07-31 17:42:24,765) INFO - qlib.GATs - [pytorch_gats_ts.py:293] - train -0.786431, valid -1.102359
[2096:MainThread](2026-07-31 17:42:24,768) INFO - qlib.GATs - [pytorch_gats_ts.py:287] - Epoch7:
[2096:MainThread](2026-07-31 17:42:24,769) INFO - qlib.GATs - [pytorch_gats_ts.py:288] - training...
[2096:MainThread](2026-07-31 17:43:16,451) INFO - qlib.GATs - [pytorch_gats_ts.py:290] - evaluating...
[2096:MainThread](2026-07-31 17:44:27,862) INFO - qlib.GATs - [pytorch_gats_ts.py:293] - train -0.777489, valid -1.051647
[2096:MainThread](2026-07-31 17:44:27,866) INFO - qlib.GATs - [pytorch_gats_ts.py:287] - Epoch8:
[2096:MainThread](2026-07-31 17:44:27,867) INFO - qlib.GATs - [pytorch_gats_ts.py:288] - training...
[2096:MainThread](2026-07-31 17:45:20,708) INFO - qlib.GATs - [pytorch_gats_ts.py:290] - evaluating...
[2096:MainThread](2026-07-31 17:46:31,738) INFO - qlib.GATs - [pytorch_gats_ts.py:293] - train -0.763234, valid -1.103906
[2096:MainThread](2026-07-31 17:46:31,739) INFO - qlib.GATs - [pytorch_gats_ts.py:287] - Epoch9:
[2096:MainThread](2026-07-31 17:46:31,740) INFO - qlib.GATs - [pytorch_gats_ts.py:288] - training...
[2096:MainThread](2026-07-31 17:47:24,233) INFO - qlib.GATs - [pytorch_gats_ts.py:290] - evaluating...
[2096:MainThread](2026-07-31 17:48:34,803) INFO - qlib.GATs - [pytorch_gats_ts.py:293] - train -0.754479, valid -1.057115
[2096:MainThread](2026-07-31 17:48:34,805) INFO - qlib.GATs - [pytorch_gats_ts.py:287] - Epoch10:
[2096:MainThread](2026-07-31 17:48:34,807) INFO - qlib.GATs - [pytorch_gats_ts.py:288] - training...
[2096:MainThread](2026-07-31 17:49:26,228) INFO - qlib.GATs - [pytorch_gats_ts.py:290] - evaluating...
[2096:MainThread](2026-07-31 17:50:38,646) INFO - qlib.GATs - [pytorch_gats_ts.py:293] - train -0.733523, valid -1.103898
[2096:MainThread](2026-07-31 17:50:38,654) INFO - qlib.GATs - [pytorch_gats_ts.py:287] - Epoch11:
[2096:MainThread](2026-07-31 17:50:38,655) INFO - qlib.GATs - [pytorch_gats_ts.py:288] - training...
[2096:MainThread](2026-07-31 17:51:35,878) INFO - qlib.GATs - [pytorch_gats_ts.py:290] - evaluating...
[2096:MainThread](2026-07-31 17:52:49,875) INFO - qlib.GATs - [pytorch_gats_ts.py:293] - train -0.735286, valid -1.262136
[2096:MainThread](2026-07-31 17:52:49,876) INFO - qlib.GATs - [pytorch_gats_ts.py:287] - Epoch12:
[2096:MainThread](2026-07-31 17:52:49,877) INFO - qlib.GATs - [pytorch_gats_ts.py:288] - training...
[2096:MainThread](2026-07-31 17:53:43,536) INFO - qlib.GATs - [pytorch_gats_ts.py:290] - evaluating...
[2096:MainThread](2026-07-31 17:55:04,934) INFO - qlib.GATs - [pytorch_gats_ts.py:293] - train -0.716488, valid -1.111800
[2096:MainThread](2026-07-31 17:55:04,935) INFO - qlib.GATs - [pytorch_gats_ts.py:287] - Epoch13:
[2096:MainThread](2026-07-31 17:55:04,936) INFO - qlib.GATs - [pytorch_gats_ts.py:288] - training...
[2096:MainThread](2026-07-31 17:56:02,168) INFO - qlib.GATs - [pytorch_gats_ts.py:290] - evaluating...
[2096:MainThread](2026-07-31 17:57:15,480) INFO - qlib.GATs - [pytorch_gats_ts.py:293] - train -0.703959, valid -1.103304
[2096:MainThread](2026-07-31 17:57:15,481) INFO - qlib.GATs - [pytorch_gats_ts.py:287] - Epoch14:
[2096:MainThread](2026-07-31 17:57:15,482) INFO - qlib.GATs - [pytorch_gats_ts.py:288] - training...
[2096:MainThread](2026-07-31 17:58:09,980) INFO - qlib.GATs - [pytorch_gats_ts.py:290] - evaluating...
[2096:MainThread](2026-07-31 17:59:22,793) INFO - qlib.GATs - [pytorch_gats_ts.py:293] - train -0.693165, valid -1.123160
[2096:MainThread](2026-07-31 17:59:22,794) INFO - qlib.GATs - [pytorch_gats_ts.py:287] - Epoch15:
[2096:MainThread](2026-07-31 17:59:22,795) INFO - qlib.GATs - [pytorch_gats_ts.py:288] - training...
[2096:MainThread](2026-07-31 18:00:16,958) INFO - qlib.GATs - [pytorch_gats_ts.py:290] - evaluating...
[2096:MainThread](2026-07-31 18:01:33,763) INFO - qlib.GATs - [pytorch_gats_ts.py:293] - train -0.684625, valid -1.119375
[2096:MainThread](2026-07-31 18:01:33,765) INFO - qlib.GATs - [pytorch_gats_ts.py:287] - Epoch16:
[2096:MainThread](2026-07-31 18:01:33,765) INFO - qlib.GATs - [pytorch_gats_ts.py:288] - training...
[2096:MainThread](2026-07-31 18:02:32,149) INFO - qlib.GATs - [pytorch_gats_ts.py:290] - evaluating...
[2096:MainThread](2026-07-31 18:03:47,924) INFO - qlib.GATs - [pytorch_gats_ts.py:293] - train -0.693975, valid -1.401540
[2096:MainThread](2026-07-31 18:03:47,925) INFO - qlib.GATs - [pytorch_gats_ts.py:287] - Epoch17:
[2096:MainThread](2026-07-31 18:03:47,926) INFO - qlib.GATs - [pytorch_gats_ts.py:288] - training...
[2096:MainThread](2026-07-31 18:04:43,620) INFO - qlib.GATs - [pytorch_gats_ts.py:290] - evaluating...
[2096:MainThread](2026-07-31 18:05:57,860) INFO - qlib.GATs - [pytorch_gats_ts.py:293] - train -0.680925, valid -1.240733
[2096:MainThread](2026-07-31 18:05:57,862) INFO - qlib.GATs - [pytorch_gats_ts.py:305] - early stop
[2096:MainThread](2026-07-31 18:05:57,863) INFO - qlib.GATs - [pytorch_gats_ts.py:308] - best score: -1.051647 @ 7

======================================================================
[Phase B W2022] 池201只 | train('2017-01-01', '2020-12-31') valid('2021-01-01', '2021-11-30')(embargo) 信号2021-12-01~2022-11-30
======================================================================
    [流动性] 中位数20日均成交额=1.15亿, 一字涨停9条, 停牌16条
[2096:MainThread](2026-07-31 18:06:45,480) INFO - qlib.timer - [log.py:127] - Time cost: 10.312s | Loading data Done
[2096:MainThread](2026-07-31 18:06:46,415) INFO - qlib.timer - [log.py:127] - Time cost: 0.888s | RobustZScoreNorm Done
[2096:MainThread](2026-07-31 18:06:46,580) INFO - qlib.timer - [log.py:127] - Time cost: 0.164s | Fillna Done
[2096:MainThread](2026-07-31 18:06:46,707) INFO - qlib.timer - [log.py:127] - Time cost: 0.041s | DropnaLabel Done
[2096:MainThread](2026-07-31 18:06:47,211) INFO - qlib.timer - [log.py:127] - Time cost: 0.504s | CSZScoreNorm Done
[2096:MainThread](2026-07-31 18:06:47,214) INFO - qlib.timer - [log.py:127] - Time cost: 1.732s | fit & process data Done
[2096:MainThread](2026-07-31 18:06:47,214) INFO - qlib.timer - [log.py:127] - Time cost: 12.047s | Init data Done
    [GATs] 注入特征维度 = 172
[2096:MainThread](2026-07-31 18:06:47,220) INFO - qlib.GATs - [pytorch_gats_ts.py:82] - GATs pytorch version...
[2096:MainThread](2026-07-31 18:06:47,220) INFO - qlib.GATs - [pytorch_gats_ts.py:101] - GATs parameters setting:
d_feat : 172
hidden_size : 64
num_layers : 2
dropout : 0.7
n_epochs : 200
lr : 0.0001
metric : loss
early_stop : 10
optimizer : adam
loss_type : mse
base_model : LSTM
model_path : None
visible_GPU : -1
use_GPU : False
seed : None
[2096:MainThread](2026-07-31 18:06:47,224) INFO - qlib.GATs - [pytorch_gats_ts.py:147] - model:
GATModel(
  (rnn): LSTM(172, 64, num_layers=2, batch_first=True, dropout=0.7)
  (transformation): Linear(in_features=64, out_features=64, bias=True)
  (fc): Linear(in_features=64, out_features=64, bias=True)
  (fc_out): Linear(in_features=64, out_features=1, bias=True)
  (leaky_relu): LeakyReLU(negative_slope=0.01)
  (softmax): Softmax(dim=1)
)
[2096:MainThread](2026-07-31 18:06:47,224) INFO - qlib.GATs - [pytorch_gats_ts.py:148] - model size: 0.0980 MB
[2096:MainThread](2026-07-31 18:06:47,778) INFO - qlib.GATs - [pytorch_gats_ts.py:280] - Loading pretrained model Done...
[2096:MainThread](2026-07-31 18:06:47,779) INFO - qlib.GATs - [pytorch_gats_ts.py:283] - training...
[2096:MainThread](2026-07-31 18:06:47,780) INFO - qlib.GATs - [pytorch_gats_ts.py:287] - Epoch0:
[2096:MainThread](2026-07-31 18:06:47,781) INFO - qlib.GATs - [pytorch_gats_ts.py:288] - training...
[2096:MainThread](2026-07-31 18:07:45,022) INFO - qlib.GATs - [pytorch_gats_ts.py:290] - evaluating...
[2096:MainThread](2026-07-31 18:08:58,211) INFO - qlib.GATs - [pytorch_gats_ts.py:293] - train -0.967261, valid -0.989445
[2096:MainThread](2026-07-31 18:08:58,214) INFO - qlib.GATs - [pytorch_gats_ts.py:287] - Epoch1:
[2096:MainThread](2026-07-31 18:08:58,215) INFO - qlib.GATs - [pytorch_gats_ts.py:288] - training...
[2096:MainThread](2026-07-31 18:09:57,514) INFO - qlib.GATs - [pytorch_gats_ts.py:290] - evaluating...
[2096:MainThread](2026-07-31 18:11:17,030) INFO - qlib.GATs - [pytorch_gats_ts.py:293] - train -0.937678, valid -0.980771
[2096:MainThread](2026-07-31 18:11:17,032) INFO - qlib.GATs - [pytorch_gats_ts.py:287] - Epoch2:
[2096:MainThread](2026-07-31 18:11:17,033) INFO - qlib.GATs - [pytorch_gats_ts.py:288] - training...
[2096:MainThread](2026-07-31 18:12:19,992) INFO - qlib.GATs - [pytorch_gats_ts.py:290] - evaluating...
[2096:MainThread](2026-07-31 18:13:33,737) INFO - qlib.GATs - [pytorch_gats_ts.py:293] - train -0.923389, valid -1.007078
[2096:MainThread](2026-07-31 18:13:33,738) INFO - qlib.GATs - [pytorch_gats_ts.py:287] - Epoch3:
[2096:MainThread](2026-07-31 18:13:33,739) INFO - qlib.GATs - [pytorch_gats_ts.py:288] - training...
[2096:MainThread](2026-07-31 18:14:31,652) INFO - qlib.GATs - [pytorch_gats_ts.py:290] - evaluating...
[2096:MainThread](2026-07-31 18:16:04,623) INFO - qlib.GATs - [pytorch_gats_ts.py:293] - train -0.913360, valid -1.017449
[2096:MainThread](2026-07-31 18:16:04,625) INFO - qlib.GATs - [pytorch_gats_ts.py:287] - Epoch4:
[2096:MainThread](2026-07-31 18:16:04,626) INFO - qlib.GATs - [pytorch_gats_ts.py:288] - training...
[2096:MainThread](2026-07-31 18:17:36,887) INFO - qlib.GATs - [pytorch_gats_ts.py:290] - evaluating...
[2096:MainThread](2026-07-31 18:19:17,060) INFO - qlib.GATs - [pytorch_gats_ts.py:293] - train -0.892313, valid -1.012927
[2096:MainThread](2026-07-31 18:19:17,062) INFO - qlib.GATs - [pytorch_gats_ts.py:287] - Epoch5:
[2096:MainThread](2026-07-31 18:19:17,063) INFO - qlib.GATs - [pytorch_gats_ts.py:288] - training...
[2096:MainThread](2026-07-31 18:20:40,255) INFO - qlib.GATs - [pytorch_gats_ts.py:290] - evaluating...
[2096:MainThread](2026-07-31 18:22:14,519) INFO - qlib.GATs - [pytorch_gats_ts.py:293] - train -0.909728, valid -1.080123
[2096:MainThread](2026-07-31 18:22:14,521) INFO - qlib.GATs - [pytorch_gats_ts.py:287] - Epoch6:
[2096:MainThread](2026-07-31 18:22:14,522) INFO - qlib.GATs - [pytorch_gats_ts.py:288] - training...
[2096:MainThread](2026-07-31 18:23:51,746) INFO - qlib.GATs - [pytorch_gats_ts.py:290] - evaluating...
[2096:MainThread](2026-07-31 18:25:40,080) INFO - qlib.GATs - [pytorch_gats_ts.py:293] - train -0.918756, valid -1.101243
[2096:MainThread](2026-07-31 18:25:40,082) INFO - qlib.GATs - [pytorch_gats_ts.py:287] - Epoch7:
[2096:MainThread](2026-07-31 18:25:40,083) INFO - qlib.GATs - [pytorch_gats_ts.py:288] - training...
[2096:MainThread](2026-07-31 18:27:30,733) INFO - qlib.GATs - [pytorch_gats_ts.py:290] - evaluating...
[2096:MainThread](2026-07-31 18:29:36,384) INFO - qlib.GATs - [pytorch_gats_ts.py:293] - train -0.866629, valid -1.076442
[2096:MainThread](2026-07-31 18:29:36,385) INFO - qlib.GATs - [pytorch_gats_ts.py:287] - Epoch8:
[2096:MainThread](2026-07-31 18:29:36,386) INFO - qlib.GATs - [pytorch_gats_ts.py:288] - training...
[2096:MainThread](2026-07-31 18:31:51,245) INFO - qlib.GATs - [pytorch_gats_ts.py:290] - evaluating...
[2096:MainThread](2026-07-31 18:34:39,809) INFO - qlib.GATs - [pytorch_gats_ts.py:293] - train -0.858225, valid -1.095345
[2096:MainThread](2026-07-31 18:34:39,813) INFO - qlib.GATs - [pytorch_gats_ts.py:287] - Epoch9:
[2096:MainThread](2026-07-31 18:34:39,814) INFO - qlib.GATs - [pytorch_gats_ts.py:288] - training...
[2096:MainThread](2026-07-31 18:36:26,652) INFO - qlib.GATs - [pytorch_gats_ts.py:290] - evaluating...
[2096:MainThread](2026-07-31 18:39:06,032) INFO - qlib.GATs - [pytorch_gats_ts.py:293] - train -0.841862, valid -1.109219
[2096:MainThread](2026-07-31 18:39:06,034) INFO - qlib.GATs - [pytorch_gats_ts.py:287] - Epoch10:
[2096:MainThread](2026-07-31 18:39:06,036) INFO - qlib.GATs - [pytorch_gats_ts.py:288] - training...
[2096:MainThread](2026-07-31 18:41:30,041) INFO - qlib.GATs - [pytorch_gats_ts.py:290] - evaluating...
[2096:MainThread](2026-07-31 18:44:07,131) INFO - qlib.GATs - [pytorch_gats_ts.py:293] - train -0.832400, valid -1.113753
[2096:MainThread](2026-07-31 18:44:07,134) INFO - qlib.GATs - [pytorch_gats_ts.py:287] - Epoch11:
[2096:MainThread](2026-07-31 18:44:07,136) INFO - qlib.GATs - [pytorch_gats_ts.py:288] - training...
[2096:MainThread](2026-07-31 18:45:40,388) INFO - qlib.GATs - [pytorch_gats_ts.py:290] - evaluating...
[2096:MainThread](2026-07-31 18:48:14,839) INFO - qlib.GATs - [pytorch_gats_ts.py:293] - train -0.855440, valid -1.146537
[2096:MainThread](2026-07-31 18:48:14,842) INFO - qlib.GATs - [pytorch_gats_ts.py:305] - early stop
[2096:MainThread](2026-07-31 18:48:14,843) INFO - qlib.GATs - [pytorch_gats_ts.py:308] - best score: -0.980771 @ 1

======================================================================
[Phase B W2023] 池226只 | train('2018-01-01', '2021-12-31') valid('2022-01-01', '2022-11-30')(embargo) 信号2022-12-01~2023-11-30
======================================================================
    [流动性] 中位数20日均成交额=0.96亿, 一字涨停11条, 停牌34条
[2096:MainThread](2026-07-31 18:50:14,360) INFO - qlib.timer - [log.py:127] - Time cost: 38.638s | Loading data Done
[2096:MainThread](2026-07-31 18:50:17,859) INFO - qlib.timer - [log.py:127] - Time cost: 3.321s | RobustZScoreNorm Done
[2096:MainThread](2026-07-31 18:50:18,736) INFO - qlib.timer - [log.py:127] - Time cost: 0.876s | Fillna Done
[2096:MainThread](2026-07-31 18:50:19,184) INFO - qlib.timer - [log.py:127] - Time cost: 0.150s | DropnaLabel Done
[2096:MainThread](2026-07-31 18:50:21,508) INFO - qlib.timer - [log.py:127] - Time cost: 2.323s | CSZScoreNorm Done
[2096:MainThread](2026-07-31 18:50:21,518) INFO - qlib.timer - [log.py:127] - Time cost: 7.154s | fit & process data Done
[2096:MainThread](2026-07-31 18:50:21,519) INFO - qlib.timer - [log.py:127] - Time cost: 45.801s | Init data Done
    [GATs] 注入特征维度 = 172
[2096:MainThread](2026-07-31 18:50:21,552) INFO - qlib.GATs - [pytorch_gats_ts.py:82] - GATs pytorch version...
[2096:MainThread](2026-07-31 18:50:21,561) INFO - qlib.GATs - [pytorch_gats_ts.py:101] - GATs parameters setting:
d_feat : 172
hidden_size : 64
num_layers : 2
dropout : 0.7
n_epochs : 200
lr : 0.0001
metric : loss
early_stop : 10
optimizer : adam
loss_type : mse
base_model : LSTM
model_path : None
visible_GPU : -1
use_GPU : False
seed : None
[2096:MainThread](2026-07-31 18:50:21,569) INFO - qlib.GATs - [pytorch_gats_ts.py:147] - model:
GATModel(
  (rnn): LSTM(172, 64, num_layers=2, batch_first=True, dropout=0.7)
  (transformation): Linear(in_features=64, out_features=64, bias=True)
  (fc): Linear(in_features=64, out_features=64, bias=True)
  (fc_out): Linear(in_features=64, out_features=1, bias=True)
  (leaky_relu): LeakyReLU(negative_slope=0.01)
  (softmax): Softmax(dim=1)
)
[2096:MainThread](2026-07-31 18:50:21,570) INFO - qlib.GATs - [pytorch_gats_ts.py:148] - model size: 0.0980 MB
[2096:MainThread](2026-07-31 18:50:23,589) INFO - qlib.GATs - [pytorch_gats_ts.py:280] - Loading pretrained model Done...
[2096:MainThread](2026-07-31 18:50:23,590) INFO - qlib.GATs - [pytorch_gats_ts.py:283] - training...
[2096:MainThread](2026-07-31 18:50:23,591) INFO - qlib.GATs - [pytorch_gats_ts.py:287] - Epoch0:
[2096:MainThread](2026-07-31 18:50:23,593) INFO - qlib.GATs - [pytorch_gats_ts.py:288] - training...
[2096:MainThread](2026-07-31 18:53:07,010) INFO - qlib.GATs - [pytorch_gats_ts.py:290] - evaluating...
[2096:MainThread](2026-07-31 18:55:33,391) INFO - qlib.GATs - [pytorch_gats_ts.py:293] - train -0.965880, valid -0.991030
[2096:MainThread](2026-07-31 18:55:33,396) INFO - qlib.GATs - [pytorch_gats_ts.py:287] - Epoch1:
[2096:MainThread](2026-07-31 18:55:33,397) INFO - qlib.GATs - [pytorch_gats_ts.py:288] - training...
[2096:MainThread](2026-07-31 18:56:27,414) INFO - qlib.GATs - [pytorch_gats_ts.py:290] - evaluating...
[2096:MainThread](2026-07-31 18:57:42,656) INFO - qlib.GATs - [pytorch_gats_ts.py:293] - train -0.945656, valid -0.980518
[2096:MainThread](2026-07-31 18:57:42,662) INFO - qlib.GATs - [pytorch_gats_ts.py:287] - Epoch2:
[2096:MainThread](2026-07-31 18:57:42,663) INFO - qlib.GATs - [pytorch_gats_ts.py:288] - training...
[2096:MainThread](2026-07-31 18:58:50,711) INFO - qlib.GATs - [pytorch_gats_ts.py:290] - evaluating...
[2096:MainThread](2026-07-31 19:00:13,403) INFO - qlib.GATs - [pytorch_gats_ts.py:293] - train -0.932725, valid -0.981188
[2096:MainThread](2026-07-31 19:00:13,405) INFO - qlib.GATs - [pytorch_gats_ts.py:287] - Epoch3:
[2096:MainThread](2026-07-31 19:00:13,406) INFO - qlib.GATs - [pytorch_gats_ts.py:288] - training...
[2096:MainThread](2026-07-31 19:01:25,383) INFO - qlib.GATs - [pytorch_gats_ts.py:290] - evaluating...
[2096:MainThread](2026-07-31 19:02:42,581) INFO - qlib.GATs - [pytorch_gats_ts.py:293] - train -0.922327, valid -0.992923
[2096:MainThread](2026-07-31 19:02:42,583) INFO - qlib.GATs - [pytorch_gats_ts.py:287] - Epoch4:
[2096:MainThread](2026-07-31 19:02:42,583) INFO - qlib.GATs - [pytorch_gats_ts.py:288] - training...
[2096:MainThread](2026-07-31 19:03:48,224) INFO - qlib.GATs - [pytorch_gats_ts.py:290] - evaluating...
[2096:MainThread](2026-07-31 19:05:08,645) INFO - qlib.GATs - [pytorch_gats_ts.py:293] - train -0.911233, valid -0.987343
[2096:MainThread](2026-07-31 19:05:08,647) INFO - qlib.GATs - [pytorch_gats_ts.py:287] - Epoch5:
[2096:MainThread](2026-07-31 19:05:08,648) INFO - qlib.GATs - [pytorch_gats_ts.py:288] - training...
[2096:MainThread](2026-07-31 19:06:13,071) INFO - qlib.GATs - [pytorch_gats_ts.py:290] - evaluating...
[2096:MainThread](2026-07-31 19:07:30,022) INFO - qlib.GATs - [pytorch_gats_ts.py:293] - train -0.905947, valid -0.988067
[2096:MainThread](2026-07-31 19:07:30,024) INFO - qlib.GATs - [pytorch_gats_ts.py:287] - Epoch6:
[2096:MainThread](2026-07-31 19:07:30,024) INFO - qlib.GATs - [pytorch_gats_ts.py:288] - training...
[2096:MainThread](2026-07-31 19:08:38,115) INFO - qlib.GATs - [pytorch_gats_ts.py:290] - evaluating...
[2096:MainThread](2026-07-31 19:10:14,789) INFO - qlib.GATs - [pytorch_gats_ts.py:293] - train -0.894553, valid -0.997580
[2096:MainThread](2026-07-31 19:10:14,791) INFO - qlib.GATs - [pytorch_gats_ts.py:287] - Epoch7:
[2096:MainThread](2026-07-31 19:10:14,791) INFO - qlib.GATs - [pytorch_gats_ts.py:288] - training...
[2096:MainThread](2026-07-31 19:11:46,368) INFO - qlib.GATs - [pytorch_gats_ts.py:290] - evaluating...
[2096:MainThread](2026-07-31 19:13:19,243) INFO - qlib.GATs - [pytorch_gats_ts.py:293] - train -0.883604, valid -1.007660
[2096:MainThread](2026-07-31 19:13:19,245) INFO - qlib.GATs - [pytorch_gats_ts.py:287] - Epoch8:
[2096:MainThread](2026-07-31 19:13:19,246) INFO - qlib.GATs - [pytorch_gats_ts.py:288] - training...
[2096:MainThread](2026-07-31 19:14:36,394) INFO - qlib.GATs - [pytorch_gats_ts.py:290] - evaluating...
[2096:MainThread](2026-07-31 19:16:05,327) INFO - qlib.GATs - [pytorch_gats_ts.py:293] - train -0.878901, valid -1.013104
[2096:MainThread](2026-07-31 19:16:05,328) INFO - qlib.GATs - [pytorch_gats_ts.py:287] - Epoch9:
[2096:MainThread](2026-07-31 19:16:05,329) INFO - qlib.GATs - [pytorch_gats_ts.py:288] - training...
[2096:MainThread](2026-07-31 19:17:11,811) INFO - qlib.GATs - [pytorch_gats_ts.py:290] - evaluating...
[2096:MainThread](2026-07-31 19:18:34,090) INFO - qlib.GATs - [pytorch_gats_ts.py:293] - train -0.872203, valid -1.022130
[2096:MainThread](2026-07-31 19:18:34,093) INFO - qlib.GATs - [pytorch_gats_ts.py:287] - Epoch10:
[2096:MainThread](2026-07-31 19:18:34,093) INFO - qlib.GATs - [pytorch_gats_ts.py:288] - training...
[2096:MainThread](2026-07-31 19:19:30,338) INFO - qlib.GATs - [pytorch_gats_ts.py:290] - evaluating...
[46816:MainThread](2026-07-31 19:19:31,583) INFO - qlib.Initialization - [config.py:473] - default_conf: client.
[46816:MainThread](2026-07-31 19:19:31,941) INFO - qlib.Initialization - [__init__.py:82] - qlib successfully initialized based on client settings.
[46816:MainThread](2026-07-31 19:19:31,942) INFO - qlib.Initialization - [__init__.py:84] - data_path={'__DEFAULT_FREQ': PosixPath('/Users/11164591/.qlib/qlib_data/cn_data_fixed')}
[CHECK] fcf_pit: (93640, 6), 5454只, 1996~2025 | profit_pit: (55675, 4), 5448只, 1998~2025
[CHECK] 交易日历: 2014-01-02 ~ 2026-07-23 (3019天)
[CHECK] 估值缓存: 2079日 × 472股, 2018-01-02~2026-07-29
[resume] 发现 checkpoint, 已完成至 W2022, 跳过之前窗口

======================================================================
[Phase B W2023] 池226只 | train('2018-01-01', '2021-12-31') valid('2022-01-01', '2022-11-30')(embargo) 信号2022-12-01~2023-11-30
======================================================================
    [流动性] 中位数20日均成交额=0.96亿, 一字涨停11条, 停牌34条
[46816:MainThread](2026-07-31 19:19:49,258) INFO - qlib.timer - [log.py:127] - Time cost: 10.433s | Loading data Done
[46816:MainThread](2026-07-31 19:19:50,305) INFO - qlib.timer - [log.py:127] - Time cost: 0.970s | RobustZScoreNorm Done
[46816:MainThread](2026-07-31 19:19:50,464) INFO - qlib.timer - [log.py:127] - Time cost: 0.159s | Fillna Done
[46816:MainThread](2026-07-31 19:19:50,603) INFO - qlib.timer - [log.py:127] - Time cost: 0.048s | DropnaLabel Done
[46816:MainThread](2026-07-31 19:19:51,108) INFO - qlib.timer - [log.py:127] - Time cost: 0.505s | CSZScoreNorm Done
[46816:MainThread](2026-07-31 19:19:51,111) INFO - qlib.timer - [log.py:127] - Time cost: 1.851s | fit & process data Done
[46816:MainThread](2026-07-31 19:19:51,111) INFO - qlib.timer - [log.py:127] - Time cost: 12.286s | Init data Done
    [GATs] 注入特征维度 = 172
[46816:MainThread](2026-07-31 19:19:52,491) INFO - qlib.GATs - [pytorch_gats_ts.py:82] - GATs pytorch version...
[46816:MainThread](2026-07-31 19:19:52,491) INFO - qlib.GATs - [pytorch_gats_ts.py:101] - GATs parameters setting:
d_feat : 172
hidden_size : 64
num_layers : 2
dropout : 0.7
n_epochs : 200
lr : 0.0001
metric : loss
early_stop : 10
optimizer : adam
loss_type : mse
base_model : LSTM
model_path : None
visible_GPU : -1
use_GPU : False
seed : None
[46816:MainThread](2026-07-31 19:19:52,494) INFO - qlib.GATs - [pytorch_gats_ts.py:147] - model:
GATModel(
  (rnn): LSTM(172, 64, num_layers=2, batch_first=True, dropout=0.7)
  (transformation): Linear(in_features=64, out_features=64, bias=True)
  (fc): Linear(in_features=64, out_features=64, bias=True)
  (fc_out): Linear(in_features=64, out_features=1, bias=True)
  (leaky_relu): LeakyReLU(negative_slope=0.01)
  (softmax): Softmax(dim=1)
)
[46816:MainThread](2026-07-31 19:19:52,495) INFO - qlib.GATs - [pytorch_gats_ts.py:148] - model size: 0.0980 MB
[46816:MainThread](2026-07-31 19:19:53,651) INFO - qlib.GATs - [pytorch_gats_ts.py:280] - Loading pretrained model Done...
[46816:MainThread](2026-07-31 19:19:53,652) INFO - qlib.GATs - [pytorch_gats_ts.py:283] - training...
[46816:MainThread](2026-07-31 19:19:53,653) INFO - qlib.GATs - [pytorch_gats_ts.py:287] - Epoch0:
[46816:MainThread](2026-07-31 19:19:53,653) INFO - qlib.GATs - [pytorch_gats_ts.py:288] - training...
[46816:MainThread](2026-07-31 19:21:37,908) INFO - qlib.GATs - [pytorch_gats_ts.py:290] - evaluating...
[46816:MainThread](2026-07-31 19:23:44,307) INFO - qlib.GATs - [pytorch_gats_ts.py:293] - train -0.962929, valid -0.983493
[46816:MainThread](2026-07-31 19:23:44,310) INFO - qlib.GATs - [pytorch_gats_ts.py:287] - Epoch1:
[46816:MainThread](2026-07-31 19:23:44,311) INFO - qlib.GATs - [pytorch_gats_ts.py:288] - training...
[46816:MainThread](2026-07-31 19:25:11,629) INFO - qlib.GATs - [pytorch_gats_ts.py:290] - evaluating...
[46816:MainThread](2026-07-31 19:27:04,185) INFO - qlib.GATs - [pytorch_gats_ts.py:293] - train -0.944871, valid -0.979417
[46816:MainThread](2026-07-31 19:27:04,189) INFO - qlib.GATs - [pytorch_gats_ts.py:287] - Epoch2:
[46816:MainThread](2026-07-31 19:27:04,190) INFO - qlib.GATs - [pytorch_gats_ts.py:288] - training...
[46816:MainThread](2026-07-31 19:28:33,978) INFO - qlib.GATs - [pytorch_gats_ts.py:290] - evaluating...
[46816:MainThread](2026-07-31 19:30:29,678) INFO - qlib.GATs - [pytorch_gats_ts.py:293] - train -0.934617, valid -0.980192
[46816:MainThread](2026-07-31 19:30:29,680) INFO - qlib.GATs - [pytorch_gats_ts.py:287] - Epoch3:
[46816:MainThread](2026-07-31 19:30:29,681) INFO - qlib.GATs - [pytorch_gats_ts.py:288] - training...
[46816:MainThread](2026-07-31 19:31:59,267) INFO - qlib.GATs - [pytorch_gats_ts.py:290] - evaluating...
[46816:MainThread](2026-07-31 19:33:55,396) INFO - qlib.GATs - [pytorch_gats_ts.py:293] - train -0.924487, valid -0.978210
[46816:MainThread](2026-07-31 19:33:55,399) INFO - qlib.GATs - [pytorch_gats_ts.py:287] - Epoch4:
[46816:MainThread](2026-07-31 19:33:55,400) INFO - qlib.GATs - [pytorch_gats_ts.py:288] - training...
[46816:MainThread](2026-07-31 19:35:31,787) INFO - qlib.GATs - [pytorch_gats_ts.py:290] - evaluating...
[46816:MainThread](2026-07-31 19:37:29,005) INFO - qlib.GATs - [pytorch_gats_ts.py:293] - train -0.918075, valid -0.981665
[46816:MainThread](2026-07-31 19:37:29,007) INFO - qlib.GATs - [pytorch_gats_ts.py:287] - Epoch5:
[46816:MainThread](2026-07-31 19:37:29,008) INFO - qlib.GATs - [pytorch_gats_ts.py:288] - training...
[46816:MainThread](2026-07-31 19:39:30,948) INFO - qlib.GATs - [pytorch_gats_ts.py:290] - evaluating...
[46816:MainThread](2026-07-31 19:41:19,730) INFO - qlib.GATs - [pytorch_gats_ts.py:293] - train -0.913846, valid -0.993439
[46816:MainThread](2026-07-31 19:41:19,732) INFO - qlib.GATs - [pytorch_gats_ts.py:287] - Epoch6:
[46816:MainThread](2026-07-31 19:41:19,733) INFO - qlib.GATs - [pytorch_gats_ts.py:288] - training...
[46816:MainThread](2026-07-31 19:42:52,485) INFO - qlib.GATs - [pytorch_gats_ts.py:290] - evaluating...
[46816:MainThread](2026-07-31 19:44:59,423) INFO - qlib.GATs - [pytorch_gats_ts.py:293] - train -0.900493, valid -1.001789
[46816:MainThread](2026-07-31 19:44:59,425) INFO - qlib.GATs - [pytorch_gats_ts.py:287] - Epoch7:
[46816:MainThread](2026-07-31 19:44:59,426) INFO - qlib.GATs - [pytorch_gats_ts.py:288] - training...
[46816:MainThread](2026-07-31 19:46:38,348) INFO - qlib.GATs - [pytorch_gats_ts.py:290] - evaluating...
[46816:MainThread](2026-07-31 19:48:42,035) INFO - qlib.GATs - [pytorch_gats_ts.py:293] - train -0.899507, valid -1.007642
[46816:MainThread](2026-07-31 19:48:42,036) INFO - qlib.GATs - [pytorch_gats_ts.py:287] - Epoch8:
[46816:MainThread](2026-07-31 19:48:42,037) INFO - qlib.GATs - [pytorch_gats_ts.py:288] - training...
[46816:MainThread](2026-07-31 19:50:08,906) INFO - qlib.GATs - [pytorch_gats_ts.py:290] - evaluating...
[46816:MainThread](2026-07-31 19:51:23,277) INFO - qlib.GATs - [pytorch_gats_ts.py:293] - train -0.887221, valid -1.020985
[46816:MainThread](2026-07-31 19:51:23,280) INFO - qlib.GATs - [pytorch_gats_ts.py:287] - Epoch9:
[46816:MainThread](2026-07-31 19:51:23,281) INFO - qlib.GATs - [pytorch_gats_ts.py:288] - training...
[46816:MainThread](2026-07-31 19:52:26,111) INFO - qlib.GATs - [pytorch_gats_ts.py:290] - evaluating...
[46816:MainThread](2026-07-31 19:53:43,495) INFO - qlib.GATs - [pytorch_gats_ts.py:293] - train -0.890747, valid -1.025891
[46816:MainThread](2026-07-31 19:53:43,498) INFO - qlib.GATs - [pytorch_gats_ts.py:287] - Epoch10:
[46816:MainThread](2026-07-31 19:53:43,499) INFO - qlib.GATs - [pytorch_gats_ts.py:288] - training...
[46816:MainThread](2026-07-31 19:54:46,596) INFO - qlib.GATs - [pytorch_gats_ts.py:290] - evaluating...
[46816:MainThread](2026-07-31 19:56:02,777) INFO - qlib.GATs - [pytorch_gats_ts.py:293] - train -0.891269, valid -1.038221
[46816:MainThread](2026-07-31 19:56:02,777) INFO - qlib.GATs - [pytorch_gats_ts.py:287] - Epoch11:
[46816:MainThread](2026-07-31 19:56:02,778) INFO - qlib.GATs - [pytorch_gats_ts.py:288] - training...
[46816:MainThread](2026-07-31 19:57:07,345) INFO - qlib.GATs - [pytorch_gats_ts.py:290] - evaluating...
[46816:MainThread](2026-07-31 19:58:23,491) INFO - qlib.GATs - [pytorch_gats_ts.py:293] - train -0.876130, valid -1.047340
[46816:MainThread](2026-07-31 19:58:23,493) INFO - qlib.GATs - [pytorch_gats_ts.py:287] - Epoch12:
[46816:MainThread](2026-07-31 19:58:23,494) INFO - qlib.GATs - [pytorch_gats_ts.py:288] - training...
[46816:MainThread](2026-07-31 19:59:31,648) INFO - qlib.GATs - [pytorch_gats_ts.py:290] - evaluating...
[46816:MainThread](2026-07-31 20:00:52,013) INFO - qlib.GATs - [pytorch_gats_ts.py:293] - train -0.864569, valid -1.051051
[46816:MainThread](2026-07-31 20:00:52,014) INFO - qlib.GATs - [pytorch_gats_ts.py:287] - Epoch13:
[46816:MainThread](2026-07-31 20:00:52,014) INFO - qlib.GATs - [pytorch_gats_ts.py:288] - training...
[46816:MainThread](2026-07-31 20:01:53,791) INFO - qlib.GATs - [pytorch_gats_ts.py:290] - evaluating...
[46816:MainThread](2026-07-31 20:03:13,866) INFO - qlib.GATs - [pytorch_gats_ts.py:293] - train -0.920092, valid -1.106077
[46816:MainThread](2026-07-31 20:03:13,868) INFO - qlib.GATs - [pytorch_gats_ts.py:305] - early stop
[46816:MainThread](2026-07-31 20:03:13,869) INFO - qlib.GATs - [pytorch_gats_ts.py:308] - best score: -0.978210 @ 3

======================================================================
[Phase B W2024] 池228只 | train('2019-01-01', '2022-12-31') valid('2023-01-01', '2023-11-30')(embargo) 信号2023-12-01~2024-11-30
======================================================================
    [流动性] 中位数20日均成交额=0.99亿, 一字涨停24条, 停牌15条
[46816:MainThread](2026-07-31 20:04:11,033) INFO - qlib.timer - [log.py:127] - Time cost: 15.666s | Loading data Done
[46816:MainThread](2026-07-31 20:04:12,699) INFO - qlib.timer - [log.py:127] - Time cost: 1.561s | RobustZScoreNorm Done
[46816:MainThread](2026-07-31 20:04:13,150) INFO - qlib.timer - [log.py:127] - Time cost: 0.450s | Fillna Done
[46816:MainThread](2026-07-31 20:04:13,401) INFO - qlib.timer - [log.py:127] - Time cost: 0.085s | DropnaLabel Done
[46816:MainThread](2026-07-31 20:04:14,361) INFO - qlib.timer - [log.py:127] - Time cost: 0.959s | CSZScoreNorm Done
[46816:MainThread](2026-07-31 20:04:14,365) INFO - qlib.timer - [log.py:127] - Time cost: 3.331s | fit & process data Done
[46816:MainThread](2026-07-31 20:04:14,366) INFO - qlib.timer - [log.py:127] - Time cost: 19.000s | Init data Done
    [GATs] 注入特征维度 = 172
[46816:MainThread](2026-07-31 20:04:14,427) INFO - qlib.GATs - [pytorch_gats_ts.py:82] - GATs pytorch version...
[46816:MainThread](2026-07-31 20:04:14,427) INFO - qlib.GATs - [pytorch_gats_ts.py:101] - GATs parameters setting:
d_feat : 172
hidden_size : 64
num_layers : 2
dropout : 0.7
n_epochs : 200
lr : 0.0001
metric : loss
early_stop : 10
optimizer : adam
loss_type : mse
base_model : LSTM
model_path : None
visible_GPU : -1
use_GPU : False
seed : None
[46816:MainThread](2026-07-31 20:04:14,432) INFO - qlib.GATs - [pytorch_gats_ts.py:147] - model:
GATModel(
  (rnn): LSTM(172, 64, num_layers=2, batch_first=True, dropout=0.7)
  (transformation): Linear(in_features=64, out_features=64, bias=True)
  (fc): Linear(in_features=64, out_features=64, bias=True)
  (fc_out): Linear(in_features=64, out_features=1, bias=True)
  (leaky_relu): LeakyReLU(negative_slope=0.01)
  (softmax): Softmax(dim=1)
)
[46816:MainThread](2026-07-31 20:04:14,432) INFO - qlib.GATs - [pytorch_gats_ts.py:148] - model size: 0.0980 MB
[46816:MainThread](2026-07-31 20:04:15,222) INFO - qlib.GATs - [pytorch_gats_ts.py:280] - Loading pretrained model Done...
[46816:MainThread](2026-07-31 20:04:15,223) INFO - qlib.GATs - [pytorch_gats_ts.py:283] - training...
[46816:MainThread](2026-07-31 20:04:15,223) INFO - qlib.GATs - [pytorch_gats_ts.py:287] - Epoch0:
[46816:MainThread](2026-07-31 20:04:15,224) INFO - qlib.GATs - [pytorch_gats_ts.py:288] - training...
[46816:MainThread](2026-07-31 20:06:00,621) INFO - qlib.GATs - [pytorch_gats_ts.py:290] - evaluating...
[46816:MainThread](2026-07-31 20:07:51,247) INFO - qlib.GATs - [pytorch_gats_ts.py:293] - train -0.964749, valid -0.981542
[46816:MainThread](2026-07-31 20:07:51,252) INFO - qlib.GATs - [pytorch_gats_ts.py:287] - Epoch1:
[46816:MainThread](2026-07-31 20:07:51,253) INFO - qlib.GATs - [pytorch_gats_ts.py:288] - training...
[46816:MainThread](2026-07-31 20:09:32,966) INFO - qlib.GATs - [pytorch_gats_ts.py:290] - evaluating...
[46816:MainThread](2026-07-31 20:11:35,724) INFO - qlib.GATs - [pytorch_gats_ts.py:293] - train -0.952230, valid -0.977257
[46816:MainThread](2026-07-31 20:11:35,732) INFO - qlib.GATs - [pytorch_gats_ts.py:287] - Epoch2:
[46816:MainThread](2026-07-31 20:11:35,733) INFO - qlib.GATs - [pytorch_gats_ts.py:288] - training...
[46816:MainThread](2026-07-31 20:13:14,204) INFO - qlib.GATs - [pytorch_gats_ts.py:290] - evaluating...
[46816:MainThread](2026-07-31 20:15:03,244) INFO - qlib.GATs - [pytorch_gats_ts.py:293] - train -0.943333, valid -0.972482
[46816:MainThread](2026-07-31 20:15:03,250) INFO - qlib.GATs - [pytorch_gats_ts.py:287] - Epoch3:
[46816:MainThread](2026-07-31 20:15:03,251) INFO - qlib.GATs - [pytorch_gats_ts.py:288] - training...
[46816:MainThread](2026-07-31 20:16:46,255) INFO - qlib.GATs - [pytorch_gats_ts.py:290] - evaluating...
[46816:MainThread](2026-07-31 20:18:39,461) INFO - qlib.GATs - [pytorch_gats_ts.py:293] - train -0.935491, valid -0.975266
[46816:MainThread](2026-07-31 20:18:39,463) INFO - qlib.GATs - [pytorch_gats_ts.py:287] - Epoch4:
[46816:MainThread](2026-07-31 20:18:39,464) INFO - qlib.GATs - [pytorch_gats_ts.py:288] - training...
[46816:MainThread](2026-07-31 20:20:33,600) INFO - qlib.GATs - [pytorch_gats_ts.py:290] - evaluating...
[46816:MainThread](2026-07-31 20:22:36,268) INFO - qlib.GATs - [pytorch_gats_ts.py:293] - train -0.927435, valid -0.973991
[46816:MainThread](2026-07-31 20:22:36,270) INFO - qlib.GATs - [pytorch_gats_ts.py:287] - Epoch5:
[46816:MainThread](2026-07-31 20:22:36,271) INFO - qlib.GATs - [pytorch_gats_ts.py:288] - training...
[46816:MainThread](2026-07-31 20:24:01,939) INFO - qlib.GATs - [pytorch_gats_ts.py:290] - evaluating...
[46816:MainThread](2026-07-31 20:25:46,511) INFO - qlib.GATs - [pytorch_gats_ts.py:293] - train -0.917538, valid -0.976001
[46816:MainThread](2026-07-31 20:25:46,513) INFO - qlib.GATs - [pytorch_gats_ts.py:287] - Epoch6:
[46816:MainThread](2026-07-31 20:25:46,514) INFO - qlib.GATs - [pytorch_gats_ts.py:288] - training...
[46816:MainThread](2026-07-31 20:27:48,509) INFO - qlib.GATs - [pytorch_gats_ts.py:290] - evaluating...
[46816:MainThread](2026-07-31 20:29:41,561) INFO - qlib.GATs - [pytorch_gats_ts.py:293] - train -0.921476, valid -0.989318
[46816:MainThread](2026-07-31 20:29:41,562) INFO - qlib.GATs - [pytorch_gats_ts.py:287] - Epoch7:
[46816:MainThread](2026-07-31 20:29:41,565) INFO - qlib.GATs - [pytorch_gats_ts.py:288] - training...
[46816:MainThread](2026-07-31 20:31:44,850) INFO - qlib.GATs - [pytorch_gats_ts.py:290] - evaluating...
[46816:MainThread](2026-07-31 20:33:54,499) INFO - qlib.GATs - [pytorch_gats_ts.py:293] - train -0.924689, valid -1.007413
[46816:MainThread](2026-07-31 20:33:54,502) INFO - qlib.GATs - [pytorch_gats_ts.py:287] - Epoch8:
[46816:MainThread](2026-07-31 20:33:54,503) INFO - qlib.GATs - [pytorch_gats_ts.py:288] - training...
[46816:MainThread](2026-07-31 20:35:50,695) INFO - qlib.GATs - [pytorch_gats_ts.py:290] - evaluating...
[46816:MainThread](2026-07-31 20:37:47,680) INFO - qlib.GATs - [pytorch_gats_ts.py:293] - train -0.906039, valid -1.001282
[46816:MainThread](2026-07-31 20:37:47,682) INFO - qlib.GATs - [pytorch_gats_ts.py:287] - Epoch9:
[46816:MainThread](2026-07-31 20:37:47,683) INFO - qlib.GATs - [pytorch_gats_ts.py:288] - training...
[46816:MainThread](2026-07-31 20:39:39,322) INFO - qlib.GATs - [pytorch_gats_ts.py:290] - evaluating...
[46816:MainThread](2026-07-31 20:41:35,981) INFO - qlib.GATs - [pytorch_gats_ts.py:293] - train -0.900471, valid -1.004317
[46816:MainThread](2026-07-31 20:41:35,984) INFO - qlib.GATs - [pytorch_gats_ts.py:287] - Epoch10:
[46816:MainThread](2026-07-31 20:41:35,984) INFO - qlib.GATs - [pytorch_gats_ts.py:288] - training...
[46816:MainThread](2026-07-31 20:43:41,617) INFO - qlib.GATs - [pytorch_gats_ts.py:290] - evaluating...
[46816:MainThread](2026-07-31 20:46:21,450) INFO - qlib.GATs - [pytorch_gats_ts.py:293] - train -0.895176, valid -1.003864
[46816:MainThread](2026-07-31 20:46:21,454) INFO - qlib.GATs - [pytorch_gats_ts.py:287] - Epoch11:
[46816:MainThread](2026-07-31 20:46:21,456) INFO - qlib.GATs - [pytorch_gats_ts.py:288] - training...
[46816:MainThread](2026-07-31 20:49:13,947) INFO - qlib.GATs - [pytorch_gats_ts.py:290] - evaluating...
[46816:MainThread](2026-07-31 20:51:46,445) INFO - qlib.GATs - [pytorch_gats_ts.py:293] - train -0.887538, valid -1.004074
[46816:MainThread](2026-07-31 20:51:46,448) INFO - qlib.GATs - [pytorch_gats_ts.py:287] - Epoch12:
[46816:MainThread](2026-07-31 20:51:46,449) INFO - qlib.GATs - [pytorch_gats_ts.py:288] - training...
[46816:MainThread](2026-07-31 20:54:17,613) INFO - qlib.GATs - [pytorch_gats_ts.py:290] - evaluating...
[46816:MainThread](2026-07-31 20:57:30,187) INFO - qlib.GATs - [pytorch_gats_ts.py:293] - train -0.881276, valid -1.011647
[46816:MainThread](2026-07-31 20:57:30,190) INFO - qlib.GATs - [pytorch_gats_ts.py:305] - early stop
[46816:MainThread](2026-07-31 20:57:30,191) INFO - qlib.GATs - [pytorch_gats_ts.py:308] - best score: -0.972482 @ 2

======================================================================
[Phase B W2025] 池274只 | train('2020-01-01', '2023-12-31') valid('2024-01-01', '2024-11-30')(embargo) 信号2024-12-01~2025-11-30
======================================================================
    [流动性] 中位数20日均成交额=1.61亿, 一字涨停50条, 停牌64条
[46816:MainThread](2026-07-31 20:59:12,778) INFO - qlib.timer - [log.py:127] - Time cost: 24.015s | Loading data Done
[46816:MainThread](2026-07-31 20:59:15,348) INFO - qlib.timer - [log.py:127] - Time cost: 2.400s | RobustZScoreNorm Done
[46816:MainThread](2026-07-31 20:59:15,686) INFO - qlib.timer - [log.py:127] - Time cost: 0.337s | Fillna Done
[46816:MainThread](2026-07-31 20:59:16,006) INFO - qlib.timer - [log.py:127] - Time cost: 0.102s | DropnaLabel Done
[46816:MainThread](2026-07-31 20:59:16,916) INFO - qlib.timer - [log.py:127] - Time cost: 0.908s | CSZScoreNorm Done
[46816:MainThread](2026-07-31 20:59:16,920) INFO - qlib.timer - [log.py:127] - Time cost: 4.141s | fit & process data Done
[46816:MainThread](2026-07-31 20:59:16,921) INFO - qlib.timer - [log.py:127] - Time cost: 28.159s | Init data Done
    [GATs] 注入特征维度 = 172
[46816:MainThread](2026-07-31 20:59:16,942) INFO - qlib.GATs - [pytorch_gats_ts.py:82] - GATs pytorch version...
[46816:MainThread](2026-07-31 20:59:16,942) INFO - qlib.GATs - [pytorch_gats_ts.py:101] - GATs parameters setting:
d_feat : 172
hidden_size : 64
num_layers : 2
dropout : 0.7
n_epochs : 200
lr : 0.0001
metric : loss
early_stop : 10
optimizer : adam
loss_type : mse
base_model : LSTM
model_path : None
visible_GPU : -1
use_GPU : False
seed : None
[46816:MainThread](2026-07-31 20:59:16,950) INFO - qlib.GATs - [pytorch_gats_ts.py:147] - model:
GATModel(
  (rnn): LSTM(172, 64, num_layers=2, batch_first=True, dropout=0.7)
  (transformation): Linear(in_features=64, out_features=64, bias=True)
  (fc): Linear(in_features=64, out_features=64, bias=True)
  (fc_out): Linear(in_features=64, out_features=1, bias=True)
  (leaky_relu): LeakyReLU(negative_slope=0.01)
  (softmax): Softmax(dim=1)
)
[46816:MainThread](2026-07-31 20:59:16,951) INFO - qlib.GATs - [pytorch_gats_ts.py:148] - model size: 0.0980 MB
[46816:MainThread](2026-07-31 20:59:18,236) INFO - qlib.GATs - [pytorch_gats_ts.py:280] - Loading pretrained model Done...
[46816:MainThread](2026-07-31 20:59:18,237) INFO - qlib.GATs - [pytorch_gats_ts.py:283] - training...
[46816:MainThread](2026-07-31 20:59:18,237) INFO - qlib.GATs - [pytorch_gats_ts.py:287] - Epoch0:
[46816:MainThread](2026-07-31 20:59:18,238) INFO - qlib.GATs - [pytorch_gats_ts.py:288] - training...
[46816:MainThread](2026-07-31 21:01:18,858) INFO - qlib.GATs - [pytorch_gats_ts.py:290] - evaluating...
[46816:MainThread](2026-07-31 21:03:11,070) INFO - qlib.GATs - [pytorch_gats_ts.py:293] - train -0.971119, valid -0.983167
[46816:MainThread](2026-07-31 21:03:11,073) INFO - qlib.GATs - [pytorch_gats_ts.py:287] - Epoch1:
[46816:MainThread](2026-07-31 21:03:11,074) INFO - qlib.GATs - [pytorch_gats_ts.py:288] - training...
[46816:MainThread](2026-07-31 21:05:13,748) INFO - qlib.GATs - [pytorch_gats_ts.py:290] - evaluating...
[46816:MainThread](2026-07-31 21:07:11,736) INFO - qlib.GATs - [pytorch_gats_ts.py:293] - train -0.953698, valid -0.987784
[46816:MainThread](2026-07-31 21:07:11,738) INFO - qlib.GATs - [pytorch_gats_ts.py:287] - Epoch2:
[46816:MainThread](2026-07-31 21:07:11,738) INFO - qlib.GATs - [pytorch_gats_ts.py:288] - training...
[46816:MainThread](2026-07-31 21:09:13,646) INFO - qlib.GATs - [pytorch_gats_ts.py:290] - evaluating...
[46816:MainThread](2026-07-31 21:11:23,720) INFO - qlib.GATs - [pytorch_gats_ts.py:293] - train -0.941245, valid -0.986813
[46816:MainThread](2026-07-31 21:11:23,722) INFO - qlib.GATs - [pytorch_gats_ts.py:287] - Epoch3:
[46816:MainThread](2026-07-31 21:11:23,723) INFO - qlib.GATs - [pytorch_gats_ts.py:288] - training...
[46816:MainThread](2026-07-31 21:13:38,285) INFO - qlib.GATs - [pytorch_gats_ts.py:290] - evaluating...
[46816:MainThread](2026-07-31 21:16:12,260) INFO - qlib.GATs - [pytorch_gats_ts.py:293] - train -0.929563, valid -0.997506
[46816:MainThread](2026-07-31 21:16:12,265) INFO - qlib.GATs - [pytorch_gats_ts.py:287] - Epoch4:
[46816:MainThread](2026-07-31 21:16:12,267) INFO - qlib.GATs - [pytorch_gats_ts.py:288] - training...
[46816:MainThread](2026-07-31 21:18:47,153) INFO - qlib.GATs - [pytorch_gats_ts.py:290] - evaluating...
[46816:MainThread](2026-07-31 21:21:28,994) INFO - qlib.GATs - [pytorch_gats_ts.py:293] - train -0.915056, valid -0.989557
[46816:MainThread](2026-07-31 21:21:28,998) INFO - qlib.GATs - [pytorch_gats_ts.py:287] - Epoch5:
[46816:MainThread](2026-07-31 21:21:28,999) INFO - qlib.GATs - [pytorch_gats_ts.py:288] - training...
[46816:MainThread](2026-07-31 21:25:09,809) INFO - qlib.GATs - [pytorch_gats_ts.py:290] - evaluating...
[46816:MainThread](2026-07-31 21:28:01,272) INFO - qlib.GATs - [pytorch_gats_ts.py:293] - train -0.906304, valid -0.989531
[46816:MainThread](2026-07-31 21:28:01,275) INFO - qlib.GATs - [pytorch_gats_ts.py:287] - Epoch6:
[46816:MainThread](2026-07-31 21:28:01,276) INFO - qlib.GATs - [pytorch_gats_ts.py:288] - training...
[46816:MainThread](2026-07-31 21:30:58,507) INFO - qlib.GATs - [pytorch_gats_ts.py:290] - evaluating...
[46816:MainThread](2026-07-31 21:33:44,165) INFO - qlib.GATs - [pytorch_gats_ts.py:293] - train -0.895201, valid -0.996195
[46816:MainThread](2026-07-31 21:33:44,166) INFO - qlib.GATs - [pytorch_gats_ts.py:287] - Epoch7:
[46816:MainThread](2026-07-31 21:33:44,166) INFO - qlib.GATs - [pytorch_gats_ts.py:288] - training...
[46816:MainThread](2026-07-31 21:35:25,895) INFO - qlib.GATs - [pytorch_gats_ts.py:290] - evaluating...
[46816:MainThread](2026-07-31 21:36:53,717) INFO - qlib.GATs - [pytorch_gats_ts.py:293] - train -0.884815, valid -0.996864
[46816:MainThread](2026-07-31 21:36:53,717) INFO - qlib.GATs - [pytorch_gats_ts.py:287] - Epoch8:
[46816:MainThread](2026-07-31 21:36:53,718) INFO - qlib.GATs - [pytorch_gats_ts.py:288] - training...
[46816:MainThread](2026-07-31 21:38:14,279) INFO - qlib.GATs - [pytorch_gats_ts.py:290] - evaluating...
[46816:MainThread](2026-07-31 21:39:50,395) INFO - qlib.GATs - [pytorch_gats_ts.py:293] - train -0.878676, valid -1.007689
[46816:MainThread](2026-07-31 21:39:50,396) INFO - qlib.GATs - [pytorch_gats_ts.py:287] - Epoch9:
[46816:MainThread](2026-07-31 21:39:50,396) INFO - qlib.GATs - [pytorch_gats_ts.py:288] - training...
[46816:MainThread](2026-07-31 21:41:11,106) INFO - qlib.GATs - [pytorch_gats_ts.py:290] - evaluating...
[46816:MainThread](2026-07-31 21:42:47,453) INFO - qlib.GATs - [pytorch_gats_ts.py:293] - train -0.871436, valid -1.015534
[46816:MainThread](2026-07-31 21:42:47,455) INFO - qlib.GATs - [pytorch_gats_ts.py:287] - Epoch10:
[46816:MainThread](2026-07-31 21:42:47,456) INFO - qlib.GATs - [pytorch_gats_ts.py:288] - training...
[46816:MainThread](2026-07-31 21:44:35,563) INFO - qlib.GATs - [pytorch_gats_ts.py:290] - evaluating...
[46816:MainThread](2026-07-31 21:46:04,557) INFO - qlib.GATs - [pytorch_gats_ts.py:293] - train -0.853755, valid -1.007803
[46816:MainThread](2026-07-31 21:46:04,559) INFO - qlib.GATs - [pytorch_gats_ts.py:305] - early stop
[46816:MainThread](2026-07-31 21:46:04,560) INFO - qlib.GATs - [pytorch_gats_ts.py:308] - best score: -0.983167 @ 0

======================================================================
[Phase B W2026] 池303只 | train('2021-01-01', '2024-12-31') valid('2025-01-01', '2025-11-30')(embargo) 信号2025-12-01~2026-06-30
======================================================================
    [流动性] 中位数20日均成交额=1.42亿, 一字涨停16条, 停牌29条
[46816:MainThread](2026-07-31 21:47:02,257) INFO - qlib.timer - [log.py:127] - Time cost: 15.988s | Loading data Done
[46816:MainThread](2026-07-31 21:47:04,129) INFO - qlib.timer - [log.py:127] - Time cost: 1.749s | RobustZScoreNorm Done
[46816:MainThread](2026-07-31 21:47:04,390) INFO - qlib.timer - [log.py:127] - Time cost: 0.261s | Fillna Done
[46816:MainThread](2026-07-31 21:47:04,625) INFO - qlib.timer - [log.py:127] - Time cost: 0.088s | DropnaLabel Done
[46816:MainThread](2026-07-31 21:47:05,246) INFO - qlib.timer - [log.py:127] - Time cost: 0.620s | CSZScoreNorm Done
[46816:MainThread](2026-07-31 21:47:05,251) INFO - qlib.timer - [log.py:127] - Time cost: 2.993s | fit & process data Done
[46816:MainThread](2026-07-31 21:47:05,252) INFO - qlib.timer - [log.py:127] - Time cost: 18.984s | Init data Done
    [GATs] 注入特征维度 = 172
[46816:MainThread](2026-07-31 21:47:05,264) INFO - qlib.GATs - [pytorch_gats_ts.py:82] - GATs pytorch version...
[46816:MainThread](2026-07-31 21:47:05,265) INFO - qlib.GATs - [pytorch_gats_ts.py:101] - GATs parameters setting:
d_feat : 172
hidden_size : 64
num_layers : 2
dropout : 0.7
n_epochs : 200
lr : 0.0001
metric : loss
early_stop : 10
optimizer : adam
loss_type : mse
base_model : LSTM
model_path : None
visible_GPU : -1
use_GPU : False
seed : None
[46816:MainThread](2026-07-31 21:47:05,268) INFO - qlib.GATs - [pytorch_gats_ts.py:147] - model:
GATModel(
  (rnn): LSTM(172, 64, num_layers=2, batch_first=True, dropout=0.7)
  (transformation): Linear(in_features=64, out_features=64, bias=True)
  (fc): Linear(in_features=64, out_features=64, bias=True)
  (fc_out): Linear(in_features=64, out_features=1, bias=True)
  (leaky_relu): LeakyReLU(negative_slope=0.01)
  (softmax): Softmax(dim=1)
)
[46816:MainThread](2026-07-31 21:47:05,268) INFO - qlib.GATs - [pytorch_gats_ts.py:148] - model size: 0.0980 MB
[46816:MainThread](2026-07-31 21:47:06,138) INFO - qlib.GATs - [pytorch_gats_ts.py:280] - Loading pretrained model Done...
[46816:MainThread](2026-07-31 21:47:06,139) INFO - qlib.GATs - [pytorch_gats_ts.py:283] - training...
[46816:MainThread](2026-07-31 21:47:06,140) INFO - qlib.GATs - [pytorch_gats_ts.py:287] - Epoch0:
[46816:MainThread](2026-07-31 21:47:06,140) INFO - qlib.GATs - [pytorch_gats_ts.py:288] - training...
[46816:MainThread](2026-07-31 21:48:37,839) INFO - qlib.GATs - [pytorch_gats_ts.py:290] - evaluating...
[46816:MainThread](2026-07-31 21:50:12,908) INFO - qlib.GATs - [pytorch_gats_ts.py:293] - train -0.983705, valid -0.994981
[46816:MainThread](2026-07-31 21:50:12,913) INFO - qlib.GATs - [pytorch_gats_ts.py:287] - Epoch1:
[46816:MainThread](2026-07-31 21:50:12,914) INFO - qlib.GATs - [pytorch_gats_ts.py:288] - training...
[46816:MainThread](2026-07-31 21:51:45,967) INFO - qlib.GATs - [pytorch_gats_ts.py:290] - evaluating...
[46816:MainThread](2026-07-31 21:53:15,838) INFO - qlib.GATs - [pytorch_gats_ts.py:293] - train -0.972490, valid -1.000239
[46816:MainThread](2026-07-31 21:53:15,840) INFO - qlib.GATs - [pytorch_gats_ts.py:287] - Epoch2:
[46816:MainThread](2026-07-31 21:53:15,840) INFO - qlib.GATs - [pytorch_gats_ts.py:288] - training...
[46816:MainThread](2026-07-31 21:54:40,616) INFO - qlib.GATs - [pytorch_gats_ts.py:290] - evaluating...
[46816:MainThread](2026-07-31 21:56:09,947) INFO - qlib.GATs - [pytorch_gats_ts.py:293] - train -0.962757, valid -1.024882
[46816:MainThread](2026-07-31 21:56:09,949) INFO - qlib.GATs - [pytorch_gats_ts.py:287] - Epoch3:
[46816:MainThread](2026-07-31 21:56:09,949) INFO - qlib.GATs - [pytorch_gats_ts.py:288] - training...
[46816:MainThread](2026-07-31 21:57:40,165) INFO - qlib.GATs - [pytorch_gats_ts.py:290] - evaluating...
[46816:MainThread](2026-07-31 21:59:08,605) INFO - qlib.GATs - [pytorch_gats_ts.py:293] - train -0.952245, valid -1.014503
[46816:MainThread](2026-07-31 21:59:08,607) INFO - qlib.GATs - [pytorch_gats_ts.py:287] - Epoch4:
[46816:MainThread](2026-07-31 21:59:08,607) INFO - qlib.GATs - [pytorch_gats_ts.py:288] - training...
[46816:MainThread](2026-07-31 22:00:32,647) INFO - qlib.GATs - [pytorch_gats_ts.py:290] - evaluating...
[46816:MainThread](2026-07-31 22:02:02,047) INFO - qlib.GATs - [pytorch_gats_ts.py:293] - train -0.944787, valid -1.017007
[46816:MainThread](2026-07-31 22:02:02,048) INFO - qlib.GATs - [pytorch_gats_ts.py:287] - Epoch5:
[46816:MainThread](2026-07-31 22:02:02,049) INFO - qlib.GATs - [pytorch_gats_ts.py:288] - training...
[46816:MainThread](2026-07-31 22:03:26,451) INFO - qlib.GATs - [pytorch_gats_ts.py:290] - evaluating...
[46816:MainThread](2026-07-31 22:04:56,918) INFO - qlib.GATs - [pytorch_gats_ts.py:293] - train -0.938905, valid -1.037570
[46816:MainThread](2026-07-31 22:04:56,920) INFO - qlib.GATs - [pytorch_gats_ts.py:287] - Epoch6:
[46816:MainThread](2026-07-31 22:04:56,921) INFO - qlib.GATs - [pytorch_gats_ts.py:288] - training...
[46816:MainThread](2026-07-31 22:06:23,191) INFO - qlib.GATs - [pytorch_gats_ts.py:290] - evaluating...
[46816:MainThread](2026-07-31 22:07:50,532) INFO - qlib.GATs - [pytorch_gats_ts.py:293] - train -0.931132, valid -1.032451
[46816:MainThread](2026-07-31 22:07:50,534) INFO - qlib.GATs - [pytorch_gats_ts.py:287] - Epoch7:
[46816:MainThread](2026-07-31 22:07:50,534) INFO - qlib.GATs - [pytorch_gats_ts.py:288] - training...
[46816:MainThread](2026-07-31 22:09:14,003) INFO - qlib.GATs - [pytorch_gats_ts.py:290] - evaluating...
[46816:MainThread](2026-07-31 22:10:41,087) INFO - qlib.GATs - [pytorch_gats_ts.py:293] - train -0.926114, valid -1.026324
[46816:MainThread](2026-07-31 22:10:41,090) INFO - qlib.GATs - [pytorch_gats_ts.py:287] - Epoch8:
[46816:MainThread](2026-07-31 22:10:41,091) INFO - qlib.GATs - [pytorch_gats_ts.py:288] - training...
[46816:MainThread](2026-07-31 22:12:15,355) INFO - qlib.GATs - [pytorch_gats_ts.py:290] - evaluating...
[46816:MainThread](2026-07-31 22:13:53,206) INFO - qlib.GATs - [pytorch_gats_ts.py:293] - train -0.924544, valid -1.054844
[46816:MainThread](2026-07-31 22:13:53,208) INFO - qlib.GATs - [pytorch_gats_ts.py:287] - Epoch9:
[46816:MainThread](2026-07-31 22:13:53,209) INFO - qlib.GATs - [pytorch_gats_ts.py:288] - training...
[46816:MainThread](2026-07-31 22:15:34,254) INFO - qlib.GATs - [pytorch_gats_ts.py:290] - evaluating...
[46816:MainThread](2026-07-31 22:17:12,867) INFO - qlib.GATs - [pytorch_gats_ts.py:293] - train -0.915594, valid -1.042023
[46816:MainThread](2026-07-31 22:17:12,868) INFO - qlib.GATs - [pytorch_gats_ts.py:287] - Epoch10:
[46816:MainThread](2026-07-31 22:17:12,869) INFO - qlib.GATs - [pytorch_gats_ts.py:288] - training...
[46816:MainThread](2026-07-31 22:18:54,947) INFO - qlib.GATs - [pytorch_gats_ts.py:290] - evaluating...
[46816:MainThread](2026-07-31 22:20:42,626) INFO - qlib.GATs - [pytorch_gats_ts.py:293] - train -0.908351, valid -1.058832
[46816:MainThread](2026-07-31 22:20:42,628) INFO - qlib.GATs - [pytorch_gats_ts.py:305] - early stop
[46816:MainThread](2026-07-31 22:20:42,629) INFO - qlib.GATs - [pytorch_gats_ts.py:308] - best score: -0.994981 @ 0
[CHECK] 沪深300基准(csi300_cache): 2019-01-02 ~ 2026-07-28 (1835天)

================================================================================================
  Phase B 分年收益 (完整7窗口滚动) (月频, T+1, 往返成本0.4%)
================================================================================================
策略                       2020     2021     2022     2023     2024     2025     2026
GATs Top10            59.6%    87.7%    20.7%    51.9%    83.0%    51.8%   -12.5%
value_comp Top20       7.9%    21.6%    10.0%    37.1%    39.2%    24.0%    -0.5%
十年双正池等权               21.7%    13.4%    -8.9%     5.9%    11.1%    17.6%    -7.6%
沪深300基准               27.2%    -5.2%   -21.6%   -11.4%    14.7%    17.7%    -1.3%

================================================================================================
  Phase B 整体指标 (图1口径; 与 value_comp Top20 头对头)
================================================================================================
              策略     年化收益  年化(剔20)     年化波动 Sharpe     最大回撤 Calmar     IC RankIC      换手率  交易次数
      GATs Top10   48.91%   47.00%   28.20%   1.73  -29.44%   1.66 0.1348 0.1291   56.92%   439
value_comp Top20   20.66%   23.11%   20.50%   1.01  -19.34%   1.07 0.0582 0.0780   16.50%   226
         十年双正池等权    7.58%    5.19%   20.78%   0.36  -27.10%   0.28   n/a    n/a     9.14%   663
         沪深300基准    1.69%   -2.35%   18.74%   0.09  -45.60%   0.04   n/a    n/a     0.00%     0

[+] Phase B 结果已存 /Users/11164591/Documents/Qoder目录/qlib/quant/outputs/benchmark_phaseB_gats.csv
/Users/11164591/Library/Python/3.9/lib/python/site-packages/joblib/externals/loky/backend/resource_tracker.py:359: UserWarning: resource_tracker: There appear to be 12 leaked folder objects to clean up at shutdown
  warnings.warn(
/Users/11164591/Library/Python/3.9/lib/python/site-packages/joblib/externals/loky/backend/resource_tracker.py:375: UserWarning: resource_tracker: /var/folders/g3/k9jmnbnx6xv37wjjzpv4mxjswf966k/T/joblib_memmapping_folder_2096_9f50e7ad300e4bd6b9edddce9df2d3e8_d5648e4f769f4129b4c49939160960cf: FileNotFoundError(2, 'No such file or directory')
  warnings.warn(f"resource_tracker: {name}: {e!r}")
/Users/11164591/Library/Python/3.9/lib/python/site-packages/joblib/externals/loky/backend/resource_tracker.py:375: UserWarning: resource_tracker: /var/folders/g3/k9jmnbnx6xv37wjjzpv4mxjswf966k/T/joblib_memmapping_folder_2096_2ca02188d4e74f09b1b65dc6db15df90_7f04bb2b94ca496f8ac17db1f5b4a752: FileNotFoundError(2, 'No such file or directory')
  warnings.warn(f"resource_tracker: {name}: {e!r}")
/Users/11164591/Library/Python/3.9/lib/python/site-packages/joblib/externals/loky/backend/resource_tracker.py:375: UserWarning: resource_tracker: /var/folders/g3/k9jmnbnx6xv37wjjzpv4mxjswf966k/T/joblib_memmapping_folder_2096_598f8c5fd6ac4f83a11537f4c7fc7053_ec15aeb0e1f84602be2918c6df84b906: FileNotFoundError(2, 'No such file or directory')
  warnings.warn(f"resource_tracker: {name}: {e!r}")
/Users/11164591/Library/Python/3.9/lib/python/site-packages/joblib/externals/loky/backend/resource_tracker.py:375: UserWarning: resource_tracker: /var/folders/g3/k9jmnbnx6xv37wjjzpv4mxjswf966k/T/joblib_memmapping_folder_2096_437c0747df08440ba7b02ed95e28163d_e3be754765d54bf7b05f8ef7db2bf553: FileNotFoundError(2, 'No such file or directory')
  warnings.warn(f"resource_tracker: {name}: {e!r}")
/Users/11164591/Library/Python/3.9/lib/python/site-packages/joblib/externals/loky/backend/resource_tracker.py:375: UserWarning: resource_tracker: /var/folders/g3/k9jmnbnx6xv37wjjzpv4mxjswf966k/T/joblib_memmapping_folder_2096_05dcd93174a74c7a910672f6931aaa57_0ab2999206b24e61b3adec71dab7c44d: FileNotFoundError(2, 'No such file or directory')
  warnings.warn(f"resource_tracker: {name}: {e!r}")
/Users/11164591/Library/Python/3.9/lib/python/site-packages/joblib/externals/loky/backend/resource_tracker.py:375: UserWarning: resource_tracker: /var/folders/g3/k9jmnbnx6xv37wjjzpv4mxjswf966k/T/joblib_memmapping_folder_2096_1d194fb41a7f43369c50089cdf386528_1da837062f484d85b50f3a2c189ceeb3: FileNotFoundError(2, 'No such file or directory')
  warnings.warn(f"resource_tracker: {name}: {e!r}")
/Users/11164591/Library/Python/3.9/lib/python/site-packages/joblib/externals/loky/backend/resource_tracker.py:375: UserWarning: resource_tracker: /var/folders/g3/k9jmnbnx6xv37wjjzpv4mxjswf966k/T/joblib_memmapping_folder_2096_6a87846e621443bcaf19b4c20fd87d77_70531776985441b28e2938bcf47aabe7: FileNotFoundError(2, 'No such file or directory')
  warnings.warn(f"resource_tracker: {name}: {e!r}")
/Users/11164591/Library/Python/3.9/lib/python/site-packages/joblib/externals/loky/backend/resource_tracker.py:375: UserWarning: resource_tracker: /var/folders/g3/k9jmnbnx6xv37wjjzpv4mxjswf966k/T/joblib_memmapping_folder_2096_2ea1a8e396524855b30b033b695ca561_a00f357c358e4c53a26ba3a9b2a78d49: FileNotFoundError(2, 'No such file or directory')
  warnings.warn(f"resource_tracker: {name}: {e!r}")
/Users/11164591/Library/Python/3.9/lib/python/site-packages/joblib/externals/loky/backend/resource_tracker.py:375: UserWarning: resource_tracker: /var/folders/g3/k9jmnbnx6xv37wjjzpv4mxjswf966k/T/joblib_memmapping_folder_2096_b59dfb268ad34932ba0c738ee625f744_e76d2802f5b64945ab7325252bbd7842: FileNotFoundError(2, 'No such file or directory')
  warnings.warn(f"resource_tracker: {name}: {e!r}")
/Users/11164591/Library/Python/3.9/lib/python/site-packages/joblib/externals/loky/backend/resource_tracker.py:375: UserWarning: resource_tracker: /var/folders/g3/k9jmnbnx6xv37wjjzpv4mxjswf966k/T/joblib_memmapping_folder_2096_9876968140be4d62ba6e6dcd20edba1a_ce5b4339aa58426d922d883dd8d45c69: FileNotFoundError(2, 'No such file or directory')
  warnings.warn(f"resource_tracker: {name}: {e!r}")
/Users/11164591/Library/Python/3.9/lib/python/site-packages/joblib/externals/loky/backend/resource_tracker.py:375: UserWarning: resource_tracker: /var/folders/g3/k9jmnbnx6xv37wjjzpv4mxjswf966k/T/joblib_memmapping_folder_2096_ba6a57776c5f46499c5592e3cd06eae6_0f56036024fa43a6af626931a04dd5ea: FileNotFoundError(2, 'No such file or directory')
  warnings.warn(f"resource_tracker: {name}: {e!r}")
/Users/11164591/Library/Python/3.9/lib/python/site-packages/joblib/externals/loky/backend/resource_tracker.py:375: UserWarning: resource_tracker: /var/folders/g3/k9jmnbnx6xv37wjjzpv4mxjswf966k/T/joblib_memmapping_folder_2096_d51acabe353340b2be6f04820dd15da2_b2ddc9cb0de042199dfa4da8f3a868a4: FileNotFoundError(2, 'No such file or directory')
  warnings.warn(f"resource_tracker: {name}: {e!r}")
/Library/Developer/CommandLineTools/Library/Frameworks/Python3.framework/Versions/3.9/lib/python3.9/multiprocessing/resource_tracker.py:216: UserWarning: resource_tracker: There appear to be 15 leaked semaphore objects to clean up at shutdown
  warnings.warn('resource_tracker: There appear to be %d '
