
========================================================================
[Phase A] XGBoost  (wall-clock 预算 2700s)
========================================================================
[95291:MainThread](2026-07-30 11:25:20,132) INFO - qlib.Initialization - [config.py:473] - default_conf: client.
[95291:MainThread](2026-07-30 11:25:21,382) INFO - qlib.Initialization - [__init__.py:82] - qlib successfully initialized based on client settings.
[95291:MainThread](2026-07-30 11:25:21,383) INFO - qlib.Initialization - [__init__.py:84] - data_path={'__DEFAULT_FREQ': PosixPath('/Users/11164591/.qlib/qlib_data/cn_data_fixed')}
[CHECK] fcf_pit: (93640, 6), 5454只, 1996~2025 | profit_pit: (55675, 4), 5448只, 1998~2025
[CHECK] 交易日历: 2014-01-02 ~ 2026-07-23 (3019天)
[CHECK] 估值缓存: 2079日 × 472股, 2018-01-02~2026-07-29
[worker XGBoost] 冻结股票池 226 只 | train('2016-01-01', '2021-12-31') valid('2022-01-01', '2022-11-30')(embargo) 信号('2022-12-01', '2026-06-30')
[95291:MainThread](2026-07-30 11:26:21,069) INFO - qlib.timer - [log.py:127] - Time cost: 49.636s | Loading data Done
[95291:MainThread](2026-07-30 11:26:26,796) INFO - qlib.timer - [log.py:127] - Time cost: 5.284s | RobustZScoreNorm Done
[95291:MainThread](2026-07-30 11:26:27,867) INFO - qlib.timer - [log.py:127] - Time cost: 1.069s | Fillna Done
[95291:MainThread](2026-07-30 11:26:28,752) INFO - qlib.timer - [log.py:127] - Time cost: 0.268s | DropnaLabel Done
[95291:MainThread](2026-07-30 11:26:35,844) INFO - qlib.timer - [log.py:127] - Time cost: 7.091s | CSZScoreNorm Done
[95291:MainThread](2026-07-30 11:26:35,869) INFO - qlib.timer - [log.py:127] - Time cost: 14.799s | fit & process data Done
[95291:MainThread](2026-07-30 11:26:35,870) INFO - qlib.timer - [log.py:127] - Time cost: 64.443s | Init data Done
[0]	train-rmse:0.99304	valid-rmse:0.99635
[20]	train-rmse:0.94169	valid-rmse:0.99053
[40]	train-rmse:0.91796	valid-rmse:0.98966
[60]	train-rmse:0.90319	valid-rmse:0.98940
[80]	train-rmse:0.88699	valid-rmse:0.98999
[100]	train-rmse:0.87326	valid-rmse:0.99080
[108]	train-rmse:0.86852	valid-rmse:0.99107
    [流动性] 中位数20日均成交额=1.26亿, 一字涨停59条, 停牌130条
[CHECK] 沪深300基准(csi300_cache): 2019-01-02 ~ 2026-07-28 (1835天)
[worker XGBoost] status=ok 用时153.2s

========================================================================
[Phase A] LightGBM  (wall-clock 预算 2700s)
========================================================================
[96404:MainThread](2026-07-30 11:27:58,677) INFO - qlib.Initialization - [config.py:473] - default_conf: client.
[96404:MainThread](2026-07-30 11:27:59,732) INFO - qlib.Initialization - [__init__.py:82] - qlib successfully initialized based on client settings.
[96404:MainThread](2026-07-30 11:27:59,733) INFO - qlib.Initialization - [__init__.py:84] - data_path={'__DEFAULT_FREQ': PosixPath('/Users/11164591/.qlib/qlib_data/cn_data_fixed')}
[CHECK] fcf_pit: (93640, 6), 5454只, 1996~2025 | profit_pit: (55675, 4), 5448只, 1998~2025
[CHECK] 交易日历: 2014-01-02 ~ 2026-07-23 (3019天)
[CHECK] 估值缓存: 2079日 × 472股, 2018-01-02~2026-07-29
[worker LightGBM] 冻结股票池 226 只 | train('2016-01-01', '2021-12-31') valid('2022-01-01', '2022-11-30')(embargo) 信号('2022-12-01', '2026-06-30')
[96404:MainThread](2026-07-30 11:28:50,007) INFO - qlib.timer - [log.py:127] - Time cost: 42.345s | Loading data Done
[96404:MainThread](2026-07-30 11:28:56,550) INFO - qlib.timer - [log.py:127] - Time cost: 6.092s | RobustZScoreNorm Done
[96404:MainThread](2026-07-30 11:28:57,711) INFO - qlib.timer - [log.py:127] - Time cost: 1.157s | Fillna Done
[96404:MainThread](2026-07-30 11:28:58,141) INFO - qlib.timer - [log.py:127] - Time cost: 0.189s | DropnaLabel Done
[96404:MainThread](2026-07-30 11:29:03,206) INFO - qlib.timer - [log.py:127] - Time cost: 5.065s | CSZScoreNorm Done
[96404:MainThread](2026-07-30 11:29:03,215) INFO - qlib.timer - [log.py:127] - Time cost: 13.207s | fit & process data Done
[96404:MainThread](2026-07-30 11:29:03,217) INFO - qlib.timer - [log.py:127] - Time cost: 55.561s | Init data Done
[96404:MainThread](2026-07-30 11:29:35,272) INFO - qlib.workflow - [exp.py:258] - Experiment 409026787405336840 starts running ...
[96404:MainThread](2026-07-30 11:29:35,797) INFO - qlib.workflow - [recorder.py:345] - Recorder 2847e63f4746474faea57e09c7463b12 starts running under Experiment 409026787405336840 ...
Training until validation scores don't improve for 50 rounds
[20]	train's l2: 0.900948	valid's l2: 0.982588
[40]	train's l2: 0.86506	valid's l2: 0.984543
[60]	train's l2: 0.836749	valid's l2: 0.98809
Early stopping, best iteration is:
[14]	train's l2: 0.913596	valid's l2: 0.981838
    [流动性] 中位数20日均成交额=1.26亿, 一字涨停59条, 停牌130条
[CHECK] 沪深300基准(csi300_cache): 2019-01-02 ~ 2026-07-28 (1835天)
[worker LightGBM] status=ok 用时131.0s
[96404:MainThread](2026-07-30 11:30:10,256) INFO - qlib.timer - [log.py:127] - Time cost: 0.000s | waiting `async_log` Done

========================================================================
[Phase A] CatBoost  (wall-clock 预算 2700s)
========================================================================
[97106:MainThread](2026-07-30 11:30:17,295) INFO - qlib.Initialization - [config.py:473] - default_conf: client.
[97106:MainThread](2026-07-30 11:30:18,880) INFO - qlib.Initialization - [__init__.py:82] - qlib successfully initialized based on client settings.
[97106:MainThread](2026-07-30 11:30:18,884) INFO - qlib.Initialization - [__init__.py:84] - data_path={'__DEFAULT_FREQ': PosixPath('/Users/11164591/.qlib/qlib_data/cn_data_fixed')}
[CHECK] fcf_pit: (93640, 6), 5454只, 1996~2025 | profit_pit: (55675, 4), 5448只, 1998~2025
[CHECK] 交易日历: 2014-01-02 ~ 2026-07-23 (3019天)
[CHECK] 估值缓存: 2079日 × 472股, 2018-01-02~2026-07-29
[worker CatBoost] 冻结股票池 226 只 | train('2016-01-01', '2021-12-31') valid('2022-01-01', '2022-11-30')(embargo) 信号('2022-12-01', '2026-06-30')
[97106:MainThread](2026-07-30 11:31:21,535) INFO - qlib.timer - [log.py:127] - Time cost: 48.820s | Loading data Done
[97106:MainThread](2026-07-30 11:31:27,325) INFO - qlib.timer - [log.py:127] - Time cost: 5.510s | RobustZScoreNorm Done
[97106:MainThread](2026-07-30 11:31:28,391) INFO - qlib.timer - [log.py:127] - Time cost: 1.064s | Fillna Done
[97106:MainThread](2026-07-30 11:31:29,114) INFO - qlib.timer - [log.py:127] - Time cost: 0.238s | DropnaLabel Done
[97106:MainThread](2026-07-30 11:31:35,384) INFO - qlib.timer - [log.py:127] - Time cost: 6.262s | CSZScoreNorm Done
[97106:MainThread](2026-07-30 11:31:35,394) INFO - qlib.timer - [log.py:127] - Time cost: 13.858s | fit & process data Done
[97106:MainThread](2026-07-30 11:31:35,395) INFO - qlib.timer - [log.py:127] - Time cost: 62.683s | Init data Done
0:	learn: 0.9946144	test: 0.9964895	best: 0.9964895 (0)	total: 1.66s	remaining: 27m 42s
20:	learn: 0.9659529	test: 0.9922775	best: 0.9922775 (20)	total: 22.9s	remaining: 17m 46s
40:	learn: 0.9541064	test: 0.9911461	best: 0.9911343 (39)	total: 34.5s	remaining: 13m 27s
60:	learn: 0.9469989	test: 0.9907090	best: 0.9906587 (56)	total: 49s	remaining: 12m 34s
80:	learn: 0.9416023	test: 0.9904820	best: 0.9904820 (80)	total: 1m 4s	remaining: 12m 11s
100:	learn: 0.9371266	test: 0.9905130	best: 0.9902864 (93)	total: 1m 16s	remaining: 11m 19s
120:	learn: 0.9331164	test: 0.9905591	best: 0.9902864 (93)	total: 1m 29s	remaining: 10m 51s
140:	learn: 0.9293889	test: 0.9910318	best: 0.9902864 (93)	total: 1m 43s	remaining: 10m 30s
Stopped by overfitting detector  (50 iterations wait)

bestTest = 0.9902864251
bestIteration = 93

Shrink model to first 94 iterations.
    [流动性] 中位数20日均成交额=1.26亿, 一字涨停59条, 停牌130条
[CHECK] 沪深300基准(csi300_cache): 2019-01-02 ~ 2026-07-28 (1835天)
[worker CatBoost] status=ok 用时242.6s

========================================================================
[Phase A] Linear  (wall-clock 预算 2700s)
========================================================================
[98461:MainThread](2026-07-30 11:34:26,099) INFO - qlib.Initialization - [config.py:473] - default_conf: client.
[98461:MainThread](2026-07-30 11:34:27,051) INFO - qlib.Initialization - [__init__.py:82] - qlib successfully initialized based on client settings.
[98461:MainThread](2026-07-30 11:34:27,052) INFO - qlib.Initialization - [__init__.py:84] - data_path={'__DEFAULT_FREQ': PosixPath('/Users/11164591/.qlib/qlib_data/cn_data_fixed')}
[CHECK] fcf_pit: (93640, 6), 5454只, 1996~2025 | profit_pit: (55675, 4), 5448只, 1998~2025
[CHECK] 交易日历: 2014-01-02 ~ 2026-07-23 (3019天)
[CHECK] 估值缓存: 2079日 × 472股, 2018-01-02~2026-07-29
[worker Linear] 冻结股票池 226 只 | train('2016-01-01', '2021-12-31') valid('2022-01-01', '2022-11-30')(embargo) 信号('2022-12-01', '2026-06-30')
[98461:MainThread](2026-07-30 11:35:51,744) INFO - qlib.timer - [log.py:127] - Time cost: 72.577s | Loading data Done
[98461:MainThread](2026-07-30 11:36:01,577) INFO - qlib.timer - [log.py:127] - Time cost: 9.377s | RobustZScoreNorm Done
[98461:MainThread](2026-07-30 11:36:02,757) INFO - qlib.timer - [log.py:127] - Time cost: 1.178s | Fillna Done
[98461:MainThread](2026-07-30 11:36:04,435) INFO - qlib.timer - [log.py:127] - Time cost: 0.468s | DropnaLabel Done
[98461:MainThread](2026-07-30 11:36:12,901) INFO - qlib.timer - [log.py:127] - Time cost: 8.465s | CSZScoreNorm Done
[98461:MainThread](2026-07-30 11:36:12,938) INFO - qlib.timer - [log.py:127] - Time cost: 21.193s | fit & process data Done
[98461:MainThread](2026-07-30 11:36:12,939) INFO - qlib.timer - [log.py:127] - Time cost: 93.797s | Init data Done
    [流动性] 中位数20日均成交额=1.26亿, 一字涨停59条, 停牌130条
[CHECK] 沪深300基准(csi300_cache): 2019-01-02 ~ 2026-07-28 (1835天)
[worker Linear] status=ok 用时176.3s

========================================================================
[Phase A] DoubleEnsemble  (wall-clock 预算 2700s)
========================================================================
[99294:MainThread](2026-07-30 11:37:27,759) INFO - qlib.Initialization - [config.py:473] - default_conf: client.
[99294:MainThread](2026-07-30 11:37:28,910) INFO - qlib.Initialization - [__init__.py:82] - qlib successfully initialized based on client settings.
[99294:MainThread](2026-07-30 11:37:28,910) INFO - qlib.Initialization - [__init__.py:84] - data_path={'__DEFAULT_FREQ': PosixPath('/Users/11164591/.qlib/qlib_data/cn_data_fixed')}
[CHECK] fcf_pit: (93640, 6), 5454只, 1996~2025 | profit_pit: (55675, 4), 5448只, 1998~2025
[CHECK] 交易日历: 2014-01-02 ~ 2026-07-23 (3019天)
[CHECK] 估值缓存: 2079日 × 472股, 2018-01-02~2026-07-29
[worker DoubleEnsemble] 冻结股票池 226 只 | train('2016-01-01', '2021-12-31') valid('2022-01-01', '2022-11-30')(embargo) 信号('2022-12-01', '2026-06-30')
[99294:MainThread](2026-07-30 11:38:46,088) INFO - qlib.timer - [log.py:127] - Time cost: 59.015s | Loading data Done
[99294:MainThread](2026-07-30 11:38:53,221) INFO - qlib.timer - [log.py:127] - Time cost: 6.401s | RobustZScoreNorm Done
[99294:MainThread](2026-07-30 11:38:54,533) INFO - qlib.timer - [log.py:127] - Time cost: 1.311s | Fillna Done
[99294:MainThread](2026-07-30 11:38:55,917) INFO - qlib.timer - [log.py:127] - Time cost: 0.560s | DropnaLabel Done
[99294:MainThread](2026-07-30 11:39:09,794) INFO - qlib.timer - [log.py:127] - Time cost: 13.875s | CSZScoreNorm Done
[99294:MainThread](2026-07-30 11:39:09,867) INFO - qlib.timer - [log.py:127] - Time cost: 23.777s | fit & process data Done
[99294:MainThread](2026-07-30 11:39:09,868) INFO - qlib.timer - [log.py:127] - Time cost: 82.805s | Init data Done
[99294:MainThread](2026-07-30 11:39:19,873) INFO - qlib.DEnsembleModel - [double_ensemble.py:57] - Double Ensemble Model...
[99294:MainThread](2026-07-30 11:39:20,683) INFO - qlib.DEnsembleModel - [double_ensemble.py:81] - Training sub-model: (1/3)
[99294:MainThread](2026-07-30 11:39:38,895) INFO - qlib.DEnsembleModel - [double_ensemble.py:88] - Retrieving loss curve and loss values...
[99294:MainThread](2026-07-30 11:39:44,394) INFO - qlib.DEnsembleModel - [double_ensemble.py:98] - Sample re-weighting...
[99294:MainThread](2026-07-30 11:39:49,013) INFO - qlib.DEnsembleModel - [double_ensemble.py:102] - Feature selection...
[99294:MainThread](2026-07-30 11:44:26,328) INFO - qlib.DEnsembleModel - [double_ensemble.py:81] - Training sub-model: (2/3)
[99294:MainThread](2026-07-30 11:44:34,303) INFO - qlib.DEnsembleModel - [double_ensemble.py:88] - Retrieving loss curve and loss values...
[99294:MainThread](2026-07-30 11:44:37,935) INFO - qlib.DEnsembleModel - [double_ensemble.py:98] - Sample re-weighting...
[99294:MainThread](2026-07-30 11:44:42,855) INFO - qlib.DEnsembleModel - [double_ensemble.py:102] - Feature selection...
[99294:MainThread](2026-07-30 11:50:40,186) INFO - qlib.DEnsembleModel - [double_ensemble.py:81] - Training sub-model: (3/3)
[LightGBM] [Info] Auto-choosing row-wise multi-threading, the overhead of testing was 0.307909 seconds.
You can set `force_row_wise=true` to remove the overhead.
And if memory is not enough, you can set `force_col_wise=true`.
[LightGBM] [Info] Total Bins 37173
[LightGBM] [Info] Number of data points in the train set: 245521, number of used features: 171
[LightGBM] [Info] Start training from score 0.000000
[LightGBM] [Warning] No further splits with positive gain, best gain: -inf
[LightGBM] [Warning] No further splits with positive gain, best gain: -inf
[LightGBM] [Warning] No further splits with positive gain, best gain: -inf
[LightGBM] [Warning] No further splits with positive gain, best gain: -inf
[LightGBM] [Warning] No further splits with positive gain, best gain: -inf
[LightGBM] [Warning] No further splits with positive gain, best gain: -inf
[LightGBM] [Warning] No further splits with positive gain, best gain: -inf
[LightGBM] [Warning] No further splits with positive gain, best gain: -inf
[LightGBM] [Warning] No further splits with positive gain, best gain: -inf
[LightGBM] [Warning] No further splits with positive gain, best gain: -inf
[LightGBM] [Warning] No further splits with positive gain, best gain: -inf
[LightGBM] [Warning] No further splits with positive gain, best gain: -inf
[LightGBM] [Warning] No further splits with positive gain, best gain: -inf
[LightGBM] [Warning] No further splits with positive gain, best gain: -inf
[LightGBM] [Warning] No further splits with positive gain, best gain: -inf
[LightGBM] [Warning] No further splits with positive gain, best gain: -inf
[LightGBM] [Warning] No further splits with positive gain, best gain: -inf
[LightGBM] [Warning] No further splits with positive gain, best gain: -inf
[LightGBM] [Warning] No further splits with positive gain, best gain: -inf
[LightGBM] [Warning] No further splits with positive gain, best gain: -inf
[20]	train's l2: 0.900948	valid's l2: 0.982588
[LightGBM] [Warning] No further splits with positive gain, best gain: -inf
[LightGBM] [Warning] No further splits with positive gain, best gain: -inf
[LightGBM] [Warning] No further splits with positive gain, best gain: -inf
[LightGBM] [Warning] No further splits with positive gain, best gain: -inf
[LightGBM] [Warning] No further splits with positive gain, best gain: -inf
[LightGBM] [Warning] No further splits with positive gain, best gain: -inf
[LightGBM] [Warning] No further splits with positive gain, best gain: -inf
[LightGBM] [Warning] No further splits with positive gain, best gain: -inf
[LightGBM] [Info] Auto-choosing col-wise multi-threading, the overhead of testing was 0.103611 seconds.
You can set `force_col_wise=true` to remove the overhead.
[LightGBM] [Info] Total Bins 17628
[LightGBM] [Info] Number of data points in the train set: 245521, number of used features: 82
[LightGBM] [Info] Start training from score 0.039484
[LightGBM] [Warning] No further splits with positive gain, best gain: -inf
[LightGBM] [Warning] No further splits with positive gain, best gain: -inf
[LightGBM] [Warning] No further splits with positive gain, best gain: -inf
[LightGBM] [Warning] No further splits with positive gain, best gain: -inf
[LightGBM] [Warning] No further splits with positive gain, best gain: -inf
[LightGBM] [Warning] No further splits with positive gain, best gain: -inf
[LightGBM] [Warning] No further splits with positive gain, best gain: -inf
[LightGBM] [Warning] No further splits with positive gain, best gain: -inf
[LightGBM] [Warning] No further splits with positive gain, best gain: -inf
[LightGBM] [Warning] No further splits with positive gain, best gain: -inf
[LightGBM] [Warning] No further splits with positive gain, best gain: -inf
[LightGBM] [Warning] No further splits with positive gain, best gain: -inf
[LightGBM] [Warning] No further splits with positive gain, best gain: -inf
[LightGBM] [Warning] No further splits with positive gain, best gain: -inf
[LightGBM] [Warning] No further splits with positive gain, best gain: -inf
[LightGBM] [Warning] No further splits with positive gain, best gain: -inf
[LightGBM] [Warning] No further splits with positive gain, best gain: -inf
[LightGBM] [Warning] No further splits with positive gain, best gain: -inf
[LightGBM] [Warning] No further splits with positive gain, best gain: -inf
[LightGBM] [Warning] No further splits with positive gain, best gain: -inf
[20]	train's l2: 1.15506	valid's l2: 1.00148
[LightGBM] [Warning] No further splits with positive gain, best gain: -inf
[LightGBM] [Warning] No further splits with positive gain, best gain: -inf
[LightGBM] [Warning] No further splits with positive gain, best gain: -inf
[LightGBM] [Warning] No further splits with positive gain, best gain: -inf
[LightGBM] [Warning] No further splits with positive gain, best gain: -inf
[LightGBM] [Warning] No further splits with positive gain, best gain: -inf
[LightGBM] [Warning] No further splits with positive gain, best gain: -inf
[LightGBM] [Warning] No further splits with positive gain, best gain: -inf
[LightGBM] [Info] Auto-choosing col-wise multi-threading, the overhead of testing was 0.117434 seconds.
You can set `force_col_wise=true` to remove the overhead.
[LightGBM] [Info] Total Bins 18344
[LightGBM] [Info] Number of data points in the train set: 245521, number of used features: 84
[LightGBM] [Info] Start training from score 0.030078
[LightGBM] [Warning] No further splits with positive gain, best gain: -inf
[LightGBM] [Warning] No further splits with positive gain, best gain: -inf
[LightGBM] [Warning] No further splits with positive gain, best gain: -inf
[LightGBM] [Warning] No further splits with positive gain, best gain: -inf
[LightGBM] [Warning] No further splits with positive gain, best gain: -inf
[LightGBM] [Warning] No further splits with positive gain, best gain: -inf
[LightGBM] [Warning] No further splits with positive gain, best gain: -inf
[LightGBM] [Warning] No further splits with positive gain, best gain: -inf
[LightGBM] [Warning] No further splits with positive gain, best gain: -inf
[LightGBM] [Warning] No further splits with positive gain, best gain: -inf
[LightGBM] [Warning] No further splits with positive gain, best gain: -inf
[LightGBM] [Warning] No further splits with positive gain, best gain: -inf
[LightGBM] [Warning] No further splits with positive gain, best gain: -inf
[LightGBM] [Warning] No further splits with positive gain, best gain: -inf
[LightGBM] [Warning] No further splits with positive gain, best gain: -inf
[LightGBM] [Warning] No further splits with positive gain, best gain: -inf
[LightGBM] [Warning] No further splits with positive gain, best gain: -inf
[LightGBM] [Warning] No further splits with positive gain, best gain: -inf
[LightGBM] [Warning] No further splits with positive gain, best gain: -inf
[LightGBM] [Warning] No further splits with positive gain, best gain: -inf
[20]	train's l2: 1.1162	valid's l2: 0.990122
[LightGBM] [Warning] No further splits with positive gain, best gain: -inf
[LightGBM] [Warning] No further splits with positive gain, best gain: -inf
[LightGBM] [Warning] No further splits with positive gain, best gain: -inf
[LightGBM] [Warning] No further splits with positive gain, best gain: -inf
[LightGBM] [Warning] No further splits with positive gain, best gain: -inf
[LightGBM] [Warning] No further splits with positive gain, best gain: -inf
[LightGBM] [Warning] No further splits with positive gain, best gain: -inf
[LightGBM] [Warning] No further splits with positive gain, best gain: -inf
    [流动性] 中位数20日均成交额=1.26亿, 一字涨停59条, 停牌130条
[CHECK] 沪深300基准(csi300_cache): 2019-01-02 ~ 2026-07-28 (1835天)
[worker DoubleEnsemble] status=ok 用时824.4s

========================================================================
[Phase A] MLP  (wall-clock 预算 2700s)
========================================================================
[4563:MainThread](2026-07-30 11:51:16,792) INFO - qlib.Initialization - [config.py:473] - default_conf: client.
[4563:MainThread](2026-07-30 11:51:17,752) INFO - qlib.Initialization - [__init__.py:82] - qlib successfully initialized based on client settings.
[4563:MainThread](2026-07-30 11:51:17,753) INFO - qlib.Initialization - [__init__.py:84] - data_path={'__DEFAULT_FREQ': PosixPath('/Users/11164591/.qlib/qlib_data/cn_data_fixed')}
[CHECK] fcf_pit: (93640, 6), 5454只, 1996~2025 | profit_pit: (55675, 4), 5448只, 1998~2025
[CHECK] 交易日历: 2014-01-02 ~ 2026-07-23 (3019天)
[CHECK] 估值缓存: 2079日 × 472股, 2018-01-02~2026-07-29
[worker MLP] 冻结股票池 226 只 | train('2016-01-01', '2021-12-31') valid('2022-01-01', '2022-11-30')(embargo) 信号('2022-12-01', '2026-06-30')
[4563:MainThread](2026-07-30 11:52:02,345) INFO - qlib.timer - [log.py:127] - Time cost: 36.774s | Loading data Done
[4563:MainThread](2026-07-30 11:52:07,450) INFO - qlib.timer - [log.py:127] - Time cost: 4.904s | RobustZScoreNorm Done
[4563:MainThread](2026-07-30 11:52:08,040) INFO - qlib.timer - [log.py:127] - Time cost: 0.589s | Fillna Done
[4563:MainThread](2026-07-30 11:52:08,524) INFO - qlib.timer - [log.py:127] - Time cost: 0.269s | DropnaLabel Done
[4563:MainThread](2026-07-30 11:52:12,824) INFO - qlib.timer - [log.py:127] - Time cost: 4.299s | CSZScoreNorm Done
[4563:MainThread](2026-07-30 11:52:12,872) INFO - qlib.timer - [log.py:127] - Time cost: 10.516s | fit & process data Done
[4563:MainThread](2026-07-30 11:52:12,902) INFO - qlib.timer - [log.py:127] - Time cost: 47.302s | Init data Done
    [MLP] 注入特征维度 = 172
[4563:MainThread](2026-07-30 11:52:20,049) INFO - qlib.DNNModelPytorch - [pytorch_nn.py:83] - DNN pytorch version...
[4563:MainThread](2026-07-30 11:52:20,049) INFO - qlib.DNNModelPytorch - [pytorch_nn.py:105] - DNN parameters setting:
lr : 0.002
max_steps : 8000
batch_size : 8192
early_stop_rounds : 50
eval_steps : 20
optimizer : adam
loss_type : mse
seed : None
device : cpu
use_GPU : False
weight_decay : 0.0002
enable data parall : False
pt_model_uri: qlib.contrib.model.pytorch_nn.Net
pt_model_kwargs: {'input_dim': 172}
[4563:MainThread](2026-07-30 11:52:20,065) INFO - qlib.DNNModelPytorch - [pytorch_nn.py:139] - model:
Net(
  (dnn_layers): ModuleList(
    (0): Dropout(p=0.05, inplace=False)
    (1): Sequential(
      (0): Linear(in_features=172, out_features=256, bias=True)
      (1): BatchNorm1d(256, eps=1e-05, momentum=0.1, affine=True, track_running_stats=True)
      (2): LeakyReLU(negative_slope=0.1)
    )
    (2): Dropout(p=0.05, inplace=False)
    (3): Linear(in_features=256, out_features=1, bias=True)
  )
)
[4563:MainThread](2026-07-30 11:52:20,066) INFO - qlib.DNNModelPytorch - [pytorch_nn.py:140] - model size: 0.0430 MB
[4563:MainThread](2026-07-30 11:52:24,204) INFO - qlib.DNNModelPytorch - [pytorch_nn.py:235] - training...
[4563:MainThread](2026-07-30 11:52:24,497) INFO - qlib.workflow - [exp.py:258] - Experiment 409026787405336840 starts running ...
[4563:MainThread](2026-07-30 11:52:24,734) INFO - qlib.workflow - [recorder.py:345] - Recorder ea46ebf96c81419a94dcc1d73a5ce6f1 starts running under Experiment 409026787405336840 ...
[4563:MainThread](2026-07-30 11:52:28,159) INFO - qlib.DNNModelPytorch - [pytorch_nn.py:305] - [Step 20]: train_loss 1.167779, valid_loss 1.042405, train_metric nan, valid_metric 0.069966
[4563:MainThread](2026-07-30 11:52:28,160) INFO - qlib.DNNModelPytorch - [pytorch_nn.py:312] - 	valid loss update from inf to 1.042405, save checkpoint.
[4563:MainThread](2026-07-30 11:52:30,194) INFO - qlib.DNNModelPytorch - [pytorch_nn.py:305] - [Step 40]: train_loss 1.025319, valid_loss 1.017956, train_metric nan, valid_metric 0.072232
[4563:MainThread](2026-07-30 11:52:30,195) INFO - qlib.DNNModelPytorch - [pytorch_nn.py:312] - 	valid loss update from 1.042405 to 1.017956, save checkpoint.
[4563:MainThread](2026-07-30 11:52:33,130) INFO - qlib.DNNModelPytorch - [pytorch_nn.py:305] - [Step 60]: train_loss 0.995225, valid_loss 1.010967, train_metric nan, valid_metric 0.063182
[4563:MainThread](2026-07-30 11:52:33,132) INFO - qlib.DNNModelPytorch - [pytorch_nn.py:312] - 	valid loss update from 1.017956 to 1.010967, save checkpoint.
[4563:MainThread](2026-07-30 11:52:35,525) INFO - qlib.DNNModelPytorch - [pytorch_nn.py:305] - [Step 80]: train_loss 0.966012, valid_loss 1.006775, train_metric nan, valid_metric 0.067369
[4563:MainThread](2026-07-30 11:52:35,526) INFO - qlib.DNNModelPytorch - [pytorch_nn.py:312] - 	valid loss update from 1.010967 to 1.006775, save checkpoint.
[4563:MainThread](2026-07-30 11:52:38,215) INFO - qlib.DNNModelPytorch - [pytorch_nn.py:305] - [Step 100]: train_loss 0.992828, valid_loss 1.001905, train_metric nan, valid_metric 0.073710
[4563:MainThread](2026-07-30 11:52:38,216) INFO - qlib.DNNModelPytorch - [pytorch_nn.py:312] - 	valid loss update from 1.006775 to 1.001905, save checkpoint.
[4563:MainThread](2026-07-30 11:52:40,986) INFO - qlib.DNNModelPytorch - [pytorch_nn.py:305] - [Step 120]: train_loss 0.982746, valid_loss 1.014010, train_metric nan, valid_metric 0.022875
[4563:MainThread](2026-07-30 11:52:43,170) INFO - qlib.DNNModelPytorch - [pytorch_nn.py:305] - [Step 140]: train_loss 0.952833, valid_loss 0.997707, train_metric nan, valid_metric 0.085080
[4563:MainThread](2026-07-30 11:52:43,174) INFO - qlib.DNNModelPytorch - [pytorch_nn.py:312] - 	valid loss update from 1.001905 to 0.997707, save checkpoint.
[4563:MainThread](2026-07-30 11:52:45,456) INFO - qlib.DNNModelPytorch - [pytorch_nn.py:305] - [Step 160]: train_loss 0.949584, valid_loss 0.998423, train_metric nan, valid_metric 0.087986
[4563:MainThread](2026-07-30 11:52:47,796) INFO - qlib.DNNModelPytorch - [pytorch_nn.py:305] - [Step 180]: train_loss 0.958112, valid_loss 1.010718, train_metric nan, valid_metric 0.044456
[4563:MainThread](2026-07-30 11:52:50,683) INFO - qlib.DNNModelPytorch - [pytorch_nn.py:305] - [Step 200]: train_loss 0.952838, valid_loss 1.003486, train_metric nan, valid_metric 0.053246
[4563:MainThread](2026-07-30 11:52:52,867) INFO - qlib.DNNModelPytorch - [pytorch_nn.py:305] - [Step 220]: train_loss 0.933717, valid_loss 1.002397, train_metric nan, valid_metric 0.061606
[4563:MainThread](2026-07-30 11:52:55,410) INFO - qlib.DNNModelPytorch - [pytorch_nn.py:305] - [Step 240]: train_loss 0.947456, valid_loss 0.997491, train_metric nan, valid_metric 0.082453
[4563:MainThread](2026-07-30 11:52:55,412) INFO - qlib.DNNModelPytorch - [pytorch_nn.py:312] - 	valid loss update from 0.997707 to 0.997491, save checkpoint.
[4563:MainThread](2026-07-30 11:52:58,077) INFO - qlib.DNNModelPytorch - [pytorch_nn.py:305] - [Step 260]: train_loss 0.934422, valid_loss 0.997575, train_metric nan, valid_metric 0.086663
[4563:MainThread](2026-07-30 11:53:00,295) INFO - qlib.DNNModelPytorch - [pytorch_nn.py:305] - [Step 280]: train_loss 0.933479, valid_loss 1.002751, train_metric nan, valid_metric 0.072608
[4563:MainThread](2026-07-30 11:53:02,684) INFO - qlib.DNNModelPytorch - [pytorch_nn.py:305] - [Step 300]: train_loss 0.940389, valid_loss 1.004019, train_metric nan, valid_metric 0.074024
[4563:MainThread](2026-07-30 11:53:04,585) INFO - qlib.DNNModelPytorch - [pytorch_nn.py:305] - [Step 320]: train_loss 0.921166, valid_loss 1.000611, train_metric nan, valid_metric 0.076999
[4563:MainThread](2026-07-30 11:53:06,901) INFO - qlib.DNNModelPytorch - [pytorch_nn.py:305] - [Step 340]: train_loss 0.922279, valid_loss 1.003364, train_metric nan, valid_metric 0.077037
[4563:MainThread](2026-07-30 11:53:09,784) INFO - qlib.DNNModelPytorch - [pytorch_nn.py:305] - [Step 360]: train_loss 0.926876, valid_loss 1.003111, train_metric nan, valid_metric 0.071963
[4563:MainThread](2026-07-30 11:53:11,990) INFO - qlib.DNNModelPytorch - [pytorch_nn.py:305] - [Step 380]: train_loss 0.927834, valid_loss 0.995596, train_metric nan, valid_metric 0.108314
[4563:MainThread](2026-07-30 11:53:11,992) INFO - qlib.DNNModelPytorch - [pytorch_nn.py:312] - 	valid loss update from 0.997491 to 0.995596, save checkpoint.
[4563:MainThread](2026-07-30 11:53:14,614) INFO - qlib.DNNModelPytorch - [pytorch_nn.py:305] - [Step 400]: train_loss 0.917723, valid_loss 0.996604, train_metric nan, valid_metric 0.088307
[4563:MainThread](2026-07-30 11:53:17,142) INFO - qlib.DNNModelPytorch - [pytorch_nn.py:305] - [Step 420]: train_loss 0.922278, valid_loss 1.001697, train_metric nan, valid_metric 0.085492
[4563:MainThread](2026-07-30 11:53:19,216) INFO - qlib.DNNModelPytorch - [pytorch_nn.py:305] - [Step 440]: train_loss 0.927828, valid_loss 1.007738, train_metric nan, valid_metric 0.056302
[4563:MainThread](2026-07-30 11:53:21,722) INFO - qlib.DNNModelPytorch - [pytorch_nn.py:305] - [Step 460]: train_loss 0.925234, valid_loss 1.001918, train_metric nan, valid_metric 0.079847
[4563:MainThread](2026-07-30 11:53:23,999) INFO - qlib.DNNModelPytorch - [pytorch_nn.py:305] - [Step 480]: train_loss 0.916850, valid_loss 0.999443, train_metric nan, valid_metric 0.097808
[4563:MainThread](2026-07-30 11:53:26,843) INFO - qlib.DNNModelPytorch - [pytorch_nn.py:305] - [Step 500]: train_loss 0.924183, valid_loss 0.996688, train_metric nan, valid_metric 0.104177
[4563:MainThread](2026-07-30 11:53:29,271) INFO - qlib.DNNModelPytorch - [pytorch_nn.py:305] - [Step 520]: train_loss 0.917220, valid_loss 1.002224, train_metric nan, valid_metric 0.091778
[4563:MainThread](2026-07-30 11:53:31,634) INFO - qlib.DNNModelPytorch - [pytorch_nn.py:305] - [Step 540]: train_loss 0.912172, valid_loss 1.005500, train_metric nan, valid_metric 0.080814
[4563:MainThread](2026-07-30 11:53:34,172) INFO - qlib.DNNModelPytorch - [pytorch_nn.py:305] - [Step 560]: train_loss 0.904846, valid_loss 1.005689, train_metric nan, valid_metric 0.098891
[4563:MainThread](2026-07-30 11:53:35,919) INFO - qlib.DNNModelPytorch - [pytorch_nn.py:305] - [Step 580]: train_loss 0.910905, valid_loss 1.003846, train_metric nan, valid_metric 0.086450
[4563:MainThread](2026-07-30 11:53:38,369) INFO - qlib.DNNModelPytorch - [pytorch_nn.py:305] - [Step 600]: train_loss 0.907673, valid_loss 1.002130, train_metric nan, valid_metric 0.094736
[4563:MainThread](2026-07-30 11:53:40,195) INFO - qlib.DNNModelPytorch - [pytorch_nn.py:305] - [Step 620]: train_loss 0.905907, valid_loss 1.005270, train_metric nan, valid_metric 0.075777
[4563:MainThread](2026-07-30 11:53:43,317) INFO - qlib.DNNModelPytorch - [pytorch_nn.py:305] - [Step 640]: train_loss 0.896801, valid_loss 1.011386, train_metric nan, valid_metric 0.056127
[4563:MainThread](2026-07-30 11:53:45,965) INFO - qlib.DNNModelPytorch - [pytorch_nn.py:305] - [Step 660]: train_loss 0.904445, valid_loss 1.012548, train_metric nan, valid_metric 0.055120
[4563:MainThread](2026-07-30 11:53:48,455) INFO - qlib.DNNModelPytorch - [pytorch_nn.py:305] - [Step 680]: train_loss 0.906511, valid_loss 1.009273, train_metric nan, valid_metric 0.060075
[4563:MainThread](2026-07-30 11:53:50,617) INFO - qlib.DNNModelPytorch - [pytorch_nn.py:305] - [Step 700]: train_loss 0.902978, valid_loss 1.009511, train_metric nan, valid_metric 0.072270
[4563:MainThread](2026-07-30 11:53:52,900) INFO - qlib.DNNModelPytorch - [pytorch_nn.py:305] - [Step 720]: train_loss 0.903108, valid_loss 1.012094, train_metric nan, valid_metric 0.076782
[4563:MainThread](2026-07-30 11:53:55,192) INFO - qlib.DNNModelPytorch - [pytorch_nn.py:305] - [Step 740]: train_loss 0.894905, valid_loss 1.004737, train_metric nan, valid_metric 0.093617
[4563:MainThread](2026-07-30 11:53:58,986) INFO - qlib.DNNModelPytorch - [pytorch_nn.py:305] - [Step 760]: train_loss 0.897813, valid_loss 1.009282, train_metric nan, valid_metric 0.090197
[4563:MainThread](2026-07-30 11:54:02,110) INFO - qlib.DNNModelPytorch - [pytorch_nn.py:305] - [Step 780]: train_loss 0.910353, valid_loss 1.010123, train_metric nan, valid_metric 0.089109
[4563:MainThread](2026-07-30 11:54:04,278) INFO - qlib.DNNModelPytorch - [pytorch_nn.py:305] - [Step 800]: train_loss 0.905768, valid_loss 1.003029, train_metric nan, valid_metric 0.093574
[4563:MainThread](2026-07-30 11:54:07,813) INFO - qlib.DNNModelPytorch - [pytorch_nn.py:305] - [Step 820]: train_loss 0.889686, valid_loss 1.008554, train_metric nan, valid_metric 0.085663
[4563:MainThread](2026-07-30 11:54:10,317) INFO - qlib.DNNModelPytorch - [pytorch_nn.py:305] - [Step 840]: train_loss 0.879982, valid_loss 1.007575, train_metric nan, valid_metric 0.072559
[4563:MainThread](2026-07-30 11:54:14,037) INFO - qlib.DNNModelPytorch - [pytorch_nn.py:305] - [Step 860]: train_loss 0.890879, valid_loss 1.006323, train_metric nan, valid_metric 0.083834
[4563:MainThread](2026-07-30 11:54:16,933) INFO - qlib.DNNModelPytorch - [pytorch_nn.py:305] - [Step 880]: train_loss 0.906429, valid_loss 1.006459, train_metric nan, valid_metric 0.083884
[4563:MainThread](2026-07-30 11:54:19,159) INFO - qlib.DNNModelPytorch - [pytorch_nn.py:305] - [Step 900]: train_loss 0.888678, valid_loss 1.008288, train_metric nan, valid_metric 0.081031
[4563:MainThread](2026-07-30 11:54:21,375) INFO - qlib.DNNModelPytorch - [pytorch_nn.py:305] - [Step 920]: train_loss 0.904695, valid_loss 1.013123, train_metric nan, valid_metric 0.060603
[4563:MainThread](2026-07-30 11:54:23,169) INFO - qlib.DNNModelPytorch - [pytorch_nn.py:305] - [Step 940]: train_loss 0.890290, valid_loss 1.007401, train_metric nan, valid_metric 0.081376
[4563:MainThread](2026-07-30 11:54:26,058) INFO - qlib.DNNModelPytorch - [pytorch_nn.py:305] - [Step 960]: train_loss 0.898843, valid_loss 1.008332, train_metric nan, valid_metric 0.076259
[4563:MainThread](2026-07-30 11:54:28,060) INFO - qlib.DNNModelPytorch - [pytorch_nn.py:305] - [Step 980]: train_loss 0.885380, valid_loss 1.008624, train_metric nan, valid_metric 0.072596
[4563:MainThread](2026-07-30 11:54:30,542) INFO - qlib.DNNModelPytorch - [pytorch_nn.py:305] - [Step 1000]: train_loss 0.889844, valid_loss 1.009564, train_metric nan, valid_metric 0.073033
[4563:MainThread](2026-07-30 11:54:32,378) INFO - qlib.DNNModelPytorch - [pytorch_nn.py:305] - [Step 1020]: train_loss 0.885552, valid_loss 1.007352, train_metric nan, valid_metric 0.090704
[4563:MainThread](2026-07-30 11:54:35,067) INFO - qlib.DNNModelPytorch - [pytorch_nn.py:305] - [Step 1040]: train_loss 0.885848, valid_loss 1.014864, train_metric nan, valid_metric 0.057125
[4563:MainThread](2026-07-30 11:54:37,015) INFO - qlib.DNNModelPytorch - [pytorch_nn.py:305] - [Step 1060]: train_loss 0.872608, valid_loss 1.007786, train_metric nan, valid_metric 0.083570
[4563:MainThread](2026-07-30 11:54:39,564) INFO - qlib.DNNModelPytorch - [pytorch_nn.py:305] - [Step 1080]: train_loss 0.885869, valid_loss 1.008226, train_metric nan, valid_metric 0.078996
[4563:MainThread](2026-07-30 11:54:42,086) INFO - qlib.DNNModelPytorch - [pytorch_nn.py:305] - [Step 1100]: train_loss 0.881419, valid_loss 1.011196, train_metric nan, valid_metric 0.068757
[4563:MainThread](2026-07-30 11:54:45,069) INFO - qlib.DNNModelPytorch - [pytorch_nn.py:305] - [Step 1120]: train_loss 0.876059, valid_loss 1.007965, train_metric nan, valid_metric 0.077704
[4563:MainThread](2026-07-30 11:54:48,422) INFO - qlib.DNNModelPytorch - [pytorch_nn.py:305] - [Step 1140]: train_loss 0.884290, valid_loss 1.009605, train_metric nan, valid_metric 0.075724
[4563:MainThread](2026-07-30 11:54:51,508) INFO - qlib.DNNModelPytorch - [pytorch_nn.py:305] - [Step 1160]: train_loss 0.889224, valid_loss 1.007610, train_metric nan, valid_metric 0.079126
[4563:MainThread](2026-07-30 11:54:54,020) INFO - qlib.DNNModelPytorch - [pytorch_nn.py:305] - [Step 1180]: train_loss 0.884777, valid_loss 1.009081, train_metric nan, valid_metric 0.077909
[4563:MainThread](2026-07-30 11:54:56,338) INFO - qlib.DNNModelPytorch - [pytorch_nn.py:305] - [Step 1200]: train_loss 0.886950, valid_loss 1.009904, train_metric nan, valid_metric 0.072666
[4563:MainThread](2026-07-30 11:54:58,711) INFO - qlib.DNNModelPytorch - [pytorch_nn.py:305] - [Step 1220]: train_loss 0.891901, valid_loss 1.011071, train_metric nan, valid_metric 0.066587
[4563:MainThread](2026-07-30 11:55:01,393) INFO - qlib.DNNModelPytorch - [pytorch_nn.py:305] - [Step 1240]: train_loss 0.894427, valid_loss 1.008741, train_metric nan, valid_metric 0.080303
[4563:MainThread](2026-07-30 11:55:03,643) INFO - qlib.DNNModelPytorch - [pytorch_nn.py:305] - [Step 1260]: train_loss 0.887219, valid_loss 1.011649, train_metric nan, valid_metric 0.068553
[4563:MainThread](2026-07-30 11:55:05,745) INFO - qlib.DNNModelPytorch - [pytorch_nn.py:305] - [Step 1280]: train_loss 0.882373, valid_loss 1.011418, train_metric nan, valid_metric 0.069589
[4563:MainThread](2026-07-30 11:55:07,348) INFO - qlib.DNNModelPytorch - [pytorch_nn.py:305] - [Step 1300]: train_loss 0.880833, valid_loss 1.009120, train_metric nan, valid_metric 0.082276
[4563:MainThread](2026-07-30 11:55:09,973) INFO - qlib.DNNModelPytorch - [pytorch_nn.py:305] - [Step 1320]: train_loss 0.880013, valid_loss 1.009049, train_metric nan, valid_metric 0.076450
[4563:MainThread](2026-07-30 11:55:12,718) INFO - qlib.DNNModelPytorch - [pytorch_nn.py:305] - [Step 1340]: train_loss 0.880112, valid_loss 1.010522, train_metric nan, valid_metric 0.074418
[4563:MainThread](2026-07-30 11:55:15,265) INFO - qlib.DNNModelPytorch - [pytorch_nn.py:305] - [Step 1360]: train_loss 0.882500, valid_loss 1.009163, train_metric nan, valid_metric 0.077268
[4563:MainThread](2026-07-30 11:55:17,757) INFO - qlib.DNNModelPytorch - [pytorch_nn.py:305] - [Step 1380]: train_loss 0.874710, valid_loss 1.008894, train_metric nan, valid_metric 0.078836
[4563:MainThread](2026-07-30 11:55:17,759) INFO - qlib.DNNModelPytorch - [pytorch_nn.py:244] - 	early stop
    [流动性] 中位数20日均成交额=1.26亿, 一字涨停59条, 停牌130条
[CHECK] 沪深300基准(csi300_cache): 2019-01-02 ~ 2026-07-28 (1835天)
[worker MLP] status=ok 用时265.3s
[4563:MainThread](2026-07-30 11:55:43,053) INFO - qlib.timer - [log.py:127] - Time cost: 0.000s | waiting `async_log` Done

========================================================================
[Phase A] TabNet  (wall-clock 预算 2700s)
========================================================================
[6264:MainThread](2026-07-30 11:55:47,736) INFO - qlib.Initialization - [config.py:473] - default_conf: client.
[6264:MainThread](2026-07-30 11:55:48,444) INFO - qlib.Initialization - [__init__.py:82] - qlib successfully initialized based on client settings.
[6264:MainThread](2026-07-30 11:55:48,445) INFO - qlib.Initialization - [__init__.py:84] - data_path={'__DEFAULT_FREQ': PosixPath('/Users/11164591/.qlib/qlib_data/cn_data_fixed')}
[CHECK] fcf_pit: (93640, 6), 5454只, 1996~2025 | profit_pit: (55675, 4), 5448只, 1998~2025
[CHECK] 交易日历: 2014-01-02 ~ 2026-07-23 (3019天)
[CHECK] 估值缓存: 2079日 × 472股, 2018-01-02~2026-07-29
[worker TabNet] 冻结股票池 226 只 | train('2016-01-01', '2021-12-31') valid('2022-01-01', '2022-11-30')(embargo) 信号('2022-12-01', '2026-06-30')
[6264:MainThread](2026-07-30 11:56:42,526) INFO - qlib.timer - [log.py:127] - Time cost: 45.922s | Loading data Done
[6264:MainThread](2026-07-30 11:56:49,473) INFO - qlib.timer - [log.py:127] - Time cost: 6.561s | RobustZScoreNorm Done
[6264:MainThread](2026-07-30 11:56:50,316) INFO - qlib.timer - [log.py:127] - Time cost: 0.840s | Fillna Done
[6264:MainThread](2026-07-30 11:56:51,000) INFO - qlib.timer - [log.py:127] - Time cost: 0.369s | DropnaLabel Done
[6264:MainThread](2026-07-30 11:56:57,256) INFO - qlib.timer - [log.py:127] - Time cost: 6.255s | CSZScoreNorm Done
[6264:MainThread](2026-07-30 11:56:57,279) INFO - qlib.timer - [log.py:127] - Time cost: 14.748s | fit & process data Done
[6264:MainThread](2026-07-30 11:56:57,280) INFO - qlib.timer - [log.py:127] - Time cost: 60.677s | Init data Done
    [TabNet] 注入特征维度 = 172
[6264:MainThread](2026-07-30 11:57:10,728) INFO - qlib.TabNet - [pytorch_tabnet.py:78] - TabNet:
batch_size : 4096
virtual bs : 2048
device : cpu
pretrain: False
[6264:MainThread](2026-07-30 11:57:10,927) INFO - qlib.TabNet - [pytorch_tabnet.py:91] - model:
TabNet(
  (shared): ModuleList(
    (0): Linear(in_features=172, out_features=256, bias=True)
    (1): Linear(in_features=128, out_features=256, bias=True)
  )
  (first_step): FeatureTransformer(
    (shared): ModuleList(
      (0): GLU(
        (fc): Linear(in_features=172, out_features=256, bias=True)
        (bn): GBN(
          (bn): BatchNorm1d(256, eps=1e-05, momentum=0.01, affine=True, track_running_stats=True)
        )
      )
      (1): GLU(
        (fc): Linear(in_features=128, out_features=256, bias=True)
        (bn): GBN(
          (bn): BatchNorm1d(256, eps=1e-05, momentum=0.01, affine=True, track_running_stats=True)
        )
      )
    )
    (independ): ModuleList(
      (0-1): 2 x GLU(
        (fc): Linear(in_features=128, out_features=256, bias=True)
        (bn): GBN(
          (bn): BatchNorm1d(256, eps=1e-05, momentum=0.01, affine=True, track_running_stats=True)
        )
      )
    )
  )
  (steps): ModuleList(
    (0-3): 4 x DecisionStep(
      (atten_tran): AttentionTransformer(
        (fc): Linear(in_features=64, out_features=172, bias=True)
        (bn): GBN(
          (bn): BatchNorm1d(172, eps=1e-05, momentum=0.01, affine=True, track_running_stats=True)
        )
      )
      (fea_tran): FeatureTransformer(
        (shared): ModuleList(
          (0): GLU(
            (fc): Linear(in_features=172, out_features=256, bias=True)
            (bn): GBN(
              (bn): BatchNorm1d(256, eps=1e-05, momentum=0.01, affine=True, track_running_stats=True)
            )
          )
          (1): GLU(
            (fc): Linear(in_features=128, out_features=256, bias=True)
            (bn): GBN(
              (bn): BatchNorm1d(256, eps=1e-05, momentum=0.01, affine=True, track_running_stats=True)
            )
          )
        )
        (independ): ModuleList(
          (0-1): 2 x GLU(
            (fc): Linear(in_features=128, out_features=256, bias=True)
            (bn): GBN(
              (bn): BatchNorm1d(256, eps=1e-05, momentum=0.01, affine=True, track_running_stats=True)
            )
          )
        )
      )
    )
  )
  (fc): Linear(in_features=64, out_features=64, bias=True)
  (bn): BatchNorm1d(172, eps=1e-05, momentum=0.01, affine=True, track_running_stats=True)
)
TabNet_Decoder(
  (shared): ModuleList(
    (0): Linear(in_features=64, out_features=344, bias=True)
    (1): Linear(in_features=172, out_features=344, bias=True)
  )
  (steps): ModuleList(
    (0-4): 5 x DecoderStep(
      (fea_tran): FeatureTransformer(
        (shared): ModuleList(
          (0): GLU(
            (fc): Linear(in_features=64, out_features=344, bias=True)
            (bn): GBN(
              (bn): BatchNorm1d(344, eps=1e-05, momentum=0.01, affine=True, track_running_stats=True)
            )
          )
          (1): GLU(
            (fc): Linear(in_features=172, out_features=344, bias=True)
            (bn): GBN(
              (bn): BatchNorm1d(344, eps=1e-05, momentum=0.01, affine=True, track_running_stats=True)
            )
          )
        )
        (independ): ModuleList(
          (0-1): 2 x GLU(
            (fc): Linear(in_features=172, out_features=344, bias=True)
            (bn): GBN(
              (bn): BatchNorm1d(344, eps=1e-05, momentum=0.01, affine=True, track_running_stats=True)
            )
          )
        )
      )
      (fc): Linear(in_features=172, out_features=172, bias=True)
    )
  )
)
[6264:MainThread](2026-07-30 11:57:10,928) INFO - qlib.TabNet - [pytorch_tabnet.py:92] - model size: 1.2473 MB
[6264:MainThread](2026-07-30 11:58:21,661) INFO - qlib.TabNet - [pytorch_tabnet.py:185] - training...
[6264:MainThread](2026-07-30 11:58:21,662) INFO - qlib.TabNet - [pytorch_tabnet.py:189] - epoch: 0
[6264:MainThread](2026-07-30 11:58:21,663) INFO - qlib.TabNet - [pytorch_tabnet.py:190] - training...
[6264:MainThread](2026-07-30 11:59:17,403) INFO - qlib.TabNet - [pytorch_tabnet.py:192] - evaluating...
[6264:MainThread](2026-07-30 11:59:50,626) INFO - qlib.TabNet - [pytorch_tabnet.py:195] - train -0.994210, valid -0.993662
[6264:MainThread](2026-07-30 11:59:50,647) INFO - qlib.TabNet - [pytorch_tabnet.py:189] - epoch: 1
[6264:MainThread](2026-07-30 11:59:50,648) INFO - qlib.TabNet - [pytorch_tabnet.py:190] - training...
[6264:MainThread](2026-07-30 12:00:46,515) INFO - qlib.TabNet - [pytorch_tabnet.py:192] - evaluating...
[6264:MainThread](2026-07-30 12:01:20,354) INFO - qlib.TabNet - [pytorch_tabnet.py:195] - train -0.993838, valid -0.992873
[6264:MainThread](2026-07-30 12:01:20,367) INFO - qlib.TabNet - [pytorch_tabnet.py:189] - epoch: 2
[6264:MainThread](2026-07-30 12:01:20,369) INFO - qlib.TabNet - [pytorch_tabnet.py:190] - training...
[6264:MainThread](2026-07-30 12:02:15,032) INFO - qlib.TabNet - [pytorch_tabnet.py:192] - evaluating...
[6264:MainThread](2026-07-30 12:02:47,557) INFO - qlib.TabNet - [pytorch_tabnet.py:195] - train -0.989338, valid -0.991888
[6264:MainThread](2026-07-30 12:02:47,567) INFO - qlib.TabNet - [pytorch_tabnet.py:189] - epoch: 3
[6264:MainThread](2026-07-30 12:02:47,567) INFO - qlib.TabNet - [pytorch_tabnet.py:190] - training...
[6264:MainThread](2026-07-30 12:03:42,020) INFO - qlib.TabNet - [pytorch_tabnet.py:192] - evaluating...
[6264:MainThread](2026-07-30 12:04:15,497) INFO - qlib.TabNet - [pytorch_tabnet.py:195] - train -0.983123, valid -0.994379
[6264:MainThread](2026-07-30 12:04:15,499) INFO - qlib.TabNet - [pytorch_tabnet.py:189] - epoch: 4
[6264:MainThread](2026-07-30 12:04:15,499) INFO - qlib.TabNet - [pytorch_tabnet.py:190] - training...
[6264:MainThread](2026-07-30 12:05:10,567) INFO - qlib.TabNet - [pytorch_tabnet.py:192] - evaluating...
[6264:MainThread](2026-07-30 12:05:42,135) INFO - qlib.TabNet - [pytorch_tabnet.py:195] - train -0.963665, valid -0.993452
[6264:MainThread](2026-07-30 12:05:42,136) INFO - qlib.TabNet - [pytorch_tabnet.py:189] - epoch: 5
[6264:MainThread](2026-07-30 12:05:42,138) INFO - qlib.TabNet - [pytorch_tabnet.py:190] - training...
[6264:MainThread](2026-07-30 12:06:36,027) INFO - qlib.TabNet - [pytorch_tabnet.py:192] - evaluating...
[6264:MainThread](2026-07-30 12:07:09,325) INFO - qlib.TabNet - [pytorch_tabnet.py:195] - train -0.979536, valid -0.998007
[6264:MainThread](2026-07-30 12:07:09,325) INFO - qlib.TabNet - [pytorch_tabnet.py:189] - epoch: 6
[6264:MainThread](2026-07-30 12:07:09,326) INFO - qlib.TabNet - [pytorch_tabnet.py:190] - training...
[6264:MainThread](2026-07-30 12:08:02,108) INFO - qlib.TabNet - [pytorch_tabnet.py:192] - evaluating...
[6264:MainThread](2026-07-30 12:08:33,628) INFO - qlib.TabNet - [pytorch_tabnet.py:195] - train -0.961635, valid -0.990782
[6264:MainThread](2026-07-30 12:08:33,638) INFO - qlib.TabNet - [pytorch_tabnet.py:189] - epoch: 7
[6264:MainThread](2026-07-30 12:08:33,639) INFO - qlib.TabNet - [pytorch_tabnet.py:190] - training...
[6264:MainThread](2026-07-30 12:09:26,117) INFO - qlib.TabNet - [pytorch_tabnet.py:192] - evaluating...
[6264:MainThread](2026-07-30 12:09:58,266) INFO - qlib.TabNet - [pytorch_tabnet.py:195] - train -0.959175, valid -0.992407
[6264:MainThread](2026-07-30 12:09:58,267) INFO - qlib.TabNet - [pytorch_tabnet.py:189] - epoch: 8
[6264:MainThread](2026-07-30 12:09:58,268) INFO - qlib.TabNet - [pytorch_tabnet.py:190] - training...
[6264:MainThread](2026-07-30 12:10:52,914) INFO - qlib.TabNet - [pytorch_tabnet.py:192] - evaluating...
[6264:MainThread](2026-07-30 12:11:24,858) INFO - qlib.TabNet - [pytorch_tabnet.py:195] - train -0.969036, valid -0.993141
[6264:MainThread](2026-07-30 12:11:24,860) INFO - qlib.TabNet - [pytorch_tabnet.py:189] - epoch: 9
[6264:MainThread](2026-07-30 12:11:24,860) INFO - qlib.TabNet - [pytorch_tabnet.py:190] - training...
[6264:MainThread](2026-07-30 12:12:17,557) INFO - qlib.TabNet - [pytorch_tabnet.py:192] - evaluating...
[6264:MainThread](2026-07-30 12:12:48,741) INFO - qlib.TabNet - [pytorch_tabnet.py:195] - train -1.006742, valid -1.028530
[6264:MainThread](2026-07-30 12:12:48,742) INFO - qlib.TabNet - [pytorch_tabnet.py:189] - epoch: 10
[6264:MainThread](2026-07-30 12:12:48,743) INFO - qlib.TabNet - [pytorch_tabnet.py:190] - training...
[6264:MainThread](2026-07-30 12:13:41,844) INFO - qlib.TabNet - [pytorch_tabnet.py:192] - evaluating...
[6264:MainThread](2026-07-30 12:14:14,518) INFO - qlib.TabNet - [pytorch_tabnet.py:195] - train -0.947388, valid -0.990813
[6264:MainThread](2026-07-30 12:14:14,519) INFO - qlib.TabNet - [pytorch_tabnet.py:189] - epoch: 11
[6264:MainThread](2026-07-30 12:14:14,520) INFO - qlib.TabNet - [pytorch_tabnet.py:190] - training...
[6264:MainThread](2026-07-30 12:15:07,309) INFO - qlib.TabNet - [pytorch_tabnet.py:192] - evaluating...
[6264:MainThread](2026-07-30 12:15:38,341) INFO - qlib.TabNet - [pytorch_tabnet.py:195] - train -0.975245, valid -0.998637
[6264:MainThread](2026-07-30 12:15:38,342) INFO - qlib.TabNet - [pytorch_tabnet.py:189] - epoch: 12
[6264:MainThread](2026-07-30 12:15:38,342) INFO - qlib.TabNet - [pytorch_tabnet.py:190] - training...
[6264:MainThread](2026-07-30 12:16:29,626) INFO - qlib.TabNet - [pytorch_tabnet.py:192] - evaluating...
[6264:MainThread](2026-07-30 12:17:01,548) INFO - qlib.TabNet - [pytorch_tabnet.py:195] - train -0.957224, valid -0.996338
[6264:MainThread](2026-07-30 12:17:01,549) INFO - qlib.TabNet - [pytorch_tabnet.py:189] - epoch: 13
[6264:MainThread](2026-07-30 12:17:01,550) INFO - qlib.TabNet - [pytorch_tabnet.py:190] - training...
[6264:MainThread](2026-07-30 12:17:53,021) INFO - qlib.TabNet - [pytorch_tabnet.py:192] - evaluating...
[6264:MainThread](2026-07-30 12:18:25,245) INFO - qlib.TabNet - [pytorch_tabnet.py:195] - train -0.946805, valid -0.992540
[6264:MainThread](2026-07-30 12:18:25,246) INFO - qlib.TabNet - [pytorch_tabnet.py:189] - epoch: 14
[6264:MainThread](2026-07-30 12:18:25,246) INFO - qlib.TabNet - [pytorch_tabnet.py:190] - training...
[6264:MainThread](2026-07-30 12:19:17,962) INFO - qlib.TabNet - [pytorch_tabnet.py:192] - evaluating...
[6264:MainThread](2026-07-30 12:19:49,878) INFO - qlib.TabNet - [pytorch_tabnet.py:195] - train -0.943561, valid -0.994183
[6264:MainThread](2026-07-30 12:19:49,879) INFO - qlib.TabNet - [pytorch_tabnet.py:189] - epoch: 15
[6264:MainThread](2026-07-30 12:19:49,879) INFO - qlib.TabNet - [pytorch_tabnet.py:190] - training...
[6264:MainThread](2026-07-30 12:20:43,000) INFO - qlib.TabNet - [pytorch_tabnet.py:192] - evaluating...
[6264:MainThread](2026-07-30 12:21:16,092) INFO - qlib.TabNet - [pytorch_tabnet.py:195] - train -0.943424, valid -0.996101
[6264:MainThread](2026-07-30 12:21:16,093) INFO - qlib.TabNet - [pytorch_tabnet.py:189] - epoch: 16
[6264:MainThread](2026-07-30 12:21:16,094) INFO - qlib.TabNet - [pytorch_tabnet.py:190] - training...
[6264:MainThread](2026-07-30 12:22:08,951) INFO - qlib.TabNet - [pytorch_tabnet.py:192] - evaluating...
[6264:MainThread](2026-07-30 12:22:40,550) INFO - qlib.TabNet - [pytorch_tabnet.py:195] - train -0.941102, valid -0.989592
[6264:MainThread](2026-07-30 12:22:40,558) INFO - qlib.TabNet - [pytorch_tabnet.py:189] - epoch: 17
[6264:MainThread](2026-07-30 12:22:40,559) INFO - qlib.TabNet - [pytorch_tabnet.py:190] - training...
[6264:MainThread](2026-07-30 12:23:34,563) INFO - qlib.TabNet - [pytorch_tabnet.py:192] - evaluating...
[6264:MainThread](2026-07-30 12:24:07,080) INFO - qlib.TabNet - [pytorch_tabnet.py:195] - train -0.939372, valid -1.000261
[6264:MainThread](2026-07-30 12:24:07,081) INFO - qlib.TabNet - [pytorch_tabnet.py:189] - epoch: 18
[6264:MainThread](2026-07-30 12:24:07,081) INFO - qlib.TabNet - [pytorch_tabnet.py:190] - training...
[6264:MainThread](2026-07-30 12:24:59,791) INFO - qlib.TabNet - [pytorch_tabnet.py:192] - evaluating...
[6264:MainThread](2026-07-30 12:25:31,393) INFO - qlib.TabNet - [pytorch_tabnet.py:195] - train -0.931625, valid -0.992953
[6264:MainThread](2026-07-30 12:25:31,394) INFO - qlib.TabNet - [pytorch_tabnet.py:189] - epoch: 19
[6264:MainThread](2026-07-30 12:25:31,394) INFO - qlib.TabNet - [pytorch_tabnet.py:190] - training...
[6264:MainThread](2026-07-30 12:26:24,981) INFO - qlib.TabNet - [pytorch_tabnet.py:192] - evaluating...
[6264:MainThread](2026-07-30 12:26:58,181) INFO - qlib.TabNet - [pytorch_tabnet.py:195] - train -0.953214, valid -1.000768
[6264:MainThread](2026-07-30 12:26:58,183) INFO - qlib.TabNet - [pytorch_tabnet.py:189] - epoch: 20
[6264:MainThread](2026-07-30 12:26:58,183) INFO - qlib.TabNet - [pytorch_tabnet.py:190] - training...
[6264:MainThread](2026-07-30 12:27:50,798) INFO - qlib.TabNet - [pytorch_tabnet.py:192] - evaluating...
[6264:MainThread](2026-07-30 12:28:24,612) INFO - qlib.TabNet - [pytorch_tabnet.py:195] - train -0.935326, valid -1.003289
[6264:MainThread](2026-07-30 12:28:24,614) INFO - qlib.TabNet - [pytorch_tabnet.py:189] - epoch: 21
[6264:MainThread](2026-07-30 12:28:24,615) INFO - qlib.TabNet - [pytorch_tabnet.py:190] - training...
[6264:MainThread](2026-07-30 12:29:20,002) INFO - qlib.TabNet - [pytorch_tabnet.py:192] - evaluating...
[6264:MainThread](2026-07-30 12:29:54,216) INFO - qlib.TabNet - [pytorch_tabnet.py:195] - train -0.933775, valid -1.003473
[6264:MainThread](2026-07-30 12:29:54,218) INFO - qlib.TabNet - [pytorch_tabnet.py:189] - epoch: 22
[6264:MainThread](2026-07-30 12:29:54,218) INFO - qlib.TabNet - [pytorch_tabnet.py:190] - training...
[6264:MainThread](2026-07-30 12:30:48,061) INFO - qlib.TabNet - [pytorch_tabnet.py:192] - evaluating...
[6264:MainThread](2026-07-30 12:31:21,769) INFO - qlib.TabNet - [pytorch_tabnet.py:195] - train -0.940636, valid -1.009492
[6264:MainThread](2026-07-30 12:31:21,770) INFO - qlib.TabNet - [pytorch_tabnet.py:189] - epoch: 23
[6264:MainThread](2026-07-30 12:31:21,771) INFO - qlib.TabNet - [pytorch_tabnet.py:190] - training...
[6264:MainThread](2026-07-30 12:32:14,357) INFO - qlib.TabNet - [pytorch_tabnet.py:192] - evaluating...
[6264:MainThread](2026-07-30 12:32:47,219) INFO - qlib.TabNet - [pytorch_tabnet.py:195] - train -1.011157, valid -1.129251
[6264:MainThread](2026-07-30 12:32:47,220) INFO - qlib.TabNet - [pytorch_tabnet.py:189] - epoch: 24
[6264:MainThread](2026-07-30 12:32:47,221) INFO - qlib.TabNet - [pytorch_tabnet.py:190] - training...
[6264:MainThread](2026-07-30 12:33:39,808) INFO - qlib.TabNet - [pytorch_tabnet.py:192] - evaluating...
[6264:MainThread](2026-07-30 12:34:12,903) INFO - qlib.TabNet - [pytorch_tabnet.py:195] - train -0.934371, valid -1.017922
[6264:MainThread](2026-07-30 12:34:12,906) INFO - qlib.TabNet - [pytorch_tabnet.py:189] - epoch: 25
[6264:MainThread](2026-07-30 12:34:12,907) INFO - qlib.TabNet - [pytorch_tabnet.py:190] - training...
[6264:MainThread](2026-07-30 12:35:06,190) INFO - qlib.TabNet - [pytorch_tabnet.py:192] - evaluating...
[6264:MainThread](2026-07-30 12:35:39,276) INFO - qlib.TabNet - [pytorch_tabnet.py:195] - train -0.930218, valid -1.013394
[6264:MainThread](2026-07-30 12:35:39,277) INFO - qlib.TabNet - [pytorch_tabnet.py:189] - epoch: 26
[6264:MainThread](2026-07-30 12:35:39,277) INFO - qlib.TabNet - [pytorch_tabnet.py:190] - training...
[6264:MainThread](2026-07-30 12:36:32,615) INFO - qlib.TabNet - [pytorch_tabnet.py:192] - evaluating...
[6264:MainThread](2026-07-30 12:37:04,543) INFO - qlib.TabNet - [pytorch_tabnet.py:195] - train -0.932595, valid -1.005493
[6264:MainThread](2026-07-30 12:37:04,545) INFO - qlib.TabNet - [pytorch_tabnet.py:189] - epoch: 27
[6264:MainThread](2026-07-30 12:37:04,546) INFO - qlib.TabNet - [pytorch_tabnet.py:190] - training...
[6264:MainThread](2026-07-30 12:37:57,473) INFO - qlib.TabNet - [pytorch_tabnet.py:192] - evaluating...
[6264:MainThread](2026-07-30 12:38:31,293) INFO - qlib.TabNet - [pytorch_tabnet.py:195] - train -0.936628, valid -1.009711
[6264:MainThread](2026-07-30 12:38:31,293) INFO - qlib.TabNet - [pytorch_tabnet.py:189] - epoch: 28
[6264:MainThread](2026-07-30 12:38:31,294) INFO - qlib.TabNet - [pytorch_tabnet.py:190] - training...
[6264:MainThread](2026-07-30 12:39:24,323) INFO - qlib.TabNet - [pytorch_tabnet.py:192] - evaluating...
[6264:MainThread](2026-07-30 12:39:56,750) INFO - qlib.TabNet - [pytorch_tabnet.py:195] - train -0.929282, valid -1.002502
[6264:MainThread](2026-07-30 12:39:56,751) INFO - qlib.TabNet - [pytorch_tabnet.py:189] - epoch: 29
[6264:MainThread](2026-07-30 12:39:56,751) INFO - qlib.TabNet - [pytorch_tabnet.py:190] - training...
[Phase A] TabNet TIMEOUT >2700s → 记 timeout, 继续下一个

========================================================================
[Phase A] GRU  (wall-clock 预算 2700s)
========================================================================
/Users/11164591/Library/Python/3.9/lib/python/site-packages/joblib/externals/loky/backend/resource_tracker.py:359: UserWarning: resource_tracker: There appear to be 2 leaked folder objects to clean up at shutdown
  warnings.warn(
/Users/11164591/Library/Python/3.9/lib/python/site-packages/joblib/externals/loky/backend/resource_tracker.py:375: UserWarning: resource_tracker: /var/folders/g3/k9jmnbnx6xv37wjjzpv4mxjswf966k/T/joblib_memmapping_folder_6264_d6f9cd0b67bb49a8bccca359f8f10354_94ab4c0580be46bebdc1d73615351960: FileNotFoundError(2, 'No such file or directory')
  warnings.warn(f"resource_tracker: {name}: {e!r}")
/Users/11164591/Library/Python/3.9/lib/python/site-packages/joblib/externals/loky/backend/resource_tracker.py:375: UserWarning: resource_tracker: /var/folders/g3/k9jmnbnx6xv37wjjzpv4mxjswf966k/T/joblib_memmapping_folder_6264_6b48fc8218b74735842beecaafd20444_400a46a193ff411a8c725921bff00585: FileNotFoundError(2, 'No such file or directory')
  warnings.warn(f"resource_tracker: {name}: {e!r}")
[25767:MainThread](2026-07-30 12:40:46,334) INFO - qlib.Initialization - [config.py:473] - default_conf: client.
[25767:MainThread](2026-07-30 12:40:46,998) INFO - qlib.Initialization - [__init__.py:82] - qlib successfully initialized based on client settings.
[25767:MainThread](2026-07-30 12:40:46,999) INFO - qlib.Initialization - [__init__.py:84] - data_path={'__DEFAULT_FREQ': PosixPath('/Users/11164591/.qlib/qlib_data/cn_data_fixed')}
[CHECK] fcf_pit: (93640, 6), 5454只, 1996~2025 | profit_pit: (55675, 4), 5448只, 1998~2025
[CHECK] 交易日历: 2014-01-02 ~ 2026-07-23 (3019天)
[CHECK] 估值缓存: 2079日 × 472股, 2018-01-02~2026-07-29
[worker GRU] 冻结股票池 226 只 | train('2016-01-01', '2021-12-31') valid('2022-01-01', '2022-11-30')(embargo) 信号('2022-12-01', '2026-06-30')
[25767:MainThread](2026-07-30 12:41:20,711) INFO - qlib.timer - [log.py:127] - Time cost: 27.627s | Loading data Done
[25767:MainThread](2026-07-30 12:41:25,158) INFO - qlib.timer - [log.py:127] - Time cost: 4.200s | RobustZScoreNorm Done
[25767:MainThread](2026-07-30 12:41:25,949) INFO - qlib.timer - [log.py:127] - Time cost: 0.791s | Fillna Done
[25767:MainThread](2026-07-30 12:41:26,280) INFO - qlib.timer - [log.py:127] - Time cost: 0.149s | DropnaLabel Done
[25767:MainThread](2026-07-30 12:41:29,641) INFO - qlib.timer - [log.py:127] - Time cost: 3.355s | CSZScoreNorm Done
[25767:MainThread](2026-07-30 12:41:29,646) INFO - qlib.timer - [log.py:127] - Time cost: 8.934s | fit & process data Done
[25767:MainThread](2026-07-30 12:41:29,646) INFO - qlib.timer - [log.py:127] - Time cost: 36.564s | Init data Done
    [GRU] 注入特征维度 = 172
[25767:MainThread](2026-07-30 12:41:34,155) INFO - qlib.GRU - [pytorch_gru_ts.py:61] - GRU pytorch version...
[25767:MainThread](2026-07-30 12:41:34,156) INFO - qlib.GRU - [pytorch_gru_ts.py:79] - GRU parameters setting:
d_feat : 172
hidden_size : 64
num_layers : 2
dropout : 0.0
n_epochs : 200
lr : 0.0002
metric : loss
batch_size : 800
early_stop : 10
optimizer : adam
loss_type : mse
device : cpu
n_jobs : 4
use_GPU : False
seed : None
[25767:MainThread](2026-07-30 12:41:34,162) INFO - qlib.GRU - [pytorch_gru_ts.py:124] - model:
GRUModel(
  (rnn): GRU(172, 64, num_layers=2, batch_first=True)
  (fc_out): Linear(in_features=64, out_features=1, bias=True)
)
[25767:MainThread](2026-07-30 12:41:34,162) INFO - qlib.GRU - [pytorch_gru_ts.py:125] - model size: 0.0674 MB
[25767:MainThread](2026-07-30 12:41:37,961) INFO - qlib.GRU - [pytorch_gru_ts.py:249] - training...
[25767:MainThread](2026-07-30 12:41:37,962) INFO - qlib.GRU - [pytorch_gru_ts.py:253] - Epoch0:
[25767:MainThread](2026-07-30 12:41:37,962) INFO - qlib.GRU - [pytorch_gru_ts.py:254] - training...
[25767:MainThread](2026-07-30 12:43:18,770) INFO - qlib.GRU - [pytorch_gru_ts.py:256] - evaluating...
[25767:MainThread](2026-07-30 12:45:18,855) INFO - qlib.GRU - [pytorch_gru_ts.py:259] - train -0.954439, valid -0.984217
[25767:MainThread](2026-07-30 12:45:18,857) INFO - qlib.GRU - [pytorch_gru_ts.py:253] - Epoch1:
[25767:MainThread](2026-07-30 12:45:18,857) INFO - qlib.GRU - [pytorch_gru_ts.py:254] - training...
[25767:MainThread](2026-07-30 12:46:58,825) INFO - qlib.GRU - [pytorch_gru_ts.py:256] - evaluating...
[25767:MainThread](2026-07-30 12:49:00,240) INFO - qlib.GRU - [pytorch_gru_ts.py:259] - train -0.919046, valid -0.994987
[25767:MainThread](2026-07-30 12:49:00,242) INFO - qlib.GRU - [pytorch_gru_ts.py:253] - Epoch2:
[25767:MainThread](2026-07-30 12:49:00,243) INFO - qlib.GRU - [pytorch_gru_ts.py:254] - training...
[25767:MainThread](2026-07-30 12:50:39,484) INFO - qlib.GRU - [pytorch_gru_ts.py:256] - evaluating...
[25767:MainThread](2026-07-30 12:52:39,667) INFO - qlib.GRU - [pytorch_gru_ts.py:259] - train -0.854048, valid -1.022784
[25767:MainThread](2026-07-30 12:52:39,669) INFO - qlib.GRU - [pytorch_gru_ts.py:253] - Epoch3:
[25767:MainThread](2026-07-30 12:52:39,670) INFO - qlib.GRU - [pytorch_gru_ts.py:254] - training...
[25767:MainThread](2026-07-30 12:54:21,504) INFO - qlib.GRU - [pytorch_gru_ts.py:256] - evaluating...
[25767:MainThread](2026-07-30 12:56:22,431) INFO - qlib.GRU - [pytorch_gru_ts.py:259] - train -0.808168, valid -1.052070
[25767:MainThread](2026-07-30 12:56:22,432) INFO - qlib.GRU - [pytorch_gru_ts.py:253] - Epoch4:
[25767:MainThread](2026-07-30 12:56:22,432) INFO - qlib.GRU - [pytorch_gru_ts.py:254] - training...
[25767:MainThread](2026-07-30 12:58:04,045) INFO - qlib.GRU - [pytorch_gru_ts.py:256] - evaluating...
[25767:MainThread](2026-07-30 13:00:04,584) INFO - qlib.GRU - [pytorch_gru_ts.py:259] - train -0.750428, valid -1.101987
[25767:MainThread](2026-07-30 13:00:04,585) INFO - qlib.GRU - [pytorch_gru_ts.py:253] - Epoch5:
[25767:MainThread](2026-07-30 13:00:04,586) INFO - qlib.GRU - [pytorch_gru_ts.py:254] - training...
[25767:MainThread](2026-07-30 13:01:46,719) INFO - qlib.GRU - [pytorch_gru_ts.py:256] - evaluating...
[25767:MainThread](2026-07-30 13:03:47,302) INFO - qlib.GRU - [pytorch_gru_ts.py:259] - train -0.699086, valid -1.131008
[25767:MainThread](2026-07-30 13:03:47,303) INFO - qlib.GRU - [pytorch_gru_ts.py:253] - Epoch6:
[25767:MainThread](2026-07-30 13:03:47,304) INFO - qlib.GRU - [pytorch_gru_ts.py:254] - training...
[25767:MainThread](2026-07-30 13:05:27,891) INFO - qlib.GRU - [pytorch_gru_ts.py:256] - evaluating...
[25767:MainThread](2026-07-30 13:07:28,968) INFO - qlib.GRU - [pytorch_gru_ts.py:259] - train -0.658620, valid -1.147676
[25767:MainThread](2026-07-30 13:07:28,970) INFO - qlib.GRU - [pytorch_gru_ts.py:253] - Epoch7:
[25767:MainThread](2026-07-30 13:07:28,971) INFO - qlib.GRU - [pytorch_gru_ts.py:254] - training...
[25767:MainThread](2026-07-30 13:09:06,863) INFO - qlib.GRU - [pytorch_gru_ts.py:256] - evaluating...
[25767:MainThread](2026-07-30 13:11:06,246) INFO - qlib.GRU - [pytorch_gru_ts.py:259] - train -0.633045, valid -1.148808
[25767:MainThread](2026-07-30 13:11:06,248) INFO - qlib.GRU - [pytorch_gru_ts.py:253] - Epoch8:
[25767:MainThread](2026-07-30 13:11:06,249) INFO - qlib.GRU - [pytorch_gru_ts.py:254] - training...
[25767:MainThread](2026-07-30 13:12:45,330) INFO - qlib.GRU - [pytorch_gru_ts.py:256] - evaluating...
[25767:MainThread](2026-07-30 13:14:46,104) INFO - qlib.GRU - [pytorch_gru_ts.py:259] - train -0.609009, valid -1.158168
[25767:MainThread](2026-07-30 13:14:46,106) INFO - qlib.GRU - [pytorch_gru_ts.py:253] - Epoch9:
[25767:MainThread](2026-07-30 13:14:46,108) INFO - qlib.GRU - [pytorch_gru_ts.py:254] - training...
[25767:MainThread](2026-07-30 13:16:26,476) INFO - qlib.GRU - [pytorch_gru_ts.py:256] - evaluating...
[25767:MainThread](2026-07-30 13:18:26,517) INFO - qlib.GRU - [pytorch_gru_ts.py:259] - train -0.597440, valid -1.302844
[25767:MainThread](2026-07-30 13:18:26,518) INFO - qlib.GRU - [pytorch_gru_ts.py:253] - Epoch10:
[25767:MainThread](2026-07-30 13:18:26,519) INFO - qlib.GRU - [pytorch_gru_ts.py:254] - training...
[25767:MainThread](2026-07-30 13:20:05,915) INFO - qlib.GRU - [pytorch_gru_ts.py:256] - evaluating...
[25767:MainThread](2026-07-30 13:22:05,906) INFO - qlib.GRU - [pytorch_gru_ts.py:259] - train -0.590400, valid -1.300495
[25767:MainThread](2026-07-30 13:22:05,908) INFO - qlib.GRU - [pytorch_gru_ts.py:271] - early stop
[25767:MainThread](2026-07-30 13:22:05,908) INFO - qlib.GRU - [pytorch_gru_ts.py:274] - best score: -0.984217 @ 0
Traceback (most recent call last):
  File "/Users/11164591/Documents/Qoder目录/qlib/quant/run_benchmark.py", line 147, in run_worker
    _, pred = train_qlib_model(name, dataset)
  File "/Users/11164591/Documents/Qoder目录/qlib/quant/core/models.py", line 146, in train_qlib_model
    pred = model.predict(dataset, segment="test")
TypeError: predict() got an unexpected keyword argument 'segment'
[worker GRU] status=failed 用时2479.6s

========================================================================
[Phase A] LSTM  (wall-clock 预算 2700s)
========================================================================
[44981:MainThread](2026-07-30 13:22:16,691) INFO - qlib.Initialization - [config.py:473] - default_conf: client.
[44981:MainThread](2026-07-30 13:22:17,599) INFO - qlib.Initialization - [__init__.py:82] - qlib successfully initialized based on client settings.
[44981:MainThread](2026-07-30 13:22:17,600) INFO - qlib.Initialization - [__init__.py:84] - data_path={'__DEFAULT_FREQ': PosixPath('/Users/11164591/.qlib/qlib_data/cn_data_fixed')}
[CHECK] fcf_pit: (93640, 6), 5454只, 1996~2025 | profit_pit: (55675, 4), 5448只, 1998~2025
[CHECK] 交易日历: 2014-01-02 ~ 2026-07-23 (3019天)
[CHECK] 估值缓存: 2079日 × 472股, 2018-01-02~2026-07-29
[worker LSTM] 冻结股票池 226 只 | train('2016-01-01', '2021-12-31') valid('2022-01-01', '2022-11-30')(embargo) 信号('2022-12-01', '2026-06-30')
[44981:MainThread](2026-07-30 13:22:50,821) INFO - qlib.timer - [log.py:127] - Time cost: 27.012s | Loading data Done
[44981:MainThread](2026-07-30 13:22:54,828) INFO - qlib.timer - [log.py:127] - Time cost: 3.776s | RobustZScoreNorm Done
[44981:MainThread](2026-07-30 13:22:55,560) INFO - qlib.timer - [log.py:127] - Time cost: 0.731s | Fillna Done
[44981:MainThread](2026-07-30 13:22:55,911) INFO - qlib.timer - [log.py:127] - Time cost: 0.164s | DropnaLabel Done
[44981:MainThread](2026-07-30 13:22:58,973) INFO - qlib.timer - [log.py:127] - Time cost: 3.061s | CSZScoreNorm Done
[44981:MainThread](2026-07-30 13:22:59,009) INFO - qlib.timer - [log.py:127] - Time cost: 8.187s | fit & process data Done
[44981:MainThread](2026-07-30 13:22:59,010) INFO - qlib.timer - [log.py:127] - Time cost: 35.202s | Init data Done
    [LSTM] 注入特征维度 = 172
[44981:MainThread](2026-07-30 13:23:03,368) INFO - qlib.LSTM - [pytorch_lstm_ts.py:60] - LSTM pytorch version...
[44981:MainThread](2026-07-30 13:23:03,369) INFO - qlib.LSTM - [pytorch_lstm_ts.py:78] - LSTM parameters setting:
d_feat : 172
hidden_size : 64
num_layers : 2
dropout : 0.0
n_epochs : 200
lr : 0.001
metric : loss
batch_size : 800
early_stop : 10
optimizer : adam
loss_type : mse
device : cpu
n_jobs : 4
use_GPU : False
seed : None
[44981:MainThread](2026-07-30 13:23:07,339) INFO - qlib.LSTM - [pytorch_lstm_ts.py:244] - training...
[44981:MainThread](2026-07-30 13:23:07,340) INFO - qlib.LSTM - [pytorch_lstm_ts.py:248] - Epoch0:
[44981:MainThread](2026-07-30 13:23:07,340) INFO - qlib.LSTM - [pytorch_lstm_ts.py:249] - training...
[44981:MainThread](2026-07-30 13:24:57,881) INFO - qlib.LSTM - [pytorch_lstm_ts.py:251] - evaluating...
[44981:MainThread](2026-07-30 13:27:13,578) INFO - qlib.LSTM - [pytorch_lstm_ts.py:254] - train -0.827648, valid -1.038833
[44981:MainThread](2026-07-30 13:27:13,581) INFO - qlib.LSTM - [pytorch_lstm_ts.py:248] - Epoch1:
[44981:MainThread](2026-07-30 13:27:13,582) INFO - qlib.LSTM - [pytorch_lstm_ts.py:249] - training...
[44981:MainThread](2026-07-30 13:29:04,904) INFO - qlib.LSTM - [pytorch_lstm_ts.py:251] - evaluating...
[44981:MainThread](2026-07-30 13:31:21,287) INFO - qlib.LSTM - [pytorch_lstm_ts.py:254] - train -0.662550, valid -1.224981
[44981:MainThread](2026-07-30 13:31:21,289) INFO - qlib.LSTM - [pytorch_lstm_ts.py:248] - Epoch2:
[44981:MainThread](2026-07-30 13:31:21,290) INFO - qlib.LSTM - [pytorch_lstm_ts.py:249] - training...
[44981:MainThread](2026-07-30 13:33:11,942) INFO - qlib.LSTM - [pytorch_lstm_ts.py:251] - evaluating...
[44981:MainThread](2026-07-30 13:35:30,648) INFO - qlib.LSTM - [pytorch_lstm_ts.py:254] - train -0.534218, valid -1.280433
[44981:MainThread](2026-07-30 13:35:30,650) INFO - qlib.LSTM - [pytorch_lstm_ts.py:248] - Epoch3:
[44981:MainThread](2026-07-30 13:35:30,651) INFO - qlib.LSTM - [pytorch_lstm_ts.py:249] - training...
[44981:MainThread](2026-07-30 13:37:22,168) INFO - qlib.LSTM - [pytorch_lstm_ts.py:251] - evaluating...
[44981:MainThread](2026-07-30 13:39:37,370) INFO - qlib.LSTM - [pytorch_lstm_ts.py:254] - train -0.467174, valid -1.291594
[44981:MainThread](2026-07-30 13:39:37,373) INFO - qlib.LSTM - [pytorch_lstm_ts.py:248] - Epoch4:
[44981:MainThread](2026-07-30 13:39:37,373) INFO - qlib.LSTM - [pytorch_lstm_ts.py:249] - training...
[44981:MainThread](2026-07-30 13:41:29,691) INFO - qlib.LSTM - [pytorch_lstm_ts.py:251] - evaluating...
[44981:MainThread](2026-07-30 13:43:46,708) INFO - qlib.LSTM - [pytorch_lstm_ts.py:254] - train -0.400033, valid -1.405275
[44981:MainThread](2026-07-30 13:43:46,710) INFO - qlib.LSTM - [pytorch_lstm_ts.py:248] - Epoch5:
[44981:MainThread](2026-07-30 13:43:46,711) INFO - qlib.LSTM - [pytorch_lstm_ts.py:249] - training...
[44981:MainThread](2026-07-30 13:45:39,383) INFO - qlib.LSTM - [pytorch_lstm_ts.py:251] - evaluating...
[44981:MainThread](2026-07-30 13:47:56,049) INFO - qlib.LSTM - [pytorch_lstm_ts.py:254] - train -0.361465, valid -1.418477
[44981:MainThread](2026-07-30 13:47:56,051) INFO - qlib.LSTM - [pytorch_lstm_ts.py:248] - Epoch6:
[44981:MainThread](2026-07-30 13:47:56,051) INFO - qlib.LSTM - [pytorch_lstm_ts.py:249] - training...
[44981:MainThread](2026-07-30 13:49:46,954) INFO - qlib.LSTM - [pytorch_lstm_ts.py:251] - evaluating...
[44981:MainThread](2026-07-30 13:52:03,671) INFO - qlib.LSTM - [pytorch_lstm_ts.py:254] - train -0.306578, valid -1.436112
[44981:MainThread](2026-07-30 13:52:03,672) INFO - qlib.LSTM - [pytorch_lstm_ts.py:248] - Epoch7:
[44981:MainThread](2026-07-30 13:52:03,680) INFO - qlib.LSTM - [pytorch_lstm_ts.py:249] - training...
[44981:MainThread](2026-07-30 13:53:53,380) INFO - qlib.LSTM - [pytorch_lstm_ts.py:251] - evaluating...
[44981:MainThread](2026-07-30 13:56:08,289) INFO - qlib.LSTM - [pytorch_lstm_ts.py:254] - train -0.281544, valid -1.487950
[44981:MainThread](2026-07-30 13:56:08,290) INFO - qlib.LSTM - [pytorch_lstm_ts.py:248] - Epoch8:
[44981:MainThread](2026-07-30 13:56:08,291) INFO - qlib.LSTM - [pytorch_lstm_ts.py:249] - training...
[44981:MainThread](2026-07-30 13:57:59,648) INFO - qlib.LSTM - [pytorch_lstm_ts.py:251] - evaluating...
/Users/11164591/Library/Python/3.9/lib/python/site-packages/joblib/externals/loky/backend/resource_tracker.py:359: UserWarning: resource_tracker: There appear to be 2 leaked folder objects to clean up at shutdown
  warnings.warn(
/Users/11164591/Library/Python/3.9/lib/python/site-packages/joblib/externals/loky/backend/resource_tracker.py:375: UserWarning: resource_tracker: /var/folders/g3/k9jmnbnx6xv37wjjzpv4mxjswf966k/T/joblib_memmapping_folder_44981_0ad390324f374db08b1c08018d2d6bb9_0c334657c7904fc3904fb7801c30f4ef: FileNotFoundError(2, 'No such file or directory')
  warnings.warn(f"resource_tracker: {name}: {e!r}")
/Users/11164591/Library/Python/3.9/lib/python/site-packages/joblib/externals/loky/backend/resource_tracker.py:375: UserWarning: resource_tracker: /var/folders/g3/k9jmnbnx6xv37wjjzpv4mxjswf966k/T/joblib_memmapping_folder_44981_933aeee04c5c4b17ab35853826ba6a64_c9bac226b1bb475b9d13bc7a4695dd0e: FileNotFoundError(2, 'No such file or directory')
  warnings.warn(f"resource_tracker: {name}: {e!r}")

========================================================================
[Phase A] ALSTM  (wall-clock 预算 2700s)
========================================================================
[62481:MainThread](2026-07-30 14:00:06,183) INFO - qlib.Initialization - [config.py:473] - default_conf: client.
/Library/Developer/CommandLineTools/Library/Frameworks/Python3.framework/Versions/3.9/lib/python3.9/multiprocessing/resource_tracker.py:216: UserWarning: resource_tracker: There appear to be 20 leaked semaphore objects to clean up at shutdown
  warnings.warn('resource_tracker: There appear to be %d '
[62481:MainThread](2026-07-30 14:00:07,072) INFO - qlib.Initialization - [__init__.py:82] - qlib successfully initialized based on client settings.
[62481:MainThread](2026-07-30 14:00:07,073) INFO - qlib.Initialization - [__init__.py:84] - data_path={'__DEFAULT_FREQ': PosixPath('/Users/11164591/.qlib/qlib_data/cn_data_fixed')}
[CHECK] fcf_pit: (93640, 6), 5454只, 1996~2025 | profit_pit: (55675, 4), 5448只, 1998~2025
[CHECK] 交易日历: 2014-01-02 ~ 2026-07-23 (3019天)
[CHECK] 估值缓存: 2079日 × 472股, 2018-01-02~2026-07-29
[worker ALSTM] 冻结股票池 226 只 | train('2016-01-01', '2021-12-31') valid('2022-01-01', '2022-11-30')(embargo) 信号('2022-12-01', '2026-06-30')
[62481:MainThread](2026-07-30 14:00:40,542) INFO - qlib.timer - [log.py:127] - Time cost: 27.985s | Loading data Done
[62481:MainThread](2026-07-30 14:00:44,942) INFO - qlib.timer - [log.py:127] - Time cost: 3.821s | RobustZScoreNorm Done
[62481:MainThread](2026-07-30 14:00:45,563) INFO - qlib.timer - [log.py:127] - Time cost: 0.620s | Fillna Done
[62481:MainThread](2026-07-30 14:00:46,123) INFO - qlib.timer - [log.py:127] - Time cost: 0.269s | DropnaLabel Done
[62481:MainThread](2026-07-30 14:00:49,106) INFO - qlib.timer - [log.py:127] - Time cost: 2.983s | CSZScoreNorm Done
[62481:MainThread](2026-07-30 14:00:49,116) INFO - qlib.timer - [log.py:127] - Time cost: 8.573s | fit & process data Done
[62481:MainThread](2026-07-30 14:00:49,117) INFO - qlib.timer - [log.py:127] - Time cost: 36.561s | Init data Done
    [ALSTM] 注入特征维度 = 172
[62481:MainThread](2026-07-30 14:00:53,188) INFO - qlib.ALSTM - [pytorch_alstm_ts.py:63] - ALSTM pytorch version...
[62481:MainThread](2026-07-30 14:00:53,189) INFO - qlib.ALSTM - [pytorch_alstm_ts.py:81] - ALSTM parameters setting:
d_feat : 172
hidden_size : 64
num_layers : 2
dropout : 0.0
n_epochs : 200
lr : 0.001
metric : loss
batch_size : 800
early_stop : 10
optimizer : adam
loss_type : mse
device : cpu
n_jobs : 4
use_GPU : False
seed : None
[62481:MainThread](2026-07-30 14:00:53,193) INFO - qlib.ALSTM - [pytorch_alstm_ts.py:126] - model:
ALSTMModel(
  (net): Sequential(
    (fc_in): Linear(in_features=172, out_features=64, bias=True)
    (act): Tanh()
  )
  (rnn): GRU(64, 64, num_layers=2, batch_first=True)
  (fc_out): Linear(in_features=128, out_features=1, bias=True)
  (att_net): Sequential(
    (att_fc_in): Linear(in_features=64, out_features=32, bias=True)
    (att_dropout): Dropout(p=0.0, inplace=False)
    (att_act): Tanh()
    (att_fc_out): Linear(in_features=32, out_features=1, bias=False)
    (att_softmax): Softmax(dim=1)
  )
)
[62481:MainThread](2026-07-30 14:00:53,195) INFO - qlib.ALSTM - [pytorch_alstm_ts.py:127] - model size: 0.0603 MB
[62481:MainThread](2026-07-30 14:00:57,128) INFO - qlib.ALSTM - [pytorch_alstm_ts.py:255] - training...
[62481:MainThread](2026-07-30 14:00:57,129) INFO - qlib.ALSTM - [pytorch_alstm_ts.py:259] - Epoch0:
[62481:MainThread](2026-07-30 14:00:57,130) INFO - qlib.ALSTM - [pytorch_alstm_ts.py:260] - training...
[62481:MainThread](2026-07-30 14:02:49,359) INFO - qlib.ALSTM - [pytorch_alstm_ts.py:262] - evaluating...
[62481:MainThread](2026-07-30 14:04:57,750) INFO - qlib.ALSTM - [pytorch_alstm_ts.py:265] - train -0.947993, valid -0.992415
[62481:MainThread](2026-07-30 14:04:58,238) INFO - qlib.ALSTM - [pytorch_alstm_ts.py:259] - Epoch1:
[62481:MainThread](2026-07-30 14:04:58,257) INFO - qlib.ALSTM - [pytorch_alstm_ts.py:260] - training...
Traceback (most recent call last):
  File "<string>", line 1, in <module>
  File "/Library/Developer/CommandLineTools/Library/Frameworks/Python3.framework/Versions/3.9/lib/python3.9/multiprocessing/spawn.py", line 116, in spawn_main
    exitcode = _main(fd, parent_sentinel)
  File "/Library/Developer/CommandLineTools/Library/Frameworks/Python3.framework/Versions/3.9/lib/python3.9/multiprocessing/spawn.py", line 125, in _main
    prepare(preparation_data)
  File "/Library/Developer/CommandLineTools/Library/Frameworks/Python3.framework/Versions/3.9/lib/python3.9/multiprocessing/spawn.py", line 236, in prepare
    _fixup_main_from_path(data['init_main_from_path'])
  File "/Library/Developer/CommandLineTools/Library/Frameworks/Python3.framework/Versions/3.9/lib/python3.9/multiprocessing/spawn.py", line 287, in _fixup_main_from_path
    main_content = runpy.run_path(main_path,
  File "/Library/Developer/CommandLineTools/Library/Frameworks/Python3.framework/Versions/3.9/lib/python3.9/runpy.py", line 268, in run_path
    return _run_module_code(code, init_globals, run_name,
  File "/Library/Developer/CommandLineTools/Library/Frameworks/Python3.framework/Versions/3.9/lib/python3.9/runpy.py", line 97, in _run_module_code
    _run_code(code, mod_globals, init_globals,
  File "/Library/Developer/CommandLineTools/Library/Frameworks/Python3.framework/Versions/3.9/lib/python3.9/runpy.py", line 87, in _run_code
    exec(code, run_globals)
  File "/Users/11164591/Documents/Qoder目录/qlib/quant/run_benchmark.py", line 62, in <module>
    from core.models import train_qlib_model
  File "/Users/11164591/Documents/Qoder目录/qlib/quant/core/models.py", line 156
    pred = model.predict(dataset)
IndentationError: unexpected indent
[Phase A] ALSTM TIMEOUT >2700s → 记 timeout, 继续下一个

========================================================================
[Phase A] GATs  (wall-clock 预算 2700s)
========================================================================
/Users/11164591/Library/Python/3.9/lib/python/site-packages/joblib/externals/loky/backend/resource_tracker.py:359: UserWarning: resource_tracker: There appear to be 2 leaked folder objects to clean up at shutdown
  warnings.warn(
/Users/11164591/Library/Python/3.9/lib/python/site-packages/joblib/externals/loky/backend/resource_tracker.py:375: UserWarning: resource_tracker: /var/folders/g3/k9jmnbnx6xv37wjjzpv4mxjswf966k/T/joblib_memmapping_folder_62481_e9b54d882cb1442b935865c69332b9a1_d81432569ffa4544843fe8dc088b2c44: FileNotFoundError(2, 'No such file or directory')
  warnings.warn(f"resource_tracker: {name}: {e!r}")
/Users/11164591/Library/Python/3.9/lib/python/site-packages/joblib/externals/loky/backend/resource_tracker.py:375: UserWarning: resource_tracker: /var/folders/g3/k9jmnbnx6xv37wjjzpv4mxjswf966k/T/joblib_memmapping_folder_62481_1eb95b3df39f45d88162f4be75e4d2ea_4a7e8ce7666b4ed2b4b20429740a0f02: FileNotFoundError(2, 'No such file or directory')
  warnings.warn(f"resource_tracker: {name}: {e!r}")
Traceback (most recent call last):
  File "/Users/11164591/Documents/Qoder目录/qlib/quant/run_benchmark.py", line 62, in <module>
    from core.models import train_qlib_model
  File "/Users/11164591/Documents/Qoder目录/qlib/quant/core/models.py", line 156
    pred = model.predict(dataset)
IndentationError: unexpected indent

========================================================================
[Phase A] TCN  (wall-clock 预算 2700s)
========================================================================
/Library/Developer/CommandLineTools/Library/Frameworks/Python3.framework/Versions/3.9/lib/python3.9/multiprocessing/resource_tracker.py:216: UserWarning: resource_tracker: There appear to be 11 leaked semaphore objects to clean up at shutdown
  warnings.warn('resource_tracker: There appear to be %d '
Traceback (most recent call last):
  File "/Users/11164591/Documents/Qoder目录/qlib/quant/run_benchmark.py", line 62, in <module>
    from core.models import train_qlib_model
  File "/Users/11164591/Documents/Qoder目录/qlib/quant/core/models.py", line 156
    pred = model.predict(dataset)
IndentationError: unexpected indent

========================================================================
[Phase A] Localformer  (wall-clock 预算 2700s)
========================================================================
Traceback (most recent call last):
  File "/Users/11164591/Documents/Qoder目录/qlib/quant/run_benchmark.py", line 62, in <module>
    from core.models import train_qlib_model
  File "/Users/11164591/Documents/Qoder目录/qlib/quant/core/models.py", line 156
    pred = model.predict(dataset)
IndentationError: unexpected indent

========================================================================
[Phase A] Transformer  (wall-clock 预算 2700s)
========================================================================
Traceback (most recent call last):
  File "/Users/11164591/Documents/Qoder目录/qlib/quant/run_benchmark.py", line 62, in <module>
    from core.models import train_qlib_model
  File "/Users/11164591/Documents/Qoder目录/qlib/quant/core/models.py", line 156
    pred = model.predict(dataset)
IndentationError: unexpected indent

========================================================================
[Phase A] VALUE20  (wall-clock 预算 2700s)
========================================================================
Traceback (most recent call last):
  File "/Users/11164591/Documents/Qoder目录/qlib/quant/run_benchmark.py", line 62, in <module>
    from core.models import train_qlib_model
  File "/Users/11164591/Documents/Qoder目录/qlib/quant/core/models.py", line 156
    pred = model.predict(dataset)
IndentationError: unexpected indent

========================================================================
[Phase A] POOL_EW  (wall-clock 预算 2700s)
========================================================================
Traceback (most recent call last):
  File "/Users/11164591/Documents/Qoder目录/qlib/quant/run_benchmark.py", line 62, in <module>
    from core.models import train_qlib_model
  File "/Users/11164591/Documents/Qoder目录/qlib/quant/core/models.py", line 156
    pred = model.predict(dataset)
IndentationError: unexpected indent

================================================================================================
  Phase A 全模型初筛排名 (单切分 test 2023~2026H1, 按 OOS RankIC 降序)
================================================================================================
模型              状态         RankIC      IC       年化  Sharpe       回撤  Calmar      换手     次数       秒
MLP             ok         0.0744  0.0496   20.8%    0.80  -34.9%    0.60   90.0%  390.0   265.3
DoubleEnsemble  ok         0.0677  0.0564   18.8%    0.81  -31.9%    0.59   80.0%  345.0   824.4
LightGBM        ok         0.0647  0.0545   20.1%    0.87  -28.4%    0.71   81.2%  351.0   131.0
XGBoost         ok         0.0636  0.0547   18.0%    0.71  -34.1%    0.53   79.7%  344.0   153.2
CatBoost        ok         0.0627  0.0652   14.8%    0.64  -28.2%    0.52   68.6%  295.0   242.6
Linear          ok         0.0486  0.0257    3.5%    0.18  -28.9%    0.12   78.1%  339.0   176.3
TabNet          timeout         -       -       -       -       -       -       -    nan  2700.0
    └─ nan
GRU             failed          -       -       -       -       -       -       -    nan  2479.6
    └─ TypeError: predict() got an unexpected keyword argument 'segment'
LSTM            failed          -       -       -       -       -       -       -    nan  2274.1
    └─ worker 无输出 (可能崩溃/OOM)
ALSTM           timeout         -       -       -       -       -       -       -    nan  2700.0
    └─ nan
GATs            failed          -       -       -       -       -       -       -    nan     2.0
    └─ worker 无输出 (可能崩溃/OOM)
TCN             failed          -       -       -       -       -       -       -    nan     1.6
    └─ worker 无输出 (可能崩溃/OOM)
Localformer     failed          -       -       -       -       -       -       -    nan     0.9
    └─ worker 无输出 (可能崩溃/OOM)
Transformer     failed          -       -       -       -       -       -       -    nan     0.9
    └─ worker 无输出 (可能崩溃/OOM)
VALUE20         failed          -       -       -       -       -       -       -    nan     1.1
    └─ worker 无输出 (可能崩溃/OOM)
POOL_EW         failed          -       -       -       -       -       -       -    nan     1.1
    └─ worker 无输出 (可能崩溃/OOM)

[+] Phase A 排名已存 /Users/11164591/Documents/Qoder目录/qlib/quant/outputs/benchmark_phaseA.csv
[+] Phase A 前 4 名 (进入 Phase B 建议): ['MLP', 'DoubleEnsemble', 'LightGBM', 'XGBoost']
