[53874:MainThread](2026-09-08 10:11:44,799) INFO - qlib.Initialization - [config.py:473] - default_conf: client.
[53874:MainThread](2026-09-08 10:11:45,269) INFO - qlib.Initialization - [__init__.py:82] - qlib successfully initialized based on client settings.
[53874:MainThread](2026-09-08 10:11:45,269) INFO - qlib.Initialization - [__init__.py:84] - data_path={'__DEFAULT_FREQ': PosixPath('/Users/11164591/Documents/Qoder目录/qlib/data_cache/qlib_cn_tencent')}
[qlib] 数据源: /Users/11164591/Documents/Qoder目录/qlib/data_cache/qlib_cn_tencent
[CHECK] 合并港股FCF: +1878行, 88只
[CHECK] 合并港股利润: +1877行, 88只
[CHECK] fcf_pit合并后: (95518, 6), 5542只, 1996~2026 | profit_pit: (57552, 4), 5536只, 1996~2026
[CHECK] 交易日历: 2014-01-02 ~ 2026-07-23 (3052天)
[CHECK] 合并港股估值: +233821行, 83只
[CHECK] 估值缓存(合并后): 3169日 × 561股, 2013-05-24~2026-07-23

======================================================================
[W2020] 池:2009~2018十年双正 | train 2015-01-01~2018-11-30 | valid 2019-01-01~2019-10-31(embargo) | 信号 2019-12-01~2020-11-30
======================================================================
  股票池: 191 只
[CHECK] W2020 行情覆盖率 189/191 = 99.0%, 缺失例: ['SH601728', 'SZ000418']
[53874:MainThread](2026-09-08 10:12:35,757) INFO - qlib.timer - [log.py:127] - Time cost: 33.289s | Loading data Done
[53874:MainThread](2026-09-08 10:12:39,927) INFO - qlib.timer - [log.py:127] - Time cost: 4.079s | RobustZScoreNorm Done
[53874:MainThread](2026-09-08 10:12:40,881) INFO - qlib.timer - [log.py:127] - Time cost: 0.950s | Fillna Done
[53874:MainThread](2026-09-08 10:12:41,220) INFO - qlib.timer - [log.py:127] - Time cost: 0.092s | DropnaLabel Done
[53874:MainThread](2026-09-08 10:12:42,190) INFO - qlib.timer - [log.py:127] - Time cost: 0.966s | CSZScoreNorm Done
[53874:MainThread](2026-09-08 10:12:42,192) INFO - qlib.timer - [log.py:127] - Time cost: 6.435s | fit & process data Done
[53874:MainThread](2026-09-08 10:12:42,193) INFO - qlib.timer - [log.py:127] - Time cost: 39.726s | Init data Done
  [CHECK] 行情覆盖: 184/191 (96%)
  特征矩阵: train (157231, 170), valid (37253, 170), test (45641, 170), NaN=0.00%
    [W2020-XGB] best_iter=1023, valid RankIC=0.0718 → OK
    [W2020-LGB] best_iter=141, valid RankIC=0.0777 → OK
    [W2020-DE] best_iter=193, valid RankIC=0.0721 → OK
    [VALF] W2020 valid 段 w 寻优 → w=0.3  [w=0.15:-0.073(10月)  w=0.20:-0.0657(10月)  w=0.25:-0.0588(10月)  w=0.30:-0.0507(10月)]
    [流动性] 中位数20日均成交额=3.12亿, 一字涨停24条, 停牌477条

======================================================================
[W2021] 池:2010~2019十年双正 | train 2016-01-01~2019-11-30 | valid 2020-01-01~2020-10-31(embargo) | 信号 2020-12-01~2021-11-30
======================================================================
  股票池: 222 只
[CHECK] W2021 行情覆盖率 221/222 = 99.5%, 缺失例: ['SH600317']
[53874:MainThread](2026-09-08 10:19:41,062) INFO - qlib.timer - [log.py:127] - Time cost: 19.030s | Loading data Done
[53874:MainThread](2026-09-08 10:19:42,388) INFO - qlib.timer - [log.py:127] - Time cost: 1.256s | RobustZScoreNorm Done
[53874:MainThread](2026-09-08 10:19:42,582) INFO - qlib.timer - [log.py:127] - Time cost: 0.193s | Fillna Done
[53874:MainThread](2026-09-08 10:19:42,764) INFO - qlib.timer - [log.py:127] - Time cost: 0.056s | DropnaLabel Done
[53874:MainThread](2026-09-08 10:19:43,410) INFO - qlib.timer - [log.py:127] - Time cost: 0.646s | CSZScoreNorm Done
[53874:MainThread](2026-09-08 10:19:43,413) INFO - qlib.timer - [log.py:127] - Time cost: 2.350s | fit & process data Done
[53874:MainThread](2026-09-08 10:19:43,413) INFO - qlib.timer - [log.py:127] - Time cost: 21.383s | Init data Done
  [CHECK] 行情覆盖: 216/222 (97%)
  特征矩阵: train (184745, 170), valid (43005, 170), test (53013, 170), NaN=0.00%
    [W2021-XGB] best_iter=532, valid RankIC=0.1141 → OK
    [W2021-LGB] best_iter=158, valid RankIC=0.1192 → OK
    [W2021-DE] best_iter=95, valid RankIC=0.1128 → OK
    [VALF] W2021 valid 段 w 寻优 → w=0.3  [w=0.15:-0.049(10月)  w=0.20:-0.0419(10月)  w=0.25:-0.0358(10月)  w=0.30:-0.0272(10月)]
    [流动性] 中位数20日均成交额=2.14亿, 一字涨停13条, 停牌569条

======================================================================
[W2022] 池:2011~2020十年双正 | train 2017-01-01~2020-11-30 | valid 2021-01-01~2021-10-31(embargo) | 信号 2021-12-01~2022-11-30
======================================================================
  股票池: 253 只
[CHECK] W2022 行情覆盖率 252/253 = 99.6%, 缺失例: ['SH600317']
[53874:MainThread](2026-09-08 10:25:25,085) INFO - qlib.timer - [log.py:127] - Time cost: 20.344s | Loading data Done
[53874:MainThread](2026-09-08 10:25:27,107) INFO - qlib.timer - [log.py:127] - Time cost: 1.941s | RobustZScoreNorm Done
[53874:MainThread](2026-09-08 10:25:27,378) INFO - qlib.timer - [log.py:127] - Time cost: 0.270s | Fillna Done
[53874:MainThread](2026-09-08 10:25:27,871) INFO - qlib.timer - [log.py:127] - Time cost: 0.094s | DropnaLabel Done
[53874:MainThread](2026-09-08 10:25:28,582) INFO - qlib.timer - [log.py:127] - Time cost: 0.710s | CSZScoreNorm Done
[53874:MainThread](2026-09-08 10:25:28,585) INFO - qlib.timer - [log.py:127] - Time cost: 3.499s | fit & process data Done
[53874:MainThread](2026-09-08 10:25:28,585) INFO - qlib.timer - [log.py:127] - Time cost: 23.845s | Init data Done
  [CHECK] 行情覆盖: 235/253 (93%)
  特征矩阵: train (205882, 170), valid (47801, 170), test (60851, 170), NaN=0.00%
    [W2022-XGB] best_iter=701, valid RankIC=0.0251 → OK
    [W2022-LGB] best_iter=1600, valid RankIC=0.0542 → OK
    [W2022-DE] best_iter=824, valid RankIC=0.0444 → OK
    [VALF] W2022 valid 段 w 寻优 → w=0.3  [w=0.15:0.0724(10月)  w=0.20:0.0745(10月)  w=0.25:0.0761(10月)  w=0.30:0.0781(10月)]
    [流动性] 中位数20日均成交额=2.13亿, 一字涨停18条, 停牌400条

======================================================================
[W2023] 池:2012~2021十年双正 | train 2018-01-01~2021-11-30 | valid 2022-01-01~2022-10-31(embargo) | 信号 2022-12-01~2023-11-30
======================================================================
  股票池: 277 只
[CHECK] W2023 行情覆盖率 277/277 = 100.0%
[53874:MainThread](2026-09-08 11:14:31,001) INFO - qlib.timer - [log.py:127] - Time cost: 21.360s | Loading data Done
[53874:MainThread](2026-09-08 11:14:33,386) INFO - qlib.timer - [log.py:127] - Time cost: 2.301s | RobustZScoreNorm Done
[53874:MainThread](2026-09-08 11:14:33,850) INFO - qlib.timer - [log.py:127] - Time cost: 0.463s | Fillna Done
[53874:MainThread](2026-09-08 11:14:34,919) INFO - qlib.timer - [log.py:127] - Time cost: 0.110s | DropnaLabel Done
[53874:MainThread](2026-09-08 11:14:35,932) INFO - qlib.timer - [log.py:127] - Time cost: 1.011s | CSZScoreNorm Done
[53874:MainThread](2026-09-08 11:14:35,938) INFO - qlib.timer - [log.py:127] - Time cost: 4.936s | fit & process data Done
[53874:MainThread](2026-09-08 11:14:35,939) INFO - qlib.timer - [log.py:127] - Time cost: 26.299s | Init data Done
  [CHECK] 行情覆盖: 271/277 (98%)
  特征矩阵: train (233580, 170), valid (53916, 170), test (67206, 170), NaN=0.00%
    [W2023-XGB] best_iter=733, valid RankIC=0.0657 → OK
    [W2023-LGB] best_iter=376, valid RankIC=0.0766 → OK
    [W2023-DE] best_iter=624, valid RankIC=0.0872 → OK
    [VALF] W2023 valid 段 w 寻优 → w=0.3  [w=0.15:0.0731(10月)  w=0.20:0.0811(10月)  w=0.25:0.0894(10月)  w=0.30:0.0972(10月)]
    [流动性] 中位数20日均成交额=1.65亿, 一字涨停16条, 停牌505条

======================================================================
[W2024] 池:2013~2022十年双正 | train 2019-01-01~2022-11-30 | valid 2023-01-01~2023-10-31(embargo) | 信号 2023-12-01~2024-11-30
======================================================================
  股票池: 280 只
[CHECK] W2024 行情覆盖率 280/280 = 100.0%
[53874:MainThread](2026-09-08 11:44:53,846) INFO - qlib.timer - [log.py:127] - Time cost: 19.213s | Loading data Done
[53874:MainThread](2026-09-08 11:44:55,694) INFO - qlib.timer - [log.py:127] - Time cost: 1.760s | RobustZScoreNorm Done
[53874:MainThread](2026-09-08 11:44:55,986) INFO - qlib.timer - [log.py:127] - Time cost: 0.292s | Fillna Done
[53874:MainThread](2026-09-08 11:44:56,371) INFO - qlib.timer - [log.py:127] - Time cost: 0.103s | DropnaLabel Done
[53874:MainThread](2026-09-08 11:44:58,194) INFO - qlib.timer - [log.py:127] - Time cost: 1.822s | CSZScoreNorm Done
[53874:MainThread](2026-09-08 11:44:58,210) INFO - qlib.timer - [log.py:127] - Time cost: 4.363s | fit & process data Done
[53874:MainThread](2026-09-08 11:44:58,210) INFO - qlib.timer - [log.py:127] - Time cost: 23.578s | Init data Done
  [CHECK] 行情覆盖: 277/280 (99%)
  特征矩阵: train (245195, 170), valid (55284, 170), test (67480, 170), NaN=0.00%
    [W2024-XGB] best_iter=1658, valid RankIC=0.0769 → OK
    [W2024-LGB] best_iter=498, valid RankIC=0.0791 → OK
    [W2024-DE] best_iter=217, valid RankIC=0.0676 → OK
    [VALF] W2024 valid 段 w 寻优 → w=0.3  [w=0.15:0.1556(10月)  w=0.20:0.1606(10月)  w=0.25:0.1652(10月)  w=0.30:0.1695(10月)]
    [流动性] 中位数20日均成交额=1.69亿, 一字涨停15条, 停牌535条

======================================================================
[W2025] 池:2014~2023十年双正 | train 2020-01-01~2023-11-30 | valid 2024-01-01~2024-10-31(embargo) | 信号 2024-12-01~2025-11-30
======================================================================
  股票池: 327 只
[CHECK] W2025 行情覆盖率 327/327 = 100.0%
[53874:MainThread](2026-09-08 11:59:59,277) INFO - qlib.timer - [log.py:127] - Time cost: 23.023s | Loading data Done
[53874:MainThread](2026-09-08 12:00:02,108) INFO - qlib.timer - [log.py:127] - Time cost: 2.703s | RobustZScoreNorm Done
[53874:MainThread](2026-09-08 12:00:02,458) INFO - qlib.timer - [log.py:127] - Time cost: 0.350s | Fillna Done
[53874:MainThread](2026-09-08 12:00:02,895) INFO - qlib.timer - [log.py:127] - Time cost: 0.104s | DropnaLabel Done
[53874:MainThread](2026-09-08 12:00:03,687) INFO - qlib.timer - [log.py:127] - Time cost: 0.792s | CSZScoreNorm Done
[53874:MainThread](2026-09-08 12:00:03,692) INFO - qlib.timer - [log.py:127] - Time cost: 4.414s | fit & process data Done
[53874:MainThread](2026-09-08 12:00:03,692) INFO - qlib.timer - [log.py:127] - Time cost: 27.438s | Init data Done
  [CHECK] 行情覆盖: 326/327 (100%)
  特征矩阵: train (293558, 170), valid (65067, 170), test (79134, 170), NaN=0.00%
    [W2025-XGB] best_iter=515, valid RankIC=0.0616 → OK
    [W2025-LGB] best_iter=227, valid RankIC=0.0614 → OK
    [W2025-DE] best_iter=237, valid RankIC=0.0577 → OK
    [VALF] W2025 valid 段 w 寻优 → w=0.3  [w=0.15:0.0874(10月)  w=0.20:0.0929(10月)  w=0.25:0.0992(10月)  w=0.30:0.1042(10月)]
    [流动性] 中位数20日均成交额=2.64亿, 一字涨停29条, 停牌441条

======================================================================
[W2026] 池:2015~2024十年双正 | train 2021-01-01~2024-11-30 | valid 2025-01-01~2025-10-31(embargo) | 信号 2025-12-01~2026-06-30
======================================================================
  股票池: 357 只
[CHECK] W2026 行情覆盖率 357/357 = 100.0%
[53874:MainThread](2026-09-08 12:17:32,001) INFO - qlib.timer - [log.py:127] - Time cost: 22.741s | Loading data Done
[53874:MainThread](2026-09-08 12:17:34,570) INFO - qlib.timer - [log.py:127] - Time cost: 2.450s | RobustZScoreNorm Done
[53874:MainThread](2026-09-08 12:17:35,103) INFO - qlib.timer - [log.py:127] - Time cost: 0.532s | Fillna Done
[53874:MainThread](2026-09-08 12:17:35,787) INFO - qlib.timer - [log.py:127] - Time cost: 0.129s | DropnaLabel Done
[53874:MainThread](2026-09-08 12:17:36,521) INFO - qlib.timer - [log.py:127] - Time cost: 0.733s | CSZScoreNorm Done
[53874:MainThread](2026-09-08 12:17:36,525) INFO - qlib.timer - [log.py:127] - Time cost: 4.524s | fit & process data Done
[53874:MainThread](2026-09-08 12:17:36,525) INFO - qlib.timer - [log.py:127] - Time cost: 27.267s | Init data Done
  [CHECK] 行情覆盖: 356/357 (100%)
  特征矩阵: train (325990, 170), valid (71178, 170), test (49623, 170), NaN=0.00%
    [W2026-XGB] best_iter=402, valid RankIC=0.1122 → OK
    [W2026-LGB] best_iter=231, valid RankIC=0.1062 → OK
    [W2026-DE] best_iter=124, valid RankIC=0.1057 → OK
    [VALF] W2026 valid 段 w 寻优 → w=0.3  [w=0.15:0.0684(10月)  w=0.20:0.0732(10月)  w=0.25:0.078(10月)  w=0.30:0.0831(10月)]
    [流动性] 中位数20日均成交额=2.20亿, 一字涨停12条, 停牌407条
[CHECK] 沪深300基准(csi300_cache): 2019-01-02 ~ 2026-07-28 (1835天)

================================================================================================
  一、分年收益 (2020~2026H1) (月频, T+1, 往返成本0.4%)
================================================================================================
策略                       2020     2021     2022     2023     2024     2025     2026
XGB Top10             62.6%    10.0%    24.6%    -0.1%    32.5%    27.2%     1.0%
LGB Top10             52.2%     7.1%    28.3%    -6.5%    52.8%    22.1%     2.8%
DE Top10              53.8%     5.3%    16.6%     5.9%    35.4%    14.9%    -8.2%
集成ENS Top10           51.2%    -7.3%    19.8%    -7.0%    48.2%    17.2%     0.0%
DE+LGB Top10          56.1%     5.4%    21.9%    -1.1%    54.8%    17.1%     0.8%
IC加权 Top10            50.7%    -7.3%    21.0%    -5.6%    47.5%    17.2%    -0.5%
DL+择时 Top10           54.3%     2.3%    12.3%    -2.2%    44.0%    13.5%    -2.6%
XGB15+缓冲              59.3%     4.3%    13.3%     4.1%    30.3%    20.5%    -2.2%
VHF Top20              3.4%    12.0%    -7.9%     2.3%    22.4%    19.0%    -2.3%
VHF Top10              0.5%    18.3%    -4.0%    -3.8%    25.6%    13.6%     0.5%
value_comp Top20       6.0%     5.5%    -4.6%     2.7%    19.5%    18.5%    -0.1%
value_comp Top10      -0.3%    14.9%    -6.2%    -2.0%    25.5%    12.9%     0.5%
value+盈利 Top10        12.7%    10.1%    -6.8%     8.7%    52.8%    42.7%    -7.3%
value+盈利 Top20         9.6%    13.6%    -7.0%     4.6%    25.1%    24.6%    -1.0%
结构化剥离 Top10           11.5%    20.2%   -11.7%    18.2%    19.7%    38.2%     5.5%
VGH+XGB Top10         26.9%    13.6%    17.0%     4.9%    17.7%    37.4%    -2.3%
VG底仓+ENS精排            20.2%    12.0%   -10.9%    -4.3%    15.7%    20.4%     3.0%
VGH底仓+ENS精排           25.1%    18.2%     0.1%     2.4%    20.5%    15.0%     7.8%
VGH+ICW融合             21.9%    16.3%    10.7%     8.6%    38.3%    33.8%     3.4%
ICW+择时 Top10          49.6%    -9.4%    10.7%    -7.0%    38.2%    13.1%    -3.8%
ICW15+缓冲              50.5%     3.8%    13.7%    -7.7%    40.6%    31.4%    -3.3%
ICW双周 Top10           74.3%    33.0%    26.5%    -5.3%    31.2%    24.9%     5.4%
排雷版VAL10              -0.2%    13.2%    -3.5%    -2.1%    10.0%    24.9%     2.9%
融合版VAL10               4.6%    28.4%    11.2%    -2.5%    19.4%    15.3%     3.6%
十年双正池等权               20.4%     8.9%   -11.4%     2.6%     6.7%    16.4%    -5.9%
ICW双周+熊市切VGH          64.4%    47.0%     8.7%    -2.2%    39.7%    19.7%     1.1%
双腿40/60(DE+VAL)       19.1%    11.6%     3.0%     1.4%    30.7%    14.4%    -2.7%
沪深300基准               27.2%    -5.2%   -21.6%   -11.4%    14.7%    17.7%    -1.3%

================================================================================================
  二、整体指标 (图1口径; 年化(剔2020)对齐 value_comp 冻结基线)
================================================================================================
              策略     年化收益  年化(剔20)     年化波动 Sharpe     最大回撤 Calmar     IC RankIC      换手率  交易次数
       XGB Top10   22.72%   16.60%   22.59%   1.01  -27.51%   0.83 0.0594 0.0672   74.89%   583
       LGB Top10   22.54%   17.80%   22.75%   0.99  -29.07%   0.78 0.0614 0.0709   75.90%   593
        DE Top10   17.52%   11.91%   22.63%   0.77  -29.74%   0.59 0.0563 0.0696   77.60%   607
     集成ENS Top10   16.58%   11.20%   22.80%   0.73  -35.98%   0.46 0.0539 0.0707   75.33%   588
    DE+LGB Top10   21.88%   16.50%   22.72%   0.96  -26.81%   0.82 0.0538 0.0713   76.27%   596
      IC加权 Top10   16.77%   11.48%   22.74%   0.74  -33.60%   0.50 0.0541 0.0713   75.20%   587
     DL+择时 Top10   16.88%   11.12%   20.36%   0.83  -24.09%   0.70 0.0538 0.0713   76.27%   596
        XGB15+缓冲   18.45%   12.23%   21.27%   0.87  -31.32%   0.59 0.0594 0.0672   67.90%   790
       VHF Top20    7.00%    7.66%    8.76%   0.80  -14.15%   0.49   n/a    n/a    22.66%   341
       VHF Top10    7.23%    8.50%    9.05%   0.80  -14.56%   0.50   n/a    n/a    22.37%   170
value_comp Top20    6.98%    7.15%    7.32%   0.95  -13.31%   0.52 0.0252 0.0594   23.08%   350
value_comp Top10    6.42%    7.69%    8.52%   0.75  -18.09%   0.35 0.0252 0.0594   26.43%   202
  value+盈利 Top10   15.40%   15.88%   13.96%   1.10  -17.54%   0.88 0.0224 0.0490   26.72%   199
  value+盈利 Top20   10.10%   10.18%   11.80%   0.86  -17.18%   0.59 0.0224 0.0490   24.71%   367
     结构化剥离 Top10   14.71%   15.29%   11.96%   1.23  -17.80%   0.83 0.0268 0.0602   28.91%   217
   VGH+XGB Top10   17.11%   15.41%   15.18%   1.13  -18.70%   0.92 0.0555 0.0897   63.11%   491
      VG底仓+ENS精排    7.98%    5.89%   14.53%   0.55  -26.81%   0.30 0.0714 0.0603   56.56%   441
     VGH底仓+ENS精排   13.38%   11.36%   12.32%   1.09  -17.22%   0.78 0.0860 0.0678   56.22%   437
       VGH+ICW融合   19.92%   19.56%   15.75%   1.27  -21.63%   0.92 0.0601 0.0904   67.78%   528
    ICW+择时 Top10   12.05%    6.33%   20.21%   0.60  -31.03%   0.39 0.0541 0.0713   75.20%   587
        ICW15+缓冲   17.95%   12.84%   20.74%   0.87  -31.23%   0.57 0.0541 0.0713   66.79%   778
     ICW双周 Top10   27.25%   20.18%   21.89%   1.24  -35.20%   0.77 0.0494 0.0635   65.69%  1016
        排雷版VAL10    6.50%    7.77%    8.96%   0.73  -17.22%   0.38 0.0234 0.0490   44.65%   348
        融合版VAL10   11.89%   13.26%   12.16%   0.98  -23.69%   0.50 0.0461 0.0817   54.76%   427
         十年双正池等权    5.20%    2.66%   14.30%   0.36  -23.51%   0.22   n/a    n/a    10.52%  1200
         沪深300基准    1.69%   -2.35%   18.74%   0.09  -45.60%   0.04   n/a    n/a     0.00%     0
 双腿40/60(DE+VAL)   11.39%   10.04%   11.37%   1.00  -14.07%   0.81   n/a    n/a     n/a       0
    ICW双周+熊市切VGH   25.31%   19.26%   18.73%   1.35  -20.88%   1.21 0.0494 0.0635   65.69%  1016

================================================================================================
  三、模型 vs value_comp 对照
================================================================================================
  · 全期(含2020)  : DE 17.52%  ICW 16.77%  XGB15+缓冲 18.45%  vs  value_comp20 6.98%
  · 对齐(剔2020)  : DE 11.91%  ICW 11.48%  XGB15+缓冲 12.23%  vs  value_comp20 7.15%
  · 风险调整      : DE Sharpe 0.77  ICW Sharpe 0.74  XGB15+缓冲 Sharpe 0.87  vs  value_comp20 Sharpe 0.95
  · 回撤           : DE -29.7%  ICW -33.6%  XGB15+缓冲 -31.3%  vs  value_comp20 -13.3%
  · 换手           : DE 77.6%  ICW 75.2%  XGB15+缓冲 67.9%  vs  value_comp20 23.1%
  · OOS RankIC    : DE=0.0696  ICW=0.0713  XGB15+缓冲=0.0672  value=0.0594

================================================================================================
  四、级联精排 vs value 底仓对照
================================================================================================
  · VG底仓+ENS精排 vs value+盈利 Top10
      全期: 7.98% vs 15.40%  |  剔20: 5.89% vs 15.88%  |  Sharpe: 0.55 vs 1.10  |  回撤: -26.8% vs -17.5%
  · VGH底仓+ENS精排 vs 结构化剥离 Top10
      全期: 13.38% vs 14.71%  |  剔20: 11.36% vs 15.29%  |  Sharpe: 1.09 vs 1.23  |  回撤: -17.2% vs -17.8%

================================================================================================
  五、新策略 vs 基线对照 (ICW_BW/ICW_SW/ICV/ICW_T/ICW15)
================================================================================================
  · ICW双周 Top10 : 年化 27.25%  剔20 20.18%  Sharpe 1.24  回撤 -35.2%  换手 65.7%
  · ICW双周+熊市切VGH (最终推荐): 年化 25.31%  剔20 19.26%  Sharpe 1.35  回撤 -20.9%
  · VGH+ICW融合   : 年化 19.92%  剔20 19.56%  Sharpe 1.27  回撤 -21.6%  换手 67.8%
  · ICW+择时 Top10: 年化 12.05%  剔20 6.33%  Sharpe 0.60  回撤 -31.0%  换手 75.2%
  · ICW15+缓冲    : 年化 17.95%  剔20 12.84%  Sharpe 0.87  回撤 -31.2%  换手 66.8%
  vs ICW       : 年化 16.77%  剔20 11.48%  Sharpe 0.74  回撤 -33.6%  换手 75.2%

================================================================================================
  六、收益归因 (年化拆分, 基准=沪深300)
================================================================================================
  总收益 ≈ beta贡献 + 择时贡献 + 选股/因子贡献  (DFA/AQR尽调第一问; 拆开看是在收溢价还是吃风格行情)
              策略      总年化   beta贡献     择时贡献    选股+因子  β系数     基准年化
       XGB Top10   22.72%    1.47%    0.00%   21.25% 0.66    2.23%
       LGB Top10   22.54%    1.48%    0.00%   21.06% 0.66    2.23%
        DE Top10   17.52%    1.50%    0.00%   16.02% 0.67    2.23%
     集成ENS Top10   16.58%    1.53%    0.00%   15.05% 0.69    2.23%
    DE+LGB Top10   21.88%    1.54%    0.00%   20.34% 0.69    2.23%
      IC加权 Top10   16.77%    1.52%    0.00%   15.25% 0.68    2.23%
     DL+择时 Top10   16.88%    1.35%   -4.99%   20.52% 0.61    2.23%
        XGB15+缓冲   18.45%    1.52%    0.00%   16.93% 0.68    2.23%
       VHF Top20    7.00%    0.60%    0.00%    6.40% 0.27    2.23%
       VHF Top10    7.23%    0.46%    0.00%    6.77% 0.21    2.23%
value_comp Top20    6.98%    0.35%    0.00%    6.63% 0.16    2.23%
value_comp Top10    6.42%    0.29%    0.00%    6.13% 0.13    2.23%
  value+盈利 Top10   15.40%    0.89%    0.00%   14.52% 0.40    2.23%
  value+盈利 Top20   10.10%    0.88%    0.00%    9.22% 0.39    2.23%
     结构化剥离 Top10   14.71%    0.65%    0.00%   14.06% 0.29    2.23%
   VGH+XGB Top10   17.11%    0.68%    0.00%   16.43% 0.31    2.23%
      VG底仓+ENS精排    7.98%    0.92%    0.00%    7.06% 0.42    2.23%
     VGH底仓+ENS精排   13.38%    0.55%    0.00%   12.83% 0.25    2.23%
       VGH+ICW融合   19.92%    0.70%    0.00%   19.23% 0.31    2.23%
    ICW+择时 Top10   12.05%    1.34%   -4.72%   15.43% 0.60    2.23%
        ICW15+缓冲   17.95%    1.49%    0.00%   16.47% 0.67    2.23%
     ICW双周 Top10   27.25%    1.44%    0.00%   25.82% 0.65    2.23%
        排雷版VAL10    6.50%    0.34%    0.00%    6.16% 0.15    2.23%
        融合版VAL10   11.89%    0.53%    0.00%   11.36% 0.24    2.23%
         十年双正池等权    5.20%    1.36%    0.00%    3.84% 0.61    2.23%
    ICW双周+熊市切VGH   25.31%    1.20%   -1.94%   26.05% 0.54    2.23%

================================================================================================
  七、XGB Feature Importance (gain, 跨窗口平均)
================================================================================================
  [Top 30]
    KLEN                       3.88%  (std 2.37pp, 7窗口)
    RSQR60                     2.72%  (std 2.79pp, 7窗口)
    LOW0                       2.05%  (std 0.58pp, 7窗口)
    MA120                      1.46%  (std 0.94pp, 7窗口)
    CNTN10                     1.13%  (std 0.47pp, 7窗口)
    QTLD60                     1.12%  (std 0.57pp, 7窗口)
    IMAX5                      1.10%  (std 1.30pp, 5窗口)
    RSQR30                     1.10%  (std 0.78pp, 7窗口)
    KLOW                       1.02%  (std 0.47pp, 7窗口)
    MIN30                      1.02%  (std 0.80pp, 7窗口)
    CNTD20                     1.00%  (std 0.60pp, 7窗口)
    MAX60                      0.97%  (std 0.22pp, 7窗口)
    MAX30                      0.94%  (std 0.30pp, 7窗口)
    F_fcf_avg_3y_norm          0.94%  (std 0.29pp, 7窗口)
    VSUMD60                    0.91%  (std 0.61pp, 7窗口)
    MIN60                      0.91%  (std 0.42pp, 7窗口)
    MA30                       0.90%  (std 0.62pp, 7窗口)
    MA240                      0.88%  (std 0.24pp, 7窗口)
    MA20                       0.88%  (std 1.55pp, 7窗口)
    CNTN20                     0.88%  (std 0.50pp, 7窗口)
    MOM_12_1                   0.87%  (std 0.13pp, 7窗口)
    ROC240                     0.86%  (std 0.24pp, 7窗口)
    ROC60                      0.86%  (std 0.24pp, 7窗口)
    CORR30                     0.86%  (std 0.25pp, 7窗口)
    ROC120                     0.86%  (std 0.26pp, 7窗口)
    F_asset_growth             0.86%  (std 0.24pp, 7窗口)
    ROC30                      0.85%  (std 0.64pp, 7窗口)
    CNTD60                     0.84%  (std 0.26pp, 7窗口)
    VMA240                     0.84%  (std 0.24pp, 7窗口)
    BETA30                     0.84%  (std 0.13pp, 7窗口)
  [基本面 PIT 因子] (CMA=F_asset_growth 新增; 验证增量不显著则放弃)
    F_fcf_avg_3y_norm          0.94%  (std 0.29pp, 7窗口)
    F_asset_growth             0.86%  (std 0.24pp, 7窗口)
    F_profit_growth            0.81%  (std 0.25pp, 7窗口)
    F_fcf_cv_3y                0.76%  (std 0.25pp, 7窗口)
    F_fcf_growth               0.76%  (std 0.20pp, 7窗口)
    F_fcf_profit_ratio         0.75%  (std 0.22pp, 7窗口)
  [+] 完整表已保存: /Users/11164591/Documents/Qoder目录/qlib/quant/outputs/xgb_feature_importance.csv

================================================================================================
  八、VAL10 × 模型打分对照实验 (C排雷/A融合 vs B双腿 vs 原版)
================================================================================================
  判定纪律: OOS年化/Sharpe/回撤/换手 四项同时不劣化, 且增量扣完成本 ≥1pp 才算赢;
            靠某一两年极端行情赢的, 不算赢 (看分年稳定性)。
  · VALF 逐窗口 w (valid段寻优): W2020:0.3  W2021:0.3  W2022:0.3  W2023:0.3  W2024:0.3  W2025:0.3  W2026:0.3
  · 双腿40/60(DE+VAL): 年化  11.39%  剔20  10.04%  Sharpe  1.00  回撤  -14.1%  换手   nan%  | 增量(剔20) +2.35pp
  · 排雷版VAL10      : 年化   6.50%  剔20   7.77%  Sharpe  0.73  回撤  -17.2%  换手  44.7%  | 增量(剔20) +0.08pp
  · 融合版VAL10      : 年化  11.89%  剔20  13.26%  Sharpe  0.98  回撤  -23.7%  换手  54.8%  | 增量(剔20) +5.57pp
  · 原版VAL10基准: 年化 6.42%  剔20 7.69%  Sharpe 0.75  回撤 -18.1%  换手 26.4%
  · 排雷版VAL10 分年 vs 原版: 4/7 年跑赢, 2020:+0.1pp  2021:-1.7pp  2022:+2.6pp  2023:-0.1pp  2024:-15.5pp  2025:+12.0pp  2026:+2.4pp
  · 融合版VAL10 分年 vs 原版: 5/7 年跑赢, 2020:+4.9pp  2021:+13.5pp  2022:+17.4pp  2023:-0.5pp  2024:-6.1pp  2025:+2.4pp  2026:+3.1pp

[+] 结果已保存至 /Users/11164591/Documents/Qoder目录/qlib/quant/outputs: rolling10y_summary.csv / _yearly.csv / _ic.csv / _train_diag.csv / _holdings.csv / _nav.csv
