[72457:MainThread](2026-09-07 15:36:54,662) INFO - qlib.Initialization - [config.py:473] - default_conf: client.
[72457:MainThread](2026-09-07 15:36:55,066) INFO - qlib.Initialization - [__init__.py:82] - qlib successfully initialized based on client settings.
[72457:MainThread](2026-09-07 15:36:55,066) INFO - qlib.Initialization - [__init__.py:84] - data_path={'__DEFAULT_FREQ': PosixPath('/Users/11164591/Documents/Qoder目录/qlib/data_cache/qlib_cn_tencent')}
[qlib] 数据源: /Users/11164591/Documents/Qoder目录/qlib/data_cache/qlib_cn_tencent
[CHECK] 合并港股FCF: +1878行, 88只
[CHECK] 合并港股利润: +1877行, 88只
[CHECK] fcf_pit合并后: (95518, 6), 5542只, 1996~2026 | profit_pit: (57552, 4), 5536只, 1996~2026
[CHECK] 交易日历: 2014-01-02 ~ 2026-07-23 (3052天)
[CHECK] 合并港股估值: +233821行, 83只
[CHECK] 估值缓存(合并后): 3169日 × 561股, 2013-05-24~2026-07-23

[W2020] 池 191 → 过滤后 150 (剔 ROIC 38 + 债务/缺数据 3)
    [流动性] 中位数20日均成交额=3.12亿, 一字涨停24条, 停牌477条
    [流动性] 中位数20日均成交额=2.95亿, 一字涨停22条, 停牌318条

[W2021] 池 222 → 过滤后 178 (剔 ROIC 42 + 债务/缺数据 2)
    [流动性] 中位数20日均成交额=2.14亿, 一字涨停13条, 停牌569条
    [流动性] 中位数20日均成交额=2.37亿, 一字涨停8条, 停牌415条

[W2022] 池 253 → 过滤后 212 (剔 ROIC 39 + 债务/缺数据 2)
    [流动性] 中位数20日均成交额=2.13亿, 一字涨停18条, 停牌400条
    [流动性] 中位数20日均成交额=2.13亿, 一字涨停14条, 停牌302条

[W2023] 池 277 → 过滤后 225 (剔 ROIC 52 + 债务/缺数据 0)
    [流动性] 中位数20日均成交额=1.65亿, 一字涨停16条, 停牌505条
    [流动性] 中位数20日均成交额=1.76亿, 一字涨停15条, 停牌365条

[W2024] 池 280 → 过滤后 221 (剔 ROIC 59 + 债务/缺数据 0)
    [流动性] 中位数20日均成交额=1.69亿, 一字涨停15条, 停牌535条
    [流动性] 中位数20日均成交额=1.54亿, 一字涨停10条, 停牌343条

[W2025] 池 327 → 过滤后 251 (剔 ROIC 76 + 债务/缺数据 0)
    [流动性] 中位数20日均成交额=2.64亿, 一字涨停29条, 停牌441条
    [流动性] 中位数20日均成交额=2.73亿, 一字涨停11条, 停牌327条

[W2026] 池 357 → 过滤后 251 (剔 ROIC 104 + 债务/缺数据 2)
    [流动性] 中位数20日均成交额=2.20亿, 一字涨停12条, 停牌407条
    [流动性] 中位数20日均成交额=2.25亿, 一字涨停9条, 停牌274条
[CHECK] 沪深300基准(csi300_cache): 2019-01-02 ~ 2026-07-28 (1835天)

====================================================================================================
  财务健康过滤对照 (原池 vs 过滤池, 2020~2026H1)
====================================================================================================
             年化收益    年化波动  Sharpe    最大回撤  Calmar     换手率  超额vsHS300
策略                                                                  
VGH15_原池   0.1519  0.1089  1.3943 -0.1820  0.8342  0.2629     0.1296
VGH15_过滤池  0.1018  0.1115  0.9122 -0.2144  0.4745  0.2737     0.0795
VGH10_原池   0.1471  0.1196  1.2300 -0.1780  0.8266  0.2891     0.1249
VGH10_过滤池  0.1176  0.1251  0.9397 -0.2373  0.4957  0.2703     0.0953
VG10_原池    0.1540  0.1396  1.1035 -0.1754  0.8783  0.2672     0.1318
VG10_过滤池   0.0865  0.1451  0.5959 -0.2328  0.3714  0.2590     0.0642
VAL20_原池   0.0698  0.0732  0.9541 -0.1331  0.5246  0.2308     0.0475
VAL20_过滤池  0.0722  0.0856  0.8440 -0.1591  0.4541  0.2219     0.0500

====================================================================================================
  分年收益
====================================================================================================
             2020    2021    2022    2023    2024    2025   2026
VGH15_原池   +10.1%  +14.0%  -13.2%  +10.4%  +36.7%  +45.3%  +5.0%
VGH15_过滤池  +12.8%  +11.5%  -12.2%   +5.6%  +14.8%  +42.3%  -1.2%
VGH10_原池   +11.5%  +20.2%  -11.7%  +18.2%  +19.7%  +38.2%  +5.5%
VGH10_过滤池  +17.5%  +19.1%  -18.6%   +7.9%  +17.3%  +46.4%  -2.4%
VG10_原池    +12.7%  +10.1%   -6.8%   +8.7%  +52.8%  +42.7%  -7.3%
VG10_过滤池   +11.4%   +7.5%   -9.9%   +6.7%  +15.7%  +39.5%  -7.7%
VAL20_原池    +6.0%   +5.5%   -4.6%   +2.7%  +19.5%  +18.5%  -0.1%
VAL20_过滤池   +1.6%   +8.4%   -6.1%   +3.3%  +23.1%  +21.5%  -1.4%

====================================================================================================
  每窗口剔除统计
====================================================================================================
window  pool  kept  roic_fail  debt_fail
 W2020   191   150         38          3
 W2021   222   178         42          2
 W2022   253   212         39          2
 W2023   277   225         52          0
 W2024   280   221         59          0
 W2025   327   251         76          0
 W2026   357   251        104          2

[+] 已保存 /Users/11164591/Documents/Qoder目录/qlib/quant/outputs/fin_health_summary.csv / fin_health_yearly.csv
