[78463:MainThread](2026-07-29 19:56:21,266) INFO - qlib.Initialization - [config.py:473] - default_conf: client.
[78463:MainThread](2026-07-29 19:56:22,049) INFO - qlib.Initialization - [__init__.py:82] - qlib successfully initialized based on client settings.
[78463:MainThread](2026-07-29 19:56:22,050) INFO - qlib.Initialization - [__init__.py:84] - data_path={'__DEFAULT_FREQ': PosixPath('/Users/11164591/.qlib/qlib_data/cn_data_fixed')}
[CHECK] fcf_pit: (93640, 6), 5454只, 1996~2025 | profit_pit: (55675, 4), 5448只, 1998~2025
[CHECK] 交易日历: 2014-01-02 ~ 2026-07-23 (3019天)
[CHECK] 估值缓存: 2079日 × 472股, 2018-01-02~2026-07-29

======================================================================
[W2020] 池:2009~2018十年双正 | train 2015-01-01~2018-12-31 | valid 2019-01-01~2019-11-30(embargo) | 信号 2019-12-01~2020-11-30
======================================================================
  股票池: 137 只
[78463:MainThread](2026-07-29 19:56:51,681) INFO - qlib.timer - [log.py:127] - Time cost: 22.754s | Loading data Done
[78463:MainThread](2026-07-29 19:56:53,233) INFO - qlib.timer - [log.py:127] - Time cost: 1.494s | RobustZScoreNorm Done
[78463:MainThread](2026-07-29 19:56:53,592) INFO - qlib.timer - [log.py:127] - Time cost: 0.359s | Fillna Done
[78463:MainThread](2026-07-29 19:56:53,771) INFO - qlib.timer - [log.py:127] - Time cost: 0.091s | DropnaLabel Done
[78463:MainThread](2026-07-29 19:56:55,760) INFO - qlib.timer - [log.py:127] - Time cost: 1.989s | CSZScoreNorm Done
[78463:MainThread](2026-07-29 19:56:55,764) INFO - qlib.timer - [log.py:127] - Time cost: 4.082s | fit & process data Done
[78463:MainThread](2026-07-29 19:56:55,765) INFO - qlib.timer - [log.py:127] - Time cost: 26.839s | Init data Done
  [CHECK] 行情覆盖: 129/137 (94%)
  特征矩阵: train (103649, 177), valid (28289, 177), test (29826, 177), NaN=0.00%
    [W2020-XGB] best_iter=686, valid RankIC=0.0805 → OK
    [W2020-LGB] best_iter=70, valid RankIC=0.0602 → OK
    [流动性] 中位数20日均成交额=6.50亿, 一字涨停36条, 停牌34条

======================================================================
[W2021] 池:2010~2019十年双正 | train 2016-01-01~2019-12-31 | valid 2020-01-01~2020-11-30(embargo) | 信号 2020-12-01~2021-11-30
======================================================================
  股票池: 168 只
[78463:MainThread](2026-07-29 19:59:21,090) INFO - qlib.timer - [log.py:127] - Time cost: 23.741s | Loading data Done
[78463:MainThread](2026-07-29 19:59:22,885) INFO - qlib.timer - [log.py:127] - Time cost: 1.693s | RobustZScoreNorm Done
[78463:MainThread](2026-07-29 19:59:23,371) INFO - qlib.timer - [log.py:127] - Time cost: 0.486s | Fillna Done
[78463:MainThread](2026-07-29 19:59:23,544) INFO - qlib.timer - [log.py:127] - Time cost: 0.065s | DropnaLabel Done
[78463:MainThread](2026-07-29 19:59:25,253) INFO - qlib.timer - [log.py:127] - Time cost: 1.708s | CSZScoreNorm Done
[78463:MainThread](2026-07-29 19:59:25,260) INFO - qlib.timer - [log.py:127] - Time cost: 4.166s | fit & process data Done
[78463:MainThread](2026-07-29 19:59:25,260) INFO - qlib.timer - [log.py:127] - Time cost: 27.912s | Init data Done
  [CHECK] 行情覆盖: 161/168 (96%)
  特征矩阵: train (133519, 177), valid (31446, 177), test (24031, 177), NaN=0.00%
    [W2021-XGB] best_iter=998, valid RankIC=0.0789 → OK
    [W2021-LGB] best_iter=241, valid RankIC=0.0930 → OK
    [流动性] 中位数20日均成交额=1.10亿, 一字涨停11条, 停牌13条

======================================================================
[W2022] 池:2011~2020十年双正 | train 2017-01-01~2020-12-31 | valid 2021-01-01~2021-11-30(embargo) | 信号 2021-12-01~2022-11-30
======================================================================
  股票池: 201 只
[78463:MainThread](2026-07-29 20:03:08,171) INFO - qlib.timer - [log.py:127] - Time cost: 26.133s | Loading data Done
[78463:MainThread](2026-07-29 20:03:10,245) INFO - qlib.timer - [log.py:127] - Time cost: 1.999s | RobustZScoreNorm Done
[78463:MainThread](2026-07-29 20:03:10,760) INFO - qlib.timer - [log.py:127] - Time cost: 0.515s | Fillna Done
[78463:MainThread](2026-07-29 20:03:10,999) INFO - qlib.timer - [log.py:127] - Time cost: 0.079s | DropnaLabel Done
[78463:MainThread](2026-07-29 20:03:12,805) INFO - qlib.timer - [log.py:127] - Time cost: 1.805s | CSZScoreNorm Done
[78463:MainThread](2026-07-29 20:03:12,809) INFO - qlib.timer - [log.py:127] - Time cost: 4.636s | fit & process data Done
[78463:MainThread](2026-07-29 20:03:12,809) INFO - qlib.timer - [log.py:127] - Time cost: 30.774s | Init data Done
  [CHECK] 行情覆盖: 177/201 (88%)
  特征矩阵: train (152706, 177), valid (25603, 177), test (28748, 177), NaN=0.00%
    [XGB-fallback] {'learning_rate': 0.02, 'max_depth': 6, 'reg_lambda': 20.0} → best_iter=711, RankIC=0.0495
    [W2022-XGB] best_iter=711, valid RankIC=0.0495 → OK
    [W2022-LGB] best_iter=977, valid RankIC=0.0482 → OK
    [流动性] 中位数20日均成交额=1.15亿, 一字涨停9条, 停牌16条

======================================================================
[W2023] 池:2012~2021十年双正 | train 2018-01-01~2021-12-31 | valid 2022-01-01~2022-11-30(embargo) | 信号 2022-12-01~2023-11-30
======================================================================
  股票池: 226 只
[78463:MainThread](2026-07-29 20:09:55,333) INFO - qlib.timer - [log.py:127] - Time cost: 31.085s | Loading data Done
[78463:MainThread](2026-07-29 20:09:58,610) INFO - qlib.timer - [log.py:127] - Time cost: 3.161s | RobustZScoreNorm Done
[78463:MainThread](2026-07-29 20:09:59,064) INFO - qlib.timer - [log.py:127] - Time cost: 0.453s | Fillna Done
[78463:MainThread](2026-07-29 20:09:59,418) INFO - qlib.timer - [log.py:127] - Time cost: 0.114s | DropnaLabel Done
[78463:MainThread](2026-07-29 20:10:02,030) INFO - qlib.timer - [log.py:127] - Time cost: 2.612s | CSZScoreNorm Done
[78463:MainThread](2026-07-29 20:10:02,035) INFO - qlib.timer - [log.py:127] - Time cost: 6.695s | fit & process data Done
[78463:MainThread](2026-07-29 20:10:02,035) INFO - qlib.timer - [log.py:127] - Time cost: 37.788s | Init data Done
  [CHECK] 行情覆盖: 208/226 (92%)
  特征矩阵: train (174330, 177), valid (37637, 177), test (42177, 177), NaN=0.00%
    [W2023-XGB] best_iter=617, valid RankIC=0.0537 → OK
    [LGB-fallback] {'learning_rate': 0.01, 'max_depth': 6, 'num_leaves': 48} → best_iter=10, RankIC=0.0644
    [LGB-fallback] {'learning_rate': 0.005, 'max_depth': 5, 'num_leaves': 32} → best_iter=12, RankIC=0.0652
    [W2023-LGB] best_iter=12, valid RankIC=0.0652 → best_iter=12<30 收敛轮数偏少
    [流动性] 中位数20日均成交额=0.96亿, 一字涨停11条, 停牌34条

======================================================================
[W2024] 池:2013~2022十年双正 | train 2019-01-01~2022-12-31 | valid 2023-01-01~2023-11-30(embargo) | 信号 2023-12-01~2024-11-30
======================================================================
  股票池: 228 只
[78463:MainThread](2026-07-29 20:13:21,309) INFO - qlib.timer - [log.py:127] - Time cost: 28.431s | Loading data Done
[78463:MainThread](2026-07-29 20:13:24,251) INFO - qlib.timer - [log.py:127] - Time cost: 2.797s | RobustZScoreNorm Done
[78463:MainThread](2026-07-29 20:13:24,706) INFO - qlib.timer - [log.py:127] - Time cost: 0.454s | Fillna Done
[78463:MainThread](2026-07-29 20:13:25,152) INFO - qlib.timer - [log.py:127] - Time cost: 0.232s | DropnaLabel Done
[78463:MainThread](2026-07-29 20:13:27,328) INFO - qlib.timer - [log.py:127] - Time cost: 2.176s | CSZScoreNorm Done
[78463:MainThread](2026-07-29 20:13:27,332) INFO - qlib.timer - [log.py:127] - Time cost: 6.022s | fit & process data Done
[78463:MainThread](2026-07-29 20:13:27,333) INFO - qlib.timer - [log.py:127] - Time cost: 34.456s | Init data Done
  [CHECK] 行情覆盖: 215/228 (94%)
  特征矩阵: train (189069, 177), valid (45089, 177), test (49646, 177), NaN=0.00%
    [W2024-XGB] best_iter=996, valid RankIC=0.0597 → OK
    [W2024-LGB] best_iter=530, valid RankIC=0.0876 → OK
    [流动性] 中位数20日均成交额=0.99亿, 一字涨停24条, 停牌15条

======================================================================
[W2025] 池:2014~2023十年双正 | train 2020-01-01~2023-12-31 | valid 2024-01-01~2024-11-30(embargo) | 信号 2024-12-01~2025-11-30
======================================================================
  股票池: 274 只
[78463:MainThread](2026-07-29 20:19:17,283) INFO - qlib.timer - [log.py:127] - Time cost: 32.313s | Loading data Done
[78463:MainThread](2026-07-29 20:19:21,914) INFO - qlib.timer - [log.py:127] - Time cost: 4.360s | RobustZScoreNorm Done
[78463:MainThread](2026-07-29 20:19:22,564) INFO - qlib.timer - [log.py:127] - Time cost: 0.650s | Fillna Done
[78463:MainThread](2026-07-29 20:19:22,872) INFO - qlib.timer - [log.py:127] - Time cost: 0.143s | DropnaLabel Done
[78463:MainThread](2026-07-29 20:19:25,085) INFO - qlib.timer - [log.py:127] - Time cost: 2.212s | CSZScoreNorm Done
[78463:MainThread](2026-07-29 20:19:25,098) INFO - qlib.timer - [log.py:127] - Time cost: 7.813s | fit & process data Done
[78463:MainThread](2026-07-29 20:19:25,098) INFO - qlib.timer - [log.py:127] - Time cost: 40.129s | Init data Done
  [CHECK] 行情覆盖: 274/274 (100%)
  特征矩阵: train (247309, 177), valid (60269, 177), test (66308, 177), NaN=0.00%
    [W2025-XGB] best_iter=260, valid RankIC=0.0945 → OK
    [W2025-LGB] best_iter=142, valid RankIC=0.0708 → OK
    [流动性] 中位数20日均成交额=1.61亿, 一字涨停50条, 停牌64条

======================================================================
[W2026] 池:2015~2024十年双正 | train 2021-01-01~2024-12-31 | valid 2025-01-01~2025-11-30(embargo) | 信号 2025-12-01~2026-06-30
======================================================================
  股票池: 303 只
[78463:MainThread](2026-07-29 20:22:39,907) INFO - qlib.timer - [log.py:127] - Time cost: 33.279s | Loading data Done
[78463:MainThread](2026-07-29 20:22:45,060) INFO - qlib.timer - [log.py:127] - Time cost: 4.766s | RobustZScoreNorm Done
[78463:MainThread](2026-07-29 20:22:45,859) INFO - qlib.timer - [log.py:127] - Time cost: 0.798s | Fillna Done
[78463:MainThread](2026-07-29 20:22:46,360) INFO - qlib.timer - [log.py:127] - Time cost: 0.173s | DropnaLabel Done
[78463:MainThread](2026-07-29 20:22:48,378) INFO - qlib.timer - [log.py:127] - Time cost: 2.017s | CSZScoreNorm Done
[78463:MainThread](2026-07-29 20:22:48,382) INFO - qlib.timer - [log.py:127] - Time cost: 8.474s | fit & process data Done
[78463:MainThread](2026-07-29 20:22:48,383) INFO - qlib.timer - [log.py:127] - Time cost: 41.755s | Init data Done
  [CHECK] 行情覆盖: 302/303 (100%)
  特征矩阵: train (281484, 177), valid (66429, 177), test (42117, 177), NaN=0.00%
    [W2026-XGB] best_iter=999, valid RankIC=0.1179 → OK
    [W2026-LGB] best_iter=158, valid RankIC=0.1010 → OK
    [流动性] 中位数20日均成交额=1.42亿, 一字涨停16条, 停牌29条
[CHECK] 沪深300基准(csi300_cache): 2019-01-02 ~ 2026-07-28 (1835天)

================================================================================================
  一、分年收益 (2020~2026H1) (月频, T+1, 往返成本0.4%)
================================================================================================
策略                       2020     2021     2022     2023     2024     2025     2026
XGB Top10             44.8%    22.2%    19.8%     2.5%    42.8%    35.2%    -3.3%
LGB Top10             41.3%     8.1%    30.7%     5.5%    47.4%    21.3%    -4.1%
集成ENS Top10           42.1%    21.6%    25.8%     8.8%    52.2%    39.5%    -3.7%
value_comp Top20       7.9%    21.6%    10.0%    37.1%    38.6%    24.0%    -0.5%
value_comp Top10      11.0%    22.2%    12.4%    26.0%    43.8%    26.3%    -5.0%
十年双正池等权               21.7%    13.4%    -8.9%     5.9%    11.1%    17.6%    -7.6%
沪深300基准               27.2%    -5.2%   -21.6%   -11.4%    14.7%    17.7%    -1.3%

================================================================================================
  二、整体指标 (图1口径; 年化(剔2020)对齐 value_comp 冻结基线)
================================================================================================
              策略     年化收益  年化(剔20)     年化波动 Sharpe     最大回撤 Calmar     IC RankIC      换手率  交易次数
       XGB Top10   24.00%   20.54%   27.54%   0.87  -42.93%   0.56 0.0625 0.0703   69.88%   543
       LGB Top10   21.81%   18.55%   26.69%   0.82  -35.36%   0.62 0.0696 0.0816   69.69%   542
     集成ENS Top10   27.41%   24.88%   26.35%   1.04  -33.95%   0.81 0.0558 0.0781   68.48%   531
value_comp Top20   20.57%   23.00%   20.47%   1.00  -19.34%   1.06 0.0582 0.0780   16.50%   226
value_comp Top10   20.20%   21.93%   22.45%   0.90  -21.24%   0.95 0.0582 0.0780   18.41%   130
         十年双正池等权    7.58%    5.19%   20.78%   0.36  -27.10%   0.28   n/a    n/a     9.14%   663
         沪深300基准    1.69%   -2.35%   18.74%   0.09  -45.60%   0.04   n/a    n/a     0.00%     0

================================================================================================
  三、模型 vs value_comp 对照
================================================================================================
  · 全期(含2020)  : ENS年化 27.41%  vs  value_comp20 20.57%
  · 对齐(剔2020)  : ENS年化 24.88%  vs  value_comp20 23.00%   ← 与冻结基线(25.75%)同口径
  · 风险调整      : ENS Sharpe 1.04/Calmar 0.81  vs  value_comp20 Sharpe 1.00/Calmar 1.06
  · ENS 是 Top10(集中度2倍于Top20); OOS RankIC ENS=0.0781 value=0.0780

[+] 结果已保存至 /Users/11164591/Documents/Qoder目录/qlib/quant/outputs: rolling10y_summary.csv / _yearly.csv / _ic.csv / _train_diag.csv / _holdings.csv / _nav.csv
