[81119:MainThread](2026-09-07 11:30:36,059) INFO - qlib.Initialization - [config.py:473] - default_conf: client.
[81119:MainThread](2026-09-07 11:30:36,711) INFO - qlib.Initialization - [__init__.py:82] - qlib successfully initialized based on client settings.
[81119:MainThread](2026-09-07 11:30:36,711) INFO - qlib.Initialization - [__init__.py:84] - data_path={'__DEFAULT_FREQ': PosixPath('/Users/11164591/Documents/Qoder目录/qlib/data_cache/qlib_cn_tencent')}
[qlib] 数据源: /Users/11164591/Documents/Qoder目录/qlib/data_cache/qlib_cn_tencent
[CHECK] 合并港股FCF: +1878行, 88只
[CHECK] 合并港股利润: +1877行, 88只
[CHECK] fcf_pit合并后: (95518, 6), 5542只, 1996~2026 | profit_pit: (57552, 4), 5536只, 1996~2026
[CHECK] 交易日历: 2014-01-02 ~ 2026-07-23 (3052天)
[CHECK] 合并港股估值: +233821行, 83只
[CHECK] 估值缓存(合并后): 3169日 × 561股, 2013-05-24~2026-07-23

[W2020] 池:2009~2018 | 信号 2019-12-01~2020-11-30
  股票池: 191 只
    [流动性] 中位数20日均成交额=3.12亿, 一字涨停24条, 停牌477条

[W2021] 池:2010~2019 | 信号 2020-12-01~2021-11-30
  股票池: 222 只
    [流动性] 中位数20日均成交额=2.14亿, 一字涨停13条, 停牌569条

[W2022] 池:2011~2020 | 信号 2021-12-01~2022-11-30
  股票池: 253 只
    [流动性] 中位数20日均成交额=2.13亿, 一字涨停18条, 停牌400条

[W2023] 池:2012~2021 | 信号 2022-12-01~2023-11-30
  股票池: 277 只
    [流动性] 中位数20日均成交额=1.65亿, 一字涨停16条, 停牌505条

[W2024] 池:2013~2022 | 信号 2023-12-01~2024-11-30
  股票池: 280 只
    [流动性] 中位数20日均成交额=1.69亿, 一字涨停15条, 停牌535条

[W2025] 池:2014~2023 | 信号 2024-12-01~2025-11-30
  股票池: 327 只
    [流动性] 中位数20日均成交额=2.64亿, 一字涨停29条, 停牌441条

[W2026] 池:2015~2024 | 信号 2025-12-01~2026-06-30
  股票池: 357 只
    [流动性] 中位数20日均成交额=2.20亿, 一字涨停12条, 停牌407条
[CHECK] 沪深300基准(csi300_cache): 2019-01-02 ~ 2026-07-28 (1835天)

==============================================================================================================
  VGH 持仓数量敏感性 (2020~2026H1, 同口径同成本)
==============================================================================================================
       策略  持仓数  年化收益 年化(剔2020)  年化波动  Sharpe   最大回撤  Calmar   换手率  交易次数  单票权重  超额vsHS300
VGH Top10   10 0.147      None 0.120   1.230 -0.178   0.827 0.289   217 0.100      0.125
VGH Top15   15 0.152      None 0.109   1.394 -0.182   0.834 0.263   292 0.067      0.130
VGH Top20   20 0.121      None 0.103   1.173 -0.166   0.725 0.264   391 0.050      0.098
VGH Top30   30 0.095      None 0.093   1.029 -0.176   0.541 0.253   563 0.033      0.073
VGH Top50   50 0.071      None 0.092   0.771 -0.171   0.414 0.218   797 0.020      0.049

==============================================================================================================
  分年收益
==============================================================================================================
         2020    2021    2022    2023    2024    2025   2026
Top10  +11.5%  +20.2%  -11.7%  +18.2%  +19.7%  +38.2%  +5.5%
Top15  +10.1%  +14.0%  -13.2%  +10.4%  +36.7%  +45.3%  +5.0%
Top20  +11.3%   +9.8%  -12.1%  +10.2%  +23.3%  +36.5%  +5.1%
Top30  +11.0%  +11.3%  -12.4%   +7.5%  +18.8%  +27.1%  +3.0%
Top50   +7.3%   +9.7%  -10.6%   +3.2%  +13.8%  +24.3%  +1.7%

[+] 已保存: /Users/11164591/Documents/Qoder目录/qlib/quant/outputs/vgh_topk_summary.csv / vgh_topk_holdings.csv
