[update-bs] 3150 个 parquet, 增量到 2026-09-10
login success!
  20/3150 ok=0 empty=20 err=0 +0行 4s (eta 695s)
  40/3150 ok=0 empty=40 err=0 +0行 12s (eta 928s)
  60/3150 ok=0 empty=60 err=0 +0行 18s (eta 923s)
  80/3150 ok=0 empty=80 err=0 +0行 23s (eta 891s)
  100/3150 ok=0 empty=100 err=0 +0行 28s (eta 867s)
  120/3150 ok=0 empty=120 err=0 +0行 32s (eta 815s)
  140/3150 ok=0 empty=140 err=0 +0行 36s (eta 776s)
  160/3150 ok=0 empty=160 err=0 +0行 41s (eta 768s)
  180/3150 ok=0 empty=180 err=0 +0行 47s (eta 773s)
  200/3150 ok=0 empty=200 err=0 +0行 53s (eta 786s)
  220/3150 ok=1 empty=219 err=0 +1行 60s (eta 805s)
  240/3150 ok=3 empty=237 err=0 +88行 72s (eta 870s)
  260/3150 ok=6 empty=254 err=0 +121行 80s (eta 888s)
  280/3150 ok=9 empty=271 err=0 +172行 89s (eta 912s)
  300/3150 ok=10 empty=290 err=0 +200行 95s (eta 901s)
  320/3150 ok=12 empty=308 err=0 +262行 101s (eta 893s)
  340/3150 ok=13 empty=327 err=0 +299行 113s (eta 937s)
  360/3150 ok=14 empty=346 err=0 +300行 118s (eta 916s)
  380/3150 ok=15 empty=365 err=0 +329行 122s (eta 892s)
  400/3150 ok=17 empty=383 err=0 +331行 127s (eta 872s)
  420/3150 ok=35 empty=385 err=0 +390行 134s (eta 872s)
  440/3150 ok=54 empty=386 err=0 +489行 145s (eta 892s)
  460/3150 ok=74 empty=386 err=0 +607行 152s (eta 888s)
  480/3150 ok=94 empty=386 err=0 +672行 158s (eta 881s)
  500/3150 ok=114 empty=386 err=0 +733行 164s (eta 868s)
  520/3150 ok=134 empty=386 err=0 +1158行 170s (eta 857s)
  540/3150 ok=154 empty=386 err=0 +1797行 177s (eta 853s)
  560/3150 ok=174 empty=386 err=0 +2378行 181s (eta 839s)
  580/3150 ok=194 empty=386 err=0 +2992行 190s (eta 840s)
  600/3150 ok=214 empty=386 err=0 +3566行 197s (eta 837s)
  620/3150 ok=234 empty=386 err=0 +4180行 202s (eta 823s)
  640/3150 ok=254 empty=386 err=0 +4767行 206s (eta 809s)
  660/3150 ok=274 empty=386 err=0 +5381行 211s (eta 794s)
  680/3150 ok=294 empty=386 err=0 +5963行 217s (eta 788s)
  700/3150 ok=314 empty=386 err=0 +6554行 223s (eta 781s)
  720/3150 ok=334 empty=386 err=0 +7201行 228s (eta 769s)
  740/3150 ok=354 empty=386 err=0 +7881行 233s (eta 760s)
  760/3150 ok=374 empty=386 err=0 +8528行 238s (eta 749s)
  780/3150 ok=394 empty=386 err=0 +9109行 244s (eta 741s)
  800/3150 ok=414 empty=386 err=0 +9723行 254s (eta 745s)
  820/3150 ok=434 empty=386 err=0 +10234行 261s (eta 743s)
  840/3150 ok=454 empty=386 err=0 +10650行 269s (eta 739s)
  860/3150 ok=474 empty=386 err=0 +11166行 274s (eta 730s)
  880/3150 ok=494 empty=386 err=0 +11681行 281s (eta 725s)
  900/3150 ok=514 empty=386 err=0 +12229行 300s (eta 750s)
  920/3150 ok=534 empty=386 err=0 +12884行 309s (eta 749s)
  940/3150 ok=554 empty=386 err=0 +13498行 315s (eta 740s)
  960/3150 ok=574 empty=386 err=0 +14046行 324s (eta 740s)
  980/3150 ok=594 empty=386 err=0 +14726行 332s (eta 735s)
  1000/3150 ok=614 empty=386 err=0 +15340行 343s (eta 738s)
  1020/3150 ok=634 empty=386 err=0 +16020行 349s (eta 729s)
  1040/3150 ok=654 empty=386 err=0 +16667行 354s (eta 718s)
  1060/3150 ok=674 empty=386 err=0 +17347行 360s (eta 709s)
  1080/3150 ok=694 empty=386 err=0 +17994行 364s (eta 697s)
  1100/3150 ok=714 empty=386 err=0 +18681行 376s (eta 700s)
  1120/3150 ok=734 empty=386 err=0 +19351行 380s (eta 689s)
  1140/3150 ok=754 empty=386 err=0 +20031行 385s (eta 680s)
  1160/3150 ok=773 empty=387 err=0 +20681行 394s (eta 676s)
  1180/3150 ok=793 empty=387 err=0 +21328行 399s (eta 667s)
  1200/3150 ok=813 empty=387 err=0 +22008行 405s (eta 658s)
  1220/3150 ok=833 empty=387 err=0 +22655行 411s (eta 650s)
  1240/3150 ok=853 empty=387 err=0 +23269行 418s (eta 645s)
  1260/3150 ok=873 empty=387 err=0 +23882行 426s (eta 640s)
  1280/3150 ok=893 empty=387 err=0 +24496行 431s (eta 630s)
  1300/3150 ok=913 empty=387 err=0 +25143行 438s (eta 623s)
  1320/3150 ok=933 empty=387 err=0 +25806行 444s (eta 615s)
  1340/3150 ok=953 empty=387 err=0 +26486行 448s (eta 606s)
  1360/3150 ok=973 empty=387 err=0 +27166行 453s (eta 596s)
  1380/3150 ok=993 empty=387 err=0 +27846行 458s (eta 588s)
  1400/3150 ok=1013 empty=387 err=0 +28526行 464s (eta 580s)
  1420/3150 ok=1033 empty=387 err=0 +29178行 473s (eta 576s)
  1440/3150 ok=1053 empty=387 err=0 +29812行 478s (eta 568s)
  1460/3150 ok=1073 empty=387 err=0 +30492行 486s (eta 563s)
  1480/3150 ok=1093 empty=387 err=0 +31180行 495s (eta 558s)
  1500/3150 ok=1113 empty=387 err=0 +31794行 501s (eta 551s)
  1520/3150 ok=1133 empty=387 err=0 +32433行 506s (eta 543s)
  1540/3150 ok=1153 empty=387 err=0 +33113行 511s (eta 534s)
  1560/3150 ok=1172 empty=388 err=0 +33717行 515s (eta 525s)
  1580/3150 ok=1192 empty=388 err=0 +34318行 523s (eta 520s)
  1600/3150 ok=1212 empty=388 err=0 +34998行 529s (eta 512s)
  1620/3150 ok=1231 empty=389 err=0 +35644行 536s (eta 506s)
  1640/3150 ok=1251 empty=389 err=0 +36324行 541s (eta 498s)
  1660/3150 ok=1271 empty=389 err=0 +37004行 545s (eta 489s)
  1680/3150 ok=1291 empty=389 err=0 +37684行 550s (eta 481s)
  1700/3150 ok=1310 empty=390 err=0 +38330行 556s (eta 474s)
  1720/3150 ok=1330 empty=390 err=0 +39010行 563s (eta 468s)
  1740/3150 ok=1350 empty=390 err=0 +39690行 568s (eta 460s)
  1760/3150 ok=1370 empty=390 err=0 +40370行 575s (eta 454s)
  1780/3150 ok=1390 empty=390 err=0 +41050行 580s (eta 447s)
  1800/3150 ok=1410 empty=390 err=0 +41730行 588s (eta 441s)
  1820/3150 ok=1430 empty=390 err=0 +42410行 591s (eta 432s)
  1840/3150 ok=1439 empty=401 err=0 +42716行 594s (eta 423s)
  1860/3150 ok=1459 empty=401 err=0 +43363行 600s (eta 416s)
  1880/3150 ok=1478 empty=402 err=0 +43943行 607s (eta 410s)
  1900/3150 ok=1498 empty=402 err=0 +44590行 613s (eta 404s)
  1920/3150 ok=1518 empty=402 err=0 +45270行 619s (eta 396s)
  1940/3150 ok=1538 empty=402 err=0 +45839行 626s (eta 390s)
  1960/3150 ok=1558 empty=402 err=0 +46521行 632s (eta 384s)
  1980/3150 ok=1578 empty=402 err=0 +47201行 638s (eta 377s)
  2000/3150 ok=1598 empty=402 err=0 +47848行 648s (eta 372s)
  2020/3150 ok=1618 empty=402 err=0 +48495行 651s (eta 364s)
  2040/3150 ok=1637 empty=403 err=0 +49108行 658s (eta 358s)
  2060/3150 ok=1657 empty=403 err=0 +49755行 664s (eta 351s)
  2080/3150 ok=1677 empty=403 err=0 +50436行 670s (eta 345s)
  2100/3150 ok=1697 empty=403 err=0 +51126行 677s (eta 339s)
  2120/3150 ok=1716 empty=404 err=0 +51706行 683s (eta 332s)
  2140/3150 ok=1736 empty=404 err=0 +52320行 689s (eta 325s)
  2160/3150 ok=1756 empty=404 err=0 +52901行 695s (eta 318s)
  2180/3150 ok=1775 empty=405 err=0 +53514行 701s (eta 312s)
  2200/3150 ok=1795 empty=405 err=0 +54095行 706s (eta 305s)
  2220/3150 ok=1813 empty=407 err=0 +54674行 709s (eta 297s)
  2240/3150 ok=1833 empty=407 err=0 +55354行 718s (eta 292s)
  2260/3150 ok=1853 empty=407 err=0 +56001行 724s (eta 285s)
  2280/3150 ok=1873 empty=407 err=0 +56681行 729s (eta 278s)
  2300/3150 ok=1893 empty=407 err=0 +57361行 737s (eta 273s)
  2320/3150 ok=1913 empty=407 err=0 +58041行 743s (eta 266s)
  2340/3150 ok=1933 empty=407 err=0 +58781行 749s (eta 259s)
  2360/3150 ok=1953 empty=407 err=0 +59428行 754s (eta 253s)
  2380/3150 ok=1973 empty=407 err=0 +60108行 764s (eta 247s)
  2400/3150 ok=1993 empty=407 err=0 +60788行 771s (eta 241s)
  2420/3150 ok=2013 empty=407 err=0 +61468行 782s (eta 236s)
  2440/3150 ok=2033 empty=407 err=0 +62148行 787s (eta 229s)
  2460/3150 ok=2052 empty=408 err=0 +62794行 792s (eta 222s)
  2480/3150 ok=2072 empty=408 err=0 +63474行 798s (eta 215s)
  2500/3150 ok=2092 empty=408 err=0 +64154行 804s (eta 209s)
  2520/3150 ok=2112 empty=408 err=0 +64834行 813s (eta 203s)
  2540/3150 ok=2132 empty=408 err=0 +65514行 820s (eta 197s)
  2560/3150 ok=2152 empty=408 err=0 +66194行 828s (eta 191s)
  2580/3150 ok=2172 empty=408 err=0 +66841行 833s (eta 184s)
  2600/3150 ok=2192 empty=408 err=0 +67521行 841s (eta 178s)
  2620/3150 ok=2212 empty=408 err=0 +68168行 847s (eta 171s)
  2640/3150 ok=2232 empty=408 err=0 +68848行 852s (eta 165s)
  2660/3150 ok=2252 empty=408 err=0 +69528行 858s (eta 158s)
  2680/3150 ok=2272 empty=408 err=0 +70208行 867s (eta 152s)
  2700/3150 ok=2292 empty=408 err=0 +70888行 876s (eta 146s)
  2720/3150 ok=2312 empty=408 err=0 +71568行 884s (eta 140s)
  2740/3150 ok=2332 empty=408 err=0 +72248行 889s (eta 133s)
  2760/3150 ok=2352 empty=408 err=0 +72928行 896s (eta 127s)
  2780/3150 ok=2372 empty=408 err=0 +73608行 899s (eta 120s)
  2800/3150 ok=2392 empty=408 err=0 +74288行 906s (eta 113s)
  2820/3150 ok=2412 empty=408 err=0 +74968行 913s (eta 107s)
  2840/3150 ok=2432 empty=408 err=0 +75648行 919s (eta 100s)
  2860/3150 ok=2452 empty=408 err=0 +76328行 924s (eta 94s)
  2880/3150 ok=2472 empty=408 err=0 +77008行 930s (eta 87s)
  2900/3150 ok=2492 empty=408 err=0 +77688行 935s (eta 81s)
  2920/3150 ok=2512 empty=408 err=0 +78368行 940s (eta 74s)
  2940/3150 ok=2532 empty=408 err=0 +79048行 946s (eta 68s)
  2960/3150 ok=2552 empty=408 err=0 +79728行 951s (eta 61s)
  2980/3150 ok=2572 empty=408 err=0 +80408行 959s (eta 55s)
  3000/3150 ok=2592 empty=408 err=0 +81088行 964s (eta 48s)
  3020/3150 ok=2612 empty=408 err=0 +81768行 971s (eta 42s)
  3040/3150 ok=2632 empty=408 err=0 +82448行 977s (eta 35s)
  3060/3150 ok=2652 empty=408 err=0 +83128行 981s (eta 29s)
  3080/3150 ok=2672 empty=408 err=0 +83808行 990s (eta 23s)
  3100/3150 ok=2692 empty=408 err=0 +84488行 998s (eta 16s)
  3120/3150 ok=2712 empty=408 err=0 +85168行 1004s (eta 10s)
  3140/3150 ok=2732 empty=408 err=0 +85848行 1014s (eta 3s)
  3150/3150 ok=2742 empty=408 err=0 +86188行 1021s (eta 0s)
logout success!
[update-bs] 完成: ok=2742 empty=408 err=0 新增 86188 行, 用时 1021s
[csi300] 已最新 (2026-09-10)
