[95636:MainThread](2026-07-29 16:59:28,051) INFO - qlib.Initialization - [config.py:473] - default_conf: client.
[95636:MainThread](2026-07-29 16:59:28,765) INFO - qlib.Initialization - [__init__.py:82] - qlib successfully initialized based on client settings.
[95636:MainThread](2026-07-29 16:59:28,766) INFO - qlib.Initialization - [__init__.py:84] - data_path={'__DEFAULT_FREQ': PosixPath('/Users/11164591/.qlib/qlib_data/cn_data_fixed')}
[CHECK] fcf_pit: (93640, 6), 5454只, 1996~2025 | profit_pit: (55675, 4), 5448只, 1998~2025
[CHECK] 交易日历: 2014-01-02 ~ 2026-07-23 (3019天)
[CHECK] 估值缓存: 2079日 × 472股, 2018-01-02~2026-07-29

======================================================================
[W2020] 池:2009~2018十年双正 | train 2015-01-01~2018-12-31 | valid 2019-01-01~2019-11-30(embargo) | 信号 2019-12-01~2020-11-30
======================================================================
  股票池: 137 只
[95636:MainThread](2026-07-29 16:59:59,554) INFO - qlib.timer - [log.py:127] - Time cost: 24.622s | Loading data Done
[95636:MainThread](2026-07-29 17:00:01,267) INFO - qlib.timer - [log.py:127] - Time cost: 1.647s | RobustZScoreNorm Done
[95636:MainThread](2026-07-29 17:00:01,616) INFO - qlib.timer - [log.py:127] - Time cost: 0.348s | Fillna Done
[95636:MainThread](2026-07-29 17:00:01,746) INFO - qlib.timer - [log.py:127] - Time cost: 0.057s | DropnaLabel Done
[95636:MainThread](2026-07-29 17:00:04,168) INFO - qlib.timer - [log.py:127] - Time cost: 2.419s | CSZScoreNorm Done
[95636:MainThread](2026-07-29 17:00:04,176) INFO - qlib.timer - [log.py:127] - Time cost: 4.621s | fit & process data Done
[95636:MainThread](2026-07-29 17:00:04,180) INFO - qlib.timer - [log.py:127] - Time cost: 29.249s | Init data Done
  [CHECK] 行情覆盖: 129/137 (94%)
  特征矩阵: train (103649, 177), valid (28289, 177), test (29826, 177), NaN=0.00%
    [W2020-XGB] best_iter=686, valid RankIC=0.0805 → OK
    [W2020-LGB] best_iter=70, valid RankIC=0.0602 → OK
    [流动性] 中位数20日均成交额=6.50亿, 一字涨停36条, 停牌34条

======================================================================
[W2021] 池:2010~2019十年双正 | train 2016-01-01~2019-12-31 | valid 2020-01-01~2020-11-30(embargo) | 信号 2020-12-01~2021-11-30
======================================================================
  股票池: 168 只
[95636:MainThread](2026-07-29 17:02:30,050) INFO - qlib.timer - [log.py:127] - Time cost: 26.102s | Loading data Done
[95636:MainThread](2026-07-29 17:02:31,828) INFO - qlib.timer - [log.py:127] - Time cost: 1.709s | RobustZScoreNorm Done
[95636:MainThread](2026-07-29 17:02:32,275) INFO - qlib.timer - [log.py:127] - Time cost: 0.446s | Fillna Done
[95636:MainThread](2026-07-29 17:02:32,575) INFO - qlib.timer - [log.py:127] - Time cost: 0.133s | DropnaLabel Done
[95636:MainThread](2026-07-29 17:02:34,788) INFO - qlib.timer - [log.py:127] - Time cost: 2.212s | CSZScoreNorm Done
[95636:MainThread](2026-07-29 17:02:34,795) INFO - qlib.timer - [log.py:127] - Time cost: 4.744s | fit & process data Done
[95636:MainThread](2026-07-29 17:02:34,796) INFO - qlib.timer - [log.py:127] - Time cost: 30.849s | Init data Done
  [CHECK] 行情覆盖: 161/168 (96%)
  特征矩阵: train (133519, 177), valid (31446, 177), test (24031, 177), NaN=0.00%
    [W2021-XGB] best_iter=998, valid RankIC=0.0789 → OK
    [W2021-LGB] best_iter=241, valid RankIC=0.0930 → OK
    [流动性] 中位数20日均成交额=1.10亿, 一字涨停11条, 停牌13条

======================================================================
[W2022] 池:2011~2020十年双正 | train 2017-01-01~2020-12-31 | valid 2021-01-01~2021-11-30(embargo) | 信号 2021-12-01~2022-11-30
======================================================================
  股票池: 201 只
[95636:MainThread](2026-07-29 17:06:42,837) INFO - qlib.timer - [log.py:127] - Time cost: 29.205s | Loading data Done
[95636:MainThread](2026-07-29 17:06:45,219) INFO - qlib.timer - [log.py:127] - Time cost: 2.226s | RobustZScoreNorm Done
[95636:MainThread](2026-07-29 17:06:45,583) INFO - qlib.timer - [log.py:127] - Time cost: 0.364s | Fillna Done
[95636:MainThread](2026-07-29 17:06:45,832) INFO - qlib.timer - [log.py:127] - Time cost: 0.112s | DropnaLabel Done
[95636:MainThread](2026-07-29 17:06:47,641) INFO - qlib.timer - [log.py:127] - Time cost: 1.807s | CSZScoreNorm Done
[95636:MainThread](2026-07-29 17:06:47,645) INFO - qlib.timer - [log.py:127] - Time cost: 4.805s | fit & process data Done
[95636:MainThread](2026-07-29 17:06:47,646) INFO - qlib.timer - [log.py:127] - Time cost: 34.014s | Init data Done
  [CHECK] 行情覆盖: 177/201 (88%)
  特征矩阵: train (152706, 177), valid (25603, 177), test (28748, 177), NaN=0.00%
    [XGB-fallback] {'learning_rate': 0.02, 'max_depth': 6, 'reg_lambda': 20.0} → best_iter=711, RankIC=0.0495
    [W2022-XGB] best_iter=711, valid RankIC=0.0495 → OK
    [W2022-LGB] best_iter=977, valid RankIC=0.0482 → OK
    [流动性] 中位数20日均成交额=1.15亿, 一字涨停9条, 停牌16条

======================================================================
[W2023] 池:2012~2021十年双正 | train 2018-01-01~2021-12-31 | valid 2022-01-01~2022-11-30(embargo) | 信号 2022-12-01~2023-11-30
======================================================================
  股票池: 226 只
[95636:MainThread](2026-07-29 17:16:47,941) INFO - qlib.timer - [log.py:127] - Time cost: 81.535s | Loading data Done
[95636:MainThread](2026-07-29 17:16:54,898) INFO - qlib.timer - [log.py:127] - Time cost: 6.769s | RobustZScoreNorm Done
[95636:MainThread](2026-07-29 17:16:56,368) INFO - qlib.timer - [log.py:127] - Time cost: 1.469s | Fillna Done
[95636:MainThread](2026-07-29 17:16:57,103) INFO - qlib.timer - [log.py:127] - Time cost: 0.355s | DropnaLabel Done
[95636:MainThread](2026-07-29 17:17:05,303) INFO - qlib.timer - [log.py:127] - Time cost: 8.196s | CSZScoreNorm Done
[95636:MainThread](2026-07-29 17:17:05,323) INFO - qlib.timer - [log.py:127] - Time cost: 17.381s | fit & process data Done
[95636:MainThread](2026-07-29 17:17:05,324) INFO - qlib.timer - [log.py:127] - Time cost: 98.921s | Init data Done
  [CHECK] 行情覆盖: 208/226 (92%)
  特征矩阵: train (174330, 177), valid (37637, 177), test (42177, 177), NaN=0.00%
    [W2023-XGB] best_iter=617, valid RankIC=0.0537 → OK
    [LGB-fallback] {'learning_rate': 0.01, 'max_depth': 6, 'num_leaves': 48} → best_iter=10, RankIC=0.0644
    [LGB-fallback] {'learning_rate': 0.005, 'max_depth': 5, 'num_leaves': 32} → best_iter=12, RankIC=0.0652
    [W2023-LGB] best_iter=12, valid RankIC=0.0652 → best_iter=12<30 收敛轮数偏少
    [流动性] 中位数20日均成交额=0.96亿, 一字涨停11条, 停牌34条

======================================================================
[W2024] 池:2013~2022十年双正 | train 2019-01-01~2022-12-31 | valid 2023-01-01~2023-11-30(embargo) | 信号 2023-12-01~2024-11-30
======================================================================
  股票池: 228 只
[95636:MainThread](2026-07-29 17:21:48,279) INFO - qlib.timer - [log.py:127] - Time cost: 44.755s | Loading data Done
[95636:MainThread](2026-07-29 17:21:51,995) INFO - qlib.timer - [log.py:127] - Time cost: 3.532s | RobustZScoreNorm Done
[95636:MainThread](2026-07-29 17:21:52,582) INFO - qlib.timer - [log.py:127] - Time cost: 0.586s | Fillna Done
[95636:MainThread](2026-07-29 17:21:52,973) INFO - qlib.timer - [log.py:127] - Time cost: 0.145s | DropnaLabel Done
[95636:MainThread](2026-07-29 17:21:55,849) INFO - qlib.timer - [log.py:127] - Time cost: 2.875s | CSZScoreNorm Done
[95636:MainThread](2026-07-29 17:21:55,854) INFO - qlib.timer - [log.py:127] - Time cost: 7.573s | fit & process data Done
[95636:MainThread](2026-07-29 17:21:55,854) INFO - qlib.timer - [log.py:127] - Time cost: 52.333s | Init data Done
  [CHECK] 行情覆盖: 215/228 (94%)
  特征矩阵: train (189069, 177), valid (45089, 177), test (49646, 177), NaN=0.00%
    [W2024-XGB] best_iter=996, valid RankIC=0.0597 → OK
    [W2024-LGB] best_iter=530, valid RankIC=0.0876 → OK
    [流动性] 中位数20日均成交额=0.99亿, 一字涨停24条, 停牌15条

======================================================================
[W2025] 池:2014~2023十年双正 | train 2020-01-01~2023-12-31 | valid 2024-01-01~2024-11-30(embargo) | 信号 2024-12-01~2025-11-30
======================================================================
  股票池: 274 只
[95636:MainThread](2026-07-29 17:30:29,508) INFO - qlib.timer - [log.py:127] - Time cost: 43.445s | Loading data Done
[95636:MainThread](2026-07-29 17:30:33,816) INFO - qlib.timer - [log.py:127] - Time cost: 3.951s | RobustZScoreNorm Done
[95636:MainThread](2026-07-29 17:30:34,389) INFO - qlib.timer - [log.py:127] - Time cost: 0.571s | Fillna Done
[95636:MainThread](2026-07-29 17:30:35,159) INFO - qlib.timer - [log.py:127] - Time cost: 0.343s | DropnaLabel Done
[95636:MainThread](2026-07-29 17:30:37,725) INFO - qlib.timer - [log.py:127] - Time cost: 2.565s | CSZScoreNorm Done
[95636:MainThread](2026-07-29 17:30:37,733) INFO - qlib.timer - [log.py:127] - Time cost: 8.223s | fit & process data Done
[95636:MainThread](2026-07-29 17:30:37,734) INFO - qlib.timer - [log.py:127] - Time cost: 51.672s | Init data Done
  [CHECK] 行情覆盖: 274/274 (100%)
  特征矩阵: train (247309, 177), valid (60269, 177), test (66308, 177), NaN=0.00%
    [W2025-XGB] best_iter=260, valid RankIC=0.0945 → OK
    [W2025-LGB] best_iter=142, valid RankIC=0.0708 → OK
    [流动性] 中位数20日均成交额=1.61亿, 一字涨停50条, 停牌64条

======================================================================
[W2026] 池:2015~2024十年双正 | train 2021-01-01~2024-12-31 | valid 2025-01-01~2025-11-30(embargo) | 信号 2025-12-01~2026-06-30
======================================================================
  股票池: 303 只
[95636:MainThread](2026-07-29 17:36:41,029) INFO - qlib.timer - [log.py:127] - Time cost: 126.162s | Loading data Done
[95636:MainThread](2026-07-29 17:36:54,242) INFO - qlib.timer - [log.py:127] - Time cost: 11.844s | RobustZScoreNorm Done
[95636:MainThread](2026-07-29 17:36:56,736) INFO - qlib.timer - [log.py:127] - Time cost: 2.491s | Fillna Done
[95636:MainThread](2026-07-29 17:36:58,425) INFO - qlib.timer - [log.py:127] - Time cost: 0.455s | DropnaLabel Done
[95636:MainThread](2026-07-29 17:37:07,252) INFO - qlib.timer - [log.py:127] - Time cost: 8.822s | CSZScoreNorm Done
[95636:MainThread](2026-07-29 17:37:07,311) INFO - qlib.timer - [log.py:127] - Time cost: 26.281s | fit & process data Done
[95636:MainThread](2026-07-29 17:37:07,314) INFO - qlib.timer - [log.py:127] - Time cost: 152.466s | Init data Done
  [CHECK] 行情覆盖: 302/303 (100%)
  特征矩阵: train (281484, 177), valid (66429, 177), test (42117, 177), NaN=0.00%
    [W2026-XGB] best_iter=999, valid RankIC=0.1179 → OK
    [W2026-LGB] best_iter=158, valid RankIC=0.1010 → OK
    [流动性] 中位数20日均成交额=1.42亿, 一字涨停16条, 停牌29条
[CHECK] 沪深300基准(csi300_cache): 2019-01-02 ~ 2026-07-28 (1835天)

================================================================================================
  一、分年收益 (2020~2026H1, 月频, T+1, 往返成本0.4%)
================================================================================================
策略                       2020     2021     2022     2023     2024     2025     2026
XGB Top10             44.8%    22.2%    19.8%     2.5%    42.8%    35.2%    -3.3%
LGB Top10             41.3%     8.1%    30.7%     5.5%    47.4%    21.3%    -4.1%
集成ENS Top10           42.1%    21.6%    25.8%     8.8%    52.2%    39.5%    -3.7%
value_comp Top20       7.9%    21.6%    10.0%    37.1%    38.6%    24.0%    -0.5%
value_comp Top10      11.0%    22.2%    12.4%    26.0%    43.8%    26.3%    -5.0%
十年双正池等权               21.7%    13.4%    -8.9%     5.9%    11.1%    17.6%    -7.6%
沪深300基准               27.2%    -5.2%   -21.6%   -11.4%    14.7%    17.7%    -1.3%

================================================================================================
  二、整体指标 (图1口径; 年化(剔2020)用于对齐 value_comp 冻结基线)
================================================================================================
              策略     年化收益  年化(剔20)     年化波动 Sharpe     最大回撤 Calmar     IC RankIC      换手率  交易次数
       XGB Top10   24.00%   20.54%   27.54%   0.87  -42.93%   0.56 0.0625 0.0703   69.88%   543
       LGB Top10   21.81%   18.55%   26.69%   0.82  -35.36%   0.62 0.0696 0.0816   69.69%   542
     集成ENS Top10   27.41%   24.88%   26.35%   1.04  -33.95%   0.81 0.0558 0.0781   68.48%   531
value_comp Top20   20.57%   23.00%   20.47%   1.00  -19.34%   1.06 0.0582 0.0780   16.50%   226
value_comp Top10   20.20%   21.93%   22.45%   0.90  -21.24%   0.95 0.0582 0.0780   18.41%   130
         十年双正池等权    7.58%    5.19%   20.78%   0.36  -27.10%   0.28   n/a    n/a     9.14%   663
         沪深300基准    1.69%   -2.35%   18.74%   0.09  -45.60%   0.04   n/a    n/a     0.00%     0

================================================================================================
  三、模型 vs value_comp 对照 (回答'模型是否真能打过 value comp top20')
================================================================================================
  · 全期(含2020)  : ENS年化 27.41%  vs  value_comp20 20.57%
  · 对齐(剔2020)  : ENS年化 24.88%  vs  value_comp20 23.00%   ← 与冻结基线(25.75%)同口径
  · 风险调整      : ENS Sharpe 1.04/Calmar 0.81  vs  value_comp20 Sharpe 1.00/Calmar 1.06
  · ENS 是 Top10(集中度2倍于Top20); OOS RankIC ENS=0.0781 value=0.0780

[+] 结果已保存: rolling10y_summary.csv / _yearly.csv / _ic.csv / _train_diag.csv / _holdings.csv / _nav.csv
